// Jest Snapshot v1, https://goo.gl/fbAQLP

exports[`renders without crashing 1`] = `
ShallowWrapper {
  "length": 1,
  Symbol(enzyme.__root__): [Circular],
  Symbol(enzyme.__unrendered__): <Home />,
  Symbol(enzyme.__renderer__): Object {
    "batchedUpdates": [Function],
    "getNode": [Function],
    "render": [Function],
    "simulateEvent": [Function],
    "unmount": [Function],
  },
  Symbol(enzyme.__node__): Object {
    "instance": null,
    "key": undefined,
    "nodeType": "host",
    "props": Object {
      "children": Array [
        <HelmetWrapper
          defer={true}
          encodeSpecialCharacters={true}
          title="Home"
        />,
        <Home__Wrapper>
          <header>
            <h1>
              Welcome to React
            </h1>
            <Home__Title>
              Basic Project
            </Home__Title>
          </header>
          <ul>
            <li>
              <Link
                replace={false}
                title="home"
                to="/"
              >
                home
              </Link>
            </li>
            <li>
              <Link
                replace={false}
                title="redirect"
                to="/redirectToHome"
              >
                redirect
              </Link>
            </li>
            <li>
              <Link
                replace={false}
                title="pageNotFound"
                to="*"
              >
                pageNotFound
              </Link>
            </li>
          </ul>
        </Home__Wrapper>,
      ],
      "data-test": undefined,
    },
    "ref": null,
    "rendered": Array [
      Object {
        "instance": null,
        "key": undefined,
        "nodeType": "class",
        "props": Object {
          "defer": true,
          "encodeSpecialCharacters": true,
          "title": "Home",
        },
        "ref": null,
        "rendered": null,
        "type": [Function],
      },
      Object {
        "instance": null,
        "key": undefined,
        "nodeType": "class",
        "props": Object {
          "children": Array [
            <header>
              <h1>
                Welcome to React
              </h1>
              <Home__Title>
                Basic Project
              </Home__Title>
            </header>,
            <ul>
              <li>
                <Link
                  replace={false}
                  title="home"
                  to="/"
                >
                  home
                </Link>
              </li>
              <li>
                <Link
                  replace={false}
                  title="redirect"
                  to="/redirectToHome"
                >
                  redirect
                </Link>
              </li>
              <li>
                <Link
                  replace={false}
                  title="pageNotFound"
                  to="*"
                >
                  pageNotFound
                </Link>
              </li>
            </ul>,
          ],
        },
        "ref": null,
        "rendered": Array [
          Object {
            "instance": null,
            "key": undefined,
            "nodeType": "host",
            "props": Object {
              "children": Array [
                <h1>
                  Welcome to React
                </h1>,
                <Home__Title>
                  Basic Project
                </Home__Title>,
              ],
            },
            "ref": null,
            "rendered": Array [
              Object {
                "instance": null,
                "key": undefined,
                "nodeType": "host",
                "props": Object {
                  "children": "Welcome to React",
                },
                "ref": null,
                "rendered": "Welcome to React",
                "type": "h1",
              },
              Object {
                "instance": null,
                "key": undefined,
                "nodeType": "class",
                "props": Object {
                  "children": "Basic Project",
                },
                "ref": null,
                "rendered": "Basic Project",
                "type": [Function],
              },
            ],
            "type": "header",
          },
          Object {
            "instance": null,
            "key": undefined,
            "nodeType": "host",
            "props": Object {
              "children": Array [
                <li>
                  <Link
                    replace={false}
                    title="home"
                    to="/"
                  >
                    home
                  </Link>
                </li>,
                <li>
                  <Link
                    replace={false}
                    title="redirect"
                    to="/redirectToHome"
                  >
                    redirect
                  </Link>
                </li>,
                <li>
                  <Link
                    replace={false}
                    title="pageNotFound"
                    to="*"
                  >
                    pageNotFound
                  </Link>
                </li>,
              ],
            },
            "ref": null,
            "rendered": Array [
              Object {
                "instance": null,
                "key": "0",
                "nodeType": "host",
                "props": Object {
                  "children": <Link
                    replace={false}
                    title="home"
                    to="/"
                  >
                    home
                  </Link>,
                },
                "ref": null,
                "rendered": Object {
                  "instance": null,
                  "key": undefined,
                  "nodeType": "class",
                  "props": Object {
                    "children": "home",
                    "replace": false,
                    "title": "home",
                    "to": "/",
                  },
                  "ref": null,
                  "rendered": "home",
                  "type": [Function],
                },
                "type": "li",
              },
              Object {
                "instance": null,
                "key": "1",
                "nodeType": "host",
                "props": Object {
                  "children": <Link
                    replace={false}
                    title="redirect"
                    to="/redirectToHome"
                  >
                    redirect
                  </Link>,
                },
                "ref": null,
                "rendered": Object {
                  "instance": null,
                  "key": undefined,
                  "nodeType": "class",
                  "props": Object {
                    "children": "redirect",
                    "replace": false,
                    "title": "redirect",
                    "to": "/redirectToHome",
                  },
                  "ref": null,
                  "rendered": "redirect",
                  "type": [Function],
                },
                "type": "li",
              },
              Object {
                "instance": null,
                "key": "2",
                "nodeType": "host",
                "props": Object {
                  "children": <Link
                    replace={false}
                    title="pageNotFound"
                    to="*"
                  >
                    pageNotFound
                  </Link>,
                },
                "ref": null,
                "rendered": Object {
                  "instance": null,
                  "key": undefined,
                  "nodeType": "class",
                  "props": Object {
                    "children": "pageNotFound",
                    "replace": false,
                    "title": "pageNotFound",
                    "to": "*",
                  },
                  "ref": null,
                  "rendered": "pageNotFound",
                  "type": [Function],
                },
                "type": "li",
              },
            ],
            "type": "ul",
          },
        ],
        "type": [Function],
      },
    ],
    "type": "div",
  },
  Symbol(enzyme.__nodes__): Array [
    Object {
      "instance": null,
      "key": undefined,
      "nodeType": "host",
      "props": Object {
        "children": Array [
          <HelmetWrapper
            defer={true}
            encodeSpecialCharacters={true}
            title="Home"
          />,
          <Home__Wrapper>
            <header>
              <h1>
                Welcome to React
              </h1>
              <Home__Title>
                Basic Project
              </Home__Title>
            </header>
            <ul>
              <li>
                <Link
                  replace={false}
                  title="home"
                  to="/"
                >
                  home
                </Link>
              </li>
              <li>
                <Link
                  replace={false}
                  title="redirect"
                  to="/redirectToHome"
                >
                  redirect
                </Link>
              </li>
              <li>
                <Link
                  replace={false}
                  title="pageNotFound"
                  to="*"
                >
                  pageNotFound
                </Link>
              </li>
            </ul>
          </Home__Wrapper>,
        ],
        "data-test": undefined,
      },
      "ref": null,
      "rendered": Array [
        Object {
          "instance": null,
          "key": undefined,
          "nodeType": "class",
          "props": Object {
            "defer": true,
            "encodeSpecialCharacters": true,
            "title": "Home",
          },
          "ref": null,
          "rendered": null,
          "type": [Function],
        },
        Object {
          "instance": null,
          "key": undefined,
          "nodeType": "class",
          "props": Object {
            "children": Array [
              <header>
                <h1>
                  Welcome to React
                </h1>
                <Home__Title>
                  Basic Project
                </Home__Title>
              </header>,
              <ul>
                <li>
                  <Link
                    replace={false}
                    title="home"
                    to="/"
                  >
                    home
                  </Link>
                </li>
                <li>
                  <Link
                    replace={false}
                    title="redirect"
                    to="/redirectToHome"
                  >
                    redirect
                  </Link>
                </li>
                <li>
                  <Link
                    replace={false}
                    title="pageNotFound"
                    to="*"
                  >
                    pageNotFound
                  </Link>
                </li>
              </ul>,
            ],
          },
          "ref": null,
          "rendered": Array [
            Object {
              "instance": null,
              "key": undefined,
              "nodeType": "host",
              "props": Object {
                "children": Array [
                  <h1>
                    Welcome to React
                  </h1>,
                  <Home__Title>
                    Basic Project
                  </Home__Title>,
                ],
              },
              "ref": null,
              "rendered": Array [
                Object {
                  "instance": null,
                  "key": undefined,
                  "nodeType": "host",
                  "props": Object {
                    "children": "Welcome to React",
                  },
                  "ref": null,
                  "rendered": "Welcome to React",
                  "type": "h1",
                },
                Object {
                  "instance": null,
                  "key": undefined,
                  "nodeType": "class",
                  "props": Object {
                    "children": "Basic Project",
                  },
                  "ref": null,
                  "rendered": "Basic Project",
                  "type": [Function],
                },
              ],
              "type": "header",
            },
            Object {
              "instance": null,
              "key": undefined,
              "nodeType": "host",
              "props": Object {
                "children": Array [
                  <li>
                    <Link
                      replace={false}
                      title="home"
                      to="/"
                    >
                      home
                    </Link>
                  </li>,
                  <li>
                    <Link
                      replace={false}
                      title="redirect"
                      to="/redirectToHome"
                    >
                      redirect
                    </Link>
                  </li>,
                  <li>
                    <Link
                      replace={false}
                      title="pageNotFound"
                      to="*"
                    >
                      pageNotFound
                    </Link>
                  </li>,
                ],
              },
              "ref": null,
              "rendered": Array [
                Object {
                  "instance": null,
                  "key": "0",
                  "nodeType": "host",
                  "props": Object {
                    "children": <Link
                      replace={false}
                      title="home"
                      to="/"
                    >
                      home
                    </Link>,
                  },
                  "ref": null,
                  "rendered": Object {
                    "instance": null,
                    "key": undefined,
                    "nodeType": "class",
                    "props": Object {
                      "children": "home",
                      "replace": false,
                      "title": "home",
                      "to": "/",
                    },
                    "ref": null,
                    "rendered": "home",
                    "type": [Function],
                  },
                  "type": "li",
                },
                Object {
                  "instance": null,
                  "key": "1",
                  "nodeType": "host",
                  "props": Object {
                    "children": <Link
                      replace={false}
                      title="redirect"
                      to="/redirectToHome"
                    >
                      redirect
                    </Link>,
                  },
                  "ref": null,
                  "rendered": Object {
                    "instance": null,
                    "key": undefined,
                    "nodeType": "class",
                    "props": Object {
                      "children": "redirect",
                      "replace": false,
                      "title": "redirect",
                      "to": "/redirectToHome",
                    },
                    "ref": null,
                    "rendered": "redirect",
                    "type": [Function],
                  },
                  "type": "li",
                },
                Object {
                  "instance": null,
                  "key": "2",
                  "nodeType": "host",
                  "props": Object {
                    "children": <Link
                      replace={false}
                      title="pageNotFound"
                      to="*"
                    >
                      pageNotFound
                    </Link>,
                  },
                  "ref": null,
                  "rendered": Object {
                    "instance": null,
                    "key": undefined,
                    "nodeType": "class",
                    "props": Object {
                      "children": "pageNotFound",
                      "replace": false,
                      "title": "pageNotFound",
                      "to": "*",
                    },
                    "ref": null,
                    "rendered": "pageNotFound",
                    "type": [Function],
                  },
                  "type": "li",
                },
              ],
              "type": "ul",
            },
          ],
          "type": [Function],
        },
      ],
      "type": "div",
    },
  ],
  Symbol(enzyme.__options__): Object {
    "adapter": ReactSixteenAdapter {
      "options": Object {
        "enableComponentDidUpdateOnSetState": true,
      },
    },
  },
}
`;
