// Jest Snapshot v1, https://goo.gl/fbAQLP

exports[`renders without crashing 1`] = `
ShallowWrapper {
  "length": 1,
  Symbol(enzyme.__root__): [Circular],
  Symbol(enzyme.__unrendered__): <OwnGrowth />,
  Symbol(enzyme.__renderer__): Object {
    "batchedUpdates": [Function],
    "getNode": [Function],
    "render": [Function],
    "simulateEvent": [Function],
    "unmount": [Function],
  },
  Symbol(enzyme.__node__): Object {
    "instance": null,
    "key": undefined,
    "nodeType": "host",
    "props": Object {
      "children": Array [
        <HelmetWrapper
          defer={true}
          encodeSpecialCharacters={true}
          title="ownGrowth"
        />,
        <Grid
          page="jungleCulture"
        >
          <header>
            <PageTitle
              image="./images/2.1formula.jpg"
              introText="Uitleg ..."
              introTitle="Eigen groei"
              mediaCaption="Office mood van Project Managers Jacinta & Jessica"
              pageTitle="2.3 Ontwikkeling"
              quote={
                Object {
                  "image": "./images/team_design.jpg",
                  "metadata": "naam functie",
                  "text": "Iedereen werkt hier omdat ‘ie daar goed in is. Laat niets je ervan weerhouden om je mond open te trekken als je dat nodig vindt. Zeker niet je functietitel. Alles wat de moeite waard is, is gemaakt omdat iemand het de moeite waard vond. En dus houden we van mensen die hun nek durven uit te steken.",
                }
              }
              textMedia={
                Array [
                  Object {
                    "text": "
        Elke maandag zijn er Tribe-bijeenkomsten, met ruimte voor persoonlijke ontwikkeling en verdieping van je expertise. En elke zes weken komen de vertegenwoordigers van elke Tribe dan weer bijeen om de inhoudelijke ontwikkeling van ons bureau te stroomlijnen.",
                    "title": "Tribe bijeenkomsten",
                  },
                  Object {
                    "text": "
        We hebben een royaal bedrag gereserveerd om onszelf wijzer te maken dan we al zijn. Wil je een van je vaardigheden aanscherpen? Is er een training die je hart sneller doet kloppen? Een dagje aan de lippen hangen van een obscure held uit je vakgebied? Doen! Informeer wel eerst even naar je planning en het beschikbare budget.
      ",
                    "title": "Opleidingen, cursussen, trainingen",
                  },
                ]
              }
            />
            <Intro
              image="./images/2.1formula.jpg"
              introText="Uitleg ..."
              introTitle="Eigen groei"
              mediaCaption="Office mood van Project Managers Jacinta & Jessica"
              pageTitle="2.3 Ontwikkeling"
              quote={
                Object {
                  "image": "./images/team_design.jpg",
                  "metadata": "naam functie",
                  "text": "Iedereen werkt hier omdat ‘ie daar goed in is. Laat niets je ervan weerhouden om je mond open te trekken als je dat nodig vindt. Zeker niet je functietitel. Alles wat de moeite waard is, is gemaakt omdat iemand het de moeite waard vond. En dus houden we van mensen die hun nek durven uit te steken.",
                }
              }
              textMedia={
                Array [
                  Object {
                    "text": "
        Elke maandag zijn er Tribe-bijeenkomsten, met ruimte voor persoonlijke ontwikkeling en verdieping van je expertise. En elke zes weken komen de vertegenwoordigers van elke Tribe dan weer bijeen om de inhoudelijke ontwikkeling van ons bureau te stroomlijnen.",
                    "title": "Tribe bijeenkomsten",
                  },
                  Object {
                    "text": "
        We hebben een royaal bedrag gereserveerd om onszelf wijzer te maken dan we al zijn. Wil je een van je vaardigheden aanscherpen? Is er een training die je hart sneller doet kloppen? Een dagje aan de lippen hangen van een obscure held uit je vakgebied? Doen! Informeer wel eerst even naar je planning en het beschikbare budget.
      ",
                    "title": "Opleidingen, cursussen, trainingen",
                  },
                ]
              }
            />
          </header>
          <TextAndImage
            image="./images/2.1formula.jpg"
            introText="Uitleg ..."
            introTitle="Eigen groei"
            mediaCaption="Office mood van Project Managers Jacinta & Jessica"
            pageTitle="2.3 Ontwikkeling"
            quote={
              Object {
                "image": "./images/team_design.jpg",
                "metadata": "naam functie",
                "text": "Iedereen werkt hier omdat ‘ie daar goed in is. Laat niets je ervan weerhouden om je mond open te trekken als je dat nodig vindt. Zeker niet je functietitel. Alles wat de moeite waard is, is gemaakt omdat iemand het de moeite waard vond. En dus houden we van mensen die hun nek durven uit te steken.",
              }
            }
            textMedia={
              Array [
                Object {
                  "text": "
        Elke maandag zijn er Tribe-bijeenkomsten, met ruimte voor persoonlijke ontwikkeling en verdieping van je expertise. En elke zes weken komen de vertegenwoordigers van elke Tribe dan weer bijeen om de inhoudelijke ontwikkeling van ons bureau te stroomlijnen.",
                  "title": "Tribe bijeenkomsten",
                },
                Object {
                  "text": "
        We hebben een royaal bedrag gereserveerd om onszelf wijzer te maken dan we al zijn. Wil je een van je vaardigheden aanscherpen? Is er een training die je hart sneller doet kloppen? Een dagje aan de lippen hangen van een obscure held uit je vakgebied? Doen! Informeer wel eerst even naar je planning en het beschikbare budget.
      ",
                  "title": "Opleidingen, cursussen, trainingen",
                },
              ]
            }
          />
          <Quote
            image="./images/team_design.jpg"
            metadata="naam functie"
            text="Iedereen werkt hier omdat ‘ie daar goed in is. Laat niets je ervan weerhouden om je mond open te trekken als je dat nodig vindt. Zeker niet je functietitel. Alles wat de moeite waard is, is gemaakt omdat iemand het de moeite waard vond. En dus houden we van mensen die hun nek durven uit te steken."
          />
        </Grid>,
      ],
      "className": "ownGrowth",
      "data-test": undefined,
    },
    "ref": null,
    "rendered": Array [
      Object {
        "instance": null,
        "key": undefined,
        "nodeType": "class",
        "props": Object {
          "defer": true,
          "encodeSpecialCharacters": true,
          "title": "ownGrowth",
        },
        "ref": null,
        "rendered": null,
        "type": [Function],
      },
      Object {
        "instance": null,
        "key": undefined,
        "nodeType": "function",
        "props": Object {
          "children": Array [
            <header>
              <PageTitle
                image="./images/2.1formula.jpg"
                introText="Uitleg ..."
                introTitle="Eigen groei"
                mediaCaption="Office mood van Project Managers Jacinta & Jessica"
                pageTitle="2.3 Ontwikkeling"
                quote={
                  Object {
                    "image": "./images/team_design.jpg",
                    "metadata": "naam functie",
                    "text": "Iedereen werkt hier omdat ‘ie daar goed in is. Laat niets je ervan weerhouden om je mond open te trekken als je dat nodig vindt. Zeker niet je functietitel. Alles wat de moeite waard is, is gemaakt omdat iemand het de moeite waard vond. En dus houden we van mensen die hun nek durven uit te steken.",
                  }
                }
                textMedia={
                  Array [
                    Object {
                      "text": "
        Elke maandag zijn er Tribe-bijeenkomsten, met ruimte voor persoonlijke ontwikkeling en verdieping van je expertise. En elke zes weken komen de vertegenwoordigers van elke Tribe dan weer bijeen om de inhoudelijke ontwikkeling van ons bureau te stroomlijnen.",
                      "title": "Tribe bijeenkomsten",
                    },
                    Object {
                      "text": "
        We hebben een royaal bedrag gereserveerd om onszelf wijzer te maken dan we al zijn. Wil je een van je vaardigheden aanscherpen? Is er een training die je hart sneller doet kloppen? Een dagje aan de lippen hangen van een obscure held uit je vakgebied? Doen! Informeer wel eerst even naar je planning en het beschikbare budget.
      ",
                      "title": "Opleidingen, cursussen, trainingen",
                    },
                  ]
                }
              />
              <Intro
                image="./images/2.1formula.jpg"
                introText="Uitleg ..."
                introTitle="Eigen groei"
                mediaCaption="Office mood van Project Managers Jacinta & Jessica"
                pageTitle="2.3 Ontwikkeling"
                quote={
                  Object {
                    "image": "./images/team_design.jpg",
                    "metadata": "naam functie",
                    "text": "Iedereen werkt hier omdat ‘ie daar goed in is. Laat niets je ervan weerhouden om je mond open te trekken als je dat nodig vindt. Zeker niet je functietitel. Alles wat de moeite waard is, is gemaakt omdat iemand het de moeite waard vond. En dus houden we van mensen die hun nek durven uit te steken.",
                  }
                }
                textMedia={
                  Array [
                    Object {
                      "text": "
        Elke maandag zijn er Tribe-bijeenkomsten, met ruimte voor persoonlijke ontwikkeling en verdieping van je expertise. En elke zes weken komen de vertegenwoordigers van elke Tribe dan weer bijeen om de inhoudelijke ontwikkeling van ons bureau te stroomlijnen.",
                      "title": "Tribe bijeenkomsten",
                    },
                    Object {
                      "text": "
        We hebben een royaal bedrag gereserveerd om onszelf wijzer te maken dan we al zijn. Wil je een van je vaardigheden aanscherpen? Is er een training die je hart sneller doet kloppen? Een dagje aan de lippen hangen van een obscure held uit je vakgebied? Doen! Informeer wel eerst even naar je planning en het beschikbare budget.
      ",
                      "title": "Opleidingen, cursussen, trainingen",
                    },
                  ]
                }
              />
            </header>,
            <TextAndImage
              image="./images/2.1formula.jpg"
              introText="Uitleg ..."
              introTitle="Eigen groei"
              mediaCaption="Office mood van Project Managers Jacinta & Jessica"
              pageTitle="2.3 Ontwikkeling"
              quote={
                Object {
                  "image": "./images/team_design.jpg",
                  "metadata": "naam functie",
                  "text": "Iedereen werkt hier omdat ‘ie daar goed in is. Laat niets je ervan weerhouden om je mond open te trekken als je dat nodig vindt. Zeker niet je functietitel. Alles wat de moeite waard is, is gemaakt omdat iemand het de moeite waard vond. En dus houden we van mensen die hun nek durven uit te steken.",
                }
              }
              textMedia={
                Array [
                  Object {
                    "text": "
        Elke maandag zijn er Tribe-bijeenkomsten, met ruimte voor persoonlijke ontwikkeling en verdieping van je expertise. En elke zes weken komen de vertegenwoordigers van elke Tribe dan weer bijeen om de inhoudelijke ontwikkeling van ons bureau te stroomlijnen.",
                    "title": "Tribe bijeenkomsten",
                  },
                  Object {
                    "text": "
        We hebben een royaal bedrag gereserveerd om onszelf wijzer te maken dan we al zijn. Wil je een van je vaardigheden aanscherpen? Is er een training die je hart sneller doet kloppen? Een dagje aan de lippen hangen van een obscure held uit je vakgebied? Doen! Informeer wel eerst even naar je planning en het beschikbare budget.
      ",
                    "title": "Opleidingen, cursussen, trainingen",
                  },
                ]
              }
            />,
            <Quote
              image="./images/team_design.jpg"
              metadata="naam functie"
              text="Iedereen werkt hier omdat ‘ie daar goed in is. Laat niets je ervan weerhouden om je mond open te trekken als je dat nodig vindt. Zeker niet je functietitel. Alles wat de moeite waard is, is gemaakt omdat iemand het de moeite waard vond. En dus houden we van mensen die hun nek durven uit te steken."
            />,
          ],
          "page": "jungleCulture",
        },
        "ref": null,
        "rendered": Array [
          Object {
            "instance": null,
            "key": undefined,
            "nodeType": "host",
            "props": Object {
              "children": Array [
                <PageTitle
                  image="./images/2.1formula.jpg"
                  introText="Uitleg ..."
                  introTitle="Eigen groei"
                  mediaCaption="Office mood van Project Managers Jacinta & Jessica"
                  pageTitle="2.3 Ontwikkeling"
                  quote={
                    Object {
                      "image": "./images/team_design.jpg",
                      "metadata": "naam functie",
                      "text": "Iedereen werkt hier omdat ‘ie daar goed in is. Laat niets je ervan weerhouden om je mond open te trekken als je dat nodig vindt. Zeker niet je functietitel. Alles wat de moeite waard is, is gemaakt omdat iemand het de moeite waard vond. En dus houden we van mensen die hun nek durven uit te steken.",
                    }
                  }
                  textMedia={
                    Array [
                      Object {
                        "text": "
        Elke maandag zijn er Tribe-bijeenkomsten, met ruimte voor persoonlijke ontwikkeling en verdieping van je expertise. En elke zes weken komen de vertegenwoordigers van elke Tribe dan weer bijeen om de inhoudelijke ontwikkeling van ons bureau te stroomlijnen.",
                        "title": "Tribe bijeenkomsten",
                      },
                      Object {
                        "text": "
        We hebben een royaal bedrag gereserveerd om onszelf wijzer te maken dan we al zijn. Wil je een van je vaardigheden aanscherpen? Is er een training die je hart sneller doet kloppen? Een dagje aan de lippen hangen van een obscure held uit je vakgebied? Doen! Informeer wel eerst even naar je planning en het beschikbare budget.
      ",
                        "title": "Opleidingen, cursussen, trainingen",
                      },
                    ]
                  }
                />,
                <Intro
                  image="./images/2.1formula.jpg"
                  introText="Uitleg ..."
                  introTitle="Eigen groei"
                  mediaCaption="Office mood van Project Managers Jacinta & Jessica"
                  pageTitle="2.3 Ontwikkeling"
                  quote={
                    Object {
                      "image": "./images/team_design.jpg",
                      "metadata": "naam functie",
                      "text": "Iedereen werkt hier omdat ‘ie daar goed in is. Laat niets je ervan weerhouden om je mond open te trekken als je dat nodig vindt. Zeker niet je functietitel. Alles wat de moeite waard is, is gemaakt omdat iemand het de moeite waard vond. En dus houden we van mensen die hun nek durven uit te steken.",
                    }
                  }
                  textMedia={
                    Array [
                      Object {
                        "text": "
        Elke maandag zijn er Tribe-bijeenkomsten, met ruimte voor persoonlijke ontwikkeling en verdieping van je expertise. En elke zes weken komen de vertegenwoordigers van elke Tribe dan weer bijeen om de inhoudelijke ontwikkeling van ons bureau te stroomlijnen.",
                        "title": "Tribe bijeenkomsten",
                      },
                      Object {
                        "text": "
        We hebben een royaal bedrag gereserveerd om onszelf wijzer te maken dan we al zijn. Wil je een van je vaardigheden aanscherpen? Is er een training die je hart sneller doet kloppen? Een dagje aan de lippen hangen van een obscure held uit je vakgebied? Doen! Informeer wel eerst even naar je planning en het beschikbare budget.
      ",
                        "title": "Opleidingen, cursussen, trainingen",
                      },
                    ]
                  }
                />,
              ],
            },
            "ref": null,
            "rendered": Array [
              Object {
                "instance": null,
                "key": undefined,
                "nodeType": "function",
                "props": Object {
                  "image": "./images/2.1formula.jpg",
                  "introText": "Uitleg ...",
                  "introTitle": "Eigen groei",
                  "mediaCaption": "Office mood van Project Managers Jacinta & Jessica",
                  "pageTitle": "2.3 Ontwikkeling",
                  "quote": Object {
                    "image": "./images/team_design.jpg",
                    "metadata": "naam functie",
                    "text": "Iedereen werkt hier omdat ‘ie daar goed in is. Laat niets je ervan weerhouden om je mond open te trekken als je dat nodig vindt. Zeker niet je functietitel. Alles wat de moeite waard is, is gemaakt omdat iemand het de moeite waard vond. En dus houden we van mensen die hun nek durven uit te steken.",
                  },
                  "textMedia": Array [
                    Object {
                      "text": "
        Elke maandag zijn er Tribe-bijeenkomsten, met ruimte voor persoonlijke ontwikkeling en verdieping van je expertise. En elke zes weken komen de vertegenwoordigers van elke Tribe dan weer bijeen om de inhoudelijke ontwikkeling van ons bureau te stroomlijnen.",
                      "title": "Tribe bijeenkomsten",
                    },
                    Object {
                      "text": "
        We hebben een royaal bedrag gereserveerd om onszelf wijzer te maken dan we al zijn. Wil je een van je vaardigheden aanscherpen? Is er een training die je hart sneller doet kloppen? Een dagje aan de lippen hangen van een obscure held uit je vakgebied? Doen! Informeer wel eerst even naar je planning en het beschikbare budget.
      ",
                      "title": "Opleidingen, cursussen, trainingen",
                    },
                  ],
                },
                "ref": null,
                "rendered": null,
                "type": [Function],
              },
              Object {
                "instance": null,
                "key": undefined,
                "nodeType": "function",
                "props": Object {
                  "image": "./images/2.1formula.jpg",
                  "introText": "Uitleg ...",
                  "introTitle": "Eigen groei",
                  "mediaCaption": "Office mood van Project Managers Jacinta & Jessica",
                  "pageTitle": "2.3 Ontwikkeling",
                  "quote": Object {
                    "image": "./images/team_design.jpg",
                    "metadata": "naam functie",
                    "text": "Iedereen werkt hier omdat ‘ie daar goed in is. Laat niets je ervan weerhouden om je mond open te trekken als je dat nodig vindt. Zeker niet je functietitel. Alles wat de moeite waard is, is gemaakt omdat iemand het de moeite waard vond. En dus houden we van mensen die hun nek durven uit te steken.",
                  },
                  "textMedia": Array [
                    Object {
                      "text": "
        Elke maandag zijn er Tribe-bijeenkomsten, met ruimte voor persoonlijke ontwikkeling en verdieping van je expertise. En elke zes weken komen de vertegenwoordigers van elke Tribe dan weer bijeen om de inhoudelijke ontwikkeling van ons bureau te stroomlijnen.",
                      "title": "Tribe bijeenkomsten",
                    },
                    Object {
                      "text": "
        We hebben een royaal bedrag gereserveerd om onszelf wijzer te maken dan we al zijn. Wil je een van je vaardigheden aanscherpen? Is er een training die je hart sneller doet kloppen? Een dagje aan de lippen hangen van een obscure held uit je vakgebied? Doen! Informeer wel eerst even naar je planning en het beschikbare budget.
      ",
                      "title": "Opleidingen, cursussen, trainingen",
                    },
                  ],
                },
                "ref": null,
                "rendered": null,
                "type": [Function],
              },
            ],
            "type": "header",
          },
          Object {
            "instance": null,
            "key": undefined,
            "nodeType": "function",
            "props": Object {
              "image": "./images/2.1formula.jpg",
              "introText": "Uitleg ...",
              "introTitle": "Eigen groei",
              "mediaCaption": "Office mood van Project Managers Jacinta & Jessica",
              "pageTitle": "2.3 Ontwikkeling",
              "quote": Object {
                "image": "./images/team_design.jpg",
                "metadata": "naam functie",
                "text": "Iedereen werkt hier omdat ‘ie daar goed in is. Laat niets je ervan weerhouden om je mond open te trekken als je dat nodig vindt. Zeker niet je functietitel. Alles wat de moeite waard is, is gemaakt omdat iemand het de moeite waard vond. En dus houden we van mensen die hun nek durven uit te steken.",
              },
              "textMedia": Array [
                Object {
                  "text": "
        Elke maandag zijn er Tribe-bijeenkomsten, met ruimte voor persoonlijke ontwikkeling en verdieping van je expertise. En elke zes weken komen de vertegenwoordigers van elke Tribe dan weer bijeen om de inhoudelijke ontwikkeling van ons bureau te stroomlijnen.",
                  "title": "Tribe bijeenkomsten",
                },
                Object {
                  "text": "
        We hebben een royaal bedrag gereserveerd om onszelf wijzer te maken dan we al zijn. Wil je een van je vaardigheden aanscherpen? Is er een training die je hart sneller doet kloppen? Een dagje aan de lippen hangen van een obscure held uit je vakgebied? Doen! Informeer wel eerst even naar je planning en het beschikbare budget.
      ",
                  "title": "Opleidingen, cursussen, trainingen",
                },
              ],
            },
            "ref": null,
            "rendered": null,
            "type": [Function],
          },
          Object {
            "instance": null,
            "key": undefined,
            "nodeType": "function",
            "props": Object {
              "image": "./images/team_design.jpg",
              "metadata": "naam functie",
              "text": "Iedereen werkt hier omdat ‘ie daar goed in is. Laat niets je ervan weerhouden om je mond open te trekken als je dat nodig vindt. Zeker niet je functietitel. Alles wat de moeite waard is, is gemaakt omdat iemand het de moeite waard vond. En dus houden we van mensen die hun nek durven uit te steken.",
            },
            "ref": null,
            "rendered": null,
            "type": [Function],
          },
        ],
        "type": [Function],
      },
    ],
    "type": "div",
  },
  Symbol(enzyme.__nodes__): Array [
    Object {
      "instance": null,
      "key": undefined,
      "nodeType": "host",
      "props": Object {
        "children": Array [
          <HelmetWrapper
            defer={true}
            encodeSpecialCharacters={true}
            title="ownGrowth"
          />,
          <Grid
            page="jungleCulture"
          >
            <header>
              <PageTitle
                image="./images/2.1formula.jpg"
                introText="Uitleg ..."
                introTitle="Eigen groei"
                mediaCaption="Office mood van Project Managers Jacinta & Jessica"
                pageTitle="2.3 Ontwikkeling"
                quote={
                  Object {
                    "image": "./images/team_design.jpg",
                    "metadata": "naam functie",
                    "text": "Iedereen werkt hier omdat ‘ie daar goed in is. Laat niets je ervan weerhouden om je mond open te trekken als je dat nodig vindt. Zeker niet je functietitel. Alles wat de moeite waard is, is gemaakt omdat iemand het de moeite waard vond. En dus houden we van mensen die hun nek durven uit te steken.",
                  }
                }
                textMedia={
                  Array [
                    Object {
                      "text": "
        Elke maandag zijn er Tribe-bijeenkomsten, met ruimte voor persoonlijke ontwikkeling en verdieping van je expertise. En elke zes weken komen de vertegenwoordigers van elke Tribe dan weer bijeen om de inhoudelijke ontwikkeling van ons bureau te stroomlijnen.",
                      "title": "Tribe bijeenkomsten",
                    },
                    Object {
                      "text": "
        We hebben een royaal bedrag gereserveerd om onszelf wijzer te maken dan we al zijn. Wil je een van je vaardigheden aanscherpen? Is er een training die je hart sneller doet kloppen? Een dagje aan de lippen hangen van een obscure held uit je vakgebied? Doen! Informeer wel eerst even naar je planning en het beschikbare budget.
      ",
                      "title": "Opleidingen, cursussen, trainingen",
                    },
                  ]
                }
              />
              <Intro
                image="./images/2.1formula.jpg"
                introText="Uitleg ..."
                introTitle="Eigen groei"
                mediaCaption="Office mood van Project Managers Jacinta & Jessica"
                pageTitle="2.3 Ontwikkeling"
                quote={
                  Object {
                    "image": "./images/team_design.jpg",
                    "metadata": "naam functie",
                    "text": "Iedereen werkt hier omdat ‘ie daar goed in is. Laat niets je ervan weerhouden om je mond open te trekken als je dat nodig vindt. Zeker niet je functietitel. Alles wat de moeite waard is, is gemaakt omdat iemand het de moeite waard vond. En dus houden we van mensen die hun nek durven uit te steken.",
                  }
                }
                textMedia={
                  Array [
                    Object {
                      "text": "
        Elke maandag zijn er Tribe-bijeenkomsten, met ruimte voor persoonlijke ontwikkeling en verdieping van je expertise. En elke zes weken komen de vertegenwoordigers van elke Tribe dan weer bijeen om de inhoudelijke ontwikkeling van ons bureau te stroomlijnen.",
                      "title": "Tribe bijeenkomsten",
                    },
                    Object {
                      "text": "
        We hebben een royaal bedrag gereserveerd om onszelf wijzer te maken dan we al zijn. Wil je een van je vaardigheden aanscherpen? Is er een training die je hart sneller doet kloppen? Een dagje aan de lippen hangen van een obscure held uit je vakgebied? Doen! Informeer wel eerst even naar je planning en het beschikbare budget.
      ",
                      "title": "Opleidingen, cursussen, trainingen",
                    },
                  ]
                }
              />
            </header>
            <TextAndImage
              image="./images/2.1formula.jpg"
              introText="Uitleg ..."
              introTitle="Eigen groei"
              mediaCaption="Office mood van Project Managers Jacinta & Jessica"
              pageTitle="2.3 Ontwikkeling"
              quote={
                Object {
                  "image": "./images/team_design.jpg",
                  "metadata": "naam functie",
                  "text": "Iedereen werkt hier omdat ‘ie daar goed in is. Laat niets je ervan weerhouden om je mond open te trekken als je dat nodig vindt. Zeker niet je functietitel. Alles wat de moeite waard is, is gemaakt omdat iemand het de moeite waard vond. En dus houden we van mensen die hun nek durven uit te steken.",
                }
              }
              textMedia={
                Array [
                  Object {
                    "text": "
        Elke maandag zijn er Tribe-bijeenkomsten, met ruimte voor persoonlijke ontwikkeling en verdieping van je expertise. En elke zes weken komen de vertegenwoordigers van elke Tribe dan weer bijeen om de inhoudelijke ontwikkeling van ons bureau te stroomlijnen.",
                    "title": "Tribe bijeenkomsten",
                  },
                  Object {
                    "text": "
        We hebben een royaal bedrag gereserveerd om onszelf wijzer te maken dan we al zijn. Wil je een van je vaardigheden aanscherpen? Is er een training die je hart sneller doet kloppen? Een dagje aan de lippen hangen van een obscure held uit je vakgebied? Doen! Informeer wel eerst even naar je planning en het beschikbare budget.
      ",
                    "title": "Opleidingen, cursussen, trainingen",
                  },
                ]
              }
            />
            <Quote
              image="./images/team_design.jpg"
              metadata="naam functie"
              text="Iedereen werkt hier omdat ‘ie daar goed in is. Laat niets je ervan weerhouden om je mond open te trekken als je dat nodig vindt. Zeker niet je functietitel. Alles wat de moeite waard is, is gemaakt omdat iemand het de moeite waard vond. En dus houden we van mensen die hun nek durven uit te steken."
            />
          </Grid>,
        ],
        "className": "ownGrowth",
        "data-test": undefined,
      },
      "ref": null,
      "rendered": Array [
        Object {
          "instance": null,
          "key": undefined,
          "nodeType": "class",
          "props": Object {
            "defer": true,
            "encodeSpecialCharacters": true,
            "title": "ownGrowth",
          },
          "ref": null,
          "rendered": null,
          "type": [Function],
        },
        Object {
          "instance": null,
          "key": undefined,
          "nodeType": "function",
          "props": Object {
            "children": Array [
              <header>
                <PageTitle
                  image="./images/2.1formula.jpg"
                  introText="Uitleg ..."
                  introTitle="Eigen groei"
                  mediaCaption="Office mood van Project Managers Jacinta & Jessica"
                  pageTitle="2.3 Ontwikkeling"
                  quote={
                    Object {
                      "image": "./images/team_design.jpg",
                      "metadata": "naam functie",
                      "text": "Iedereen werkt hier omdat ‘ie daar goed in is. Laat niets je ervan weerhouden om je mond open te trekken als je dat nodig vindt. Zeker niet je functietitel. Alles wat de moeite waard is, is gemaakt omdat iemand het de moeite waard vond. En dus houden we van mensen die hun nek durven uit te steken.",
                    }
                  }
                  textMedia={
                    Array [
                      Object {
                        "text": "
        Elke maandag zijn er Tribe-bijeenkomsten, met ruimte voor persoonlijke ontwikkeling en verdieping van je expertise. En elke zes weken komen de vertegenwoordigers van elke Tribe dan weer bijeen om de inhoudelijke ontwikkeling van ons bureau te stroomlijnen.",
                        "title": "Tribe bijeenkomsten",
                      },
                      Object {
                        "text": "
        We hebben een royaal bedrag gereserveerd om onszelf wijzer te maken dan we al zijn. Wil je een van je vaardigheden aanscherpen? Is er een training die je hart sneller doet kloppen? Een dagje aan de lippen hangen van een obscure held uit je vakgebied? Doen! Informeer wel eerst even naar je planning en het beschikbare budget.
      ",
                        "title": "Opleidingen, cursussen, trainingen",
                      },
                    ]
                  }
                />
                <Intro
                  image="./images/2.1formula.jpg"
                  introText="Uitleg ..."
                  introTitle="Eigen groei"
                  mediaCaption="Office mood van Project Managers Jacinta & Jessica"
                  pageTitle="2.3 Ontwikkeling"
                  quote={
                    Object {
                      "image": "./images/team_design.jpg",
                      "metadata": "naam functie",
                      "text": "Iedereen werkt hier omdat ‘ie daar goed in is. Laat niets je ervan weerhouden om je mond open te trekken als je dat nodig vindt. Zeker niet je functietitel. Alles wat de moeite waard is, is gemaakt omdat iemand het de moeite waard vond. En dus houden we van mensen die hun nek durven uit te steken.",
                    }
                  }
                  textMedia={
                    Array [
                      Object {
                        "text": "
        Elke maandag zijn er Tribe-bijeenkomsten, met ruimte voor persoonlijke ontwikkeling en verdieping van je expertise. En elke zes weken komen de vertegenwoordigers van elke Tribe dan weer bijeen om de inhoudelijke ontwikkeling van ons bureau te stroomlijnen.",
                        "title": "Tribe bijeenkomsten",
                      },
                      Object {
                        "text": "
        We hebben een royaal bedrag gereserveerd om onszelf wijzer te maken dan we al zijn. Wil je een van je vaardigheden aanscherpen? Is er een training die je hart sneller doet kloppen? Een dagje aan de lippen hangen van een obscure held uit je vakgebied? Doen! Informeer wel eerst even naar je planning en het beschikbare budget.
      ",
                        "title": "Opleidingen, cursussen, trainingen",
                      },
                    ]
                  }
                />
              </header>,
              <TextAndImage
                image="./images/2.1formula.jpg"
                introText="Uitleg ..."
                introTitle="Eigen groei"
                mediaCaption="Office mood van Project Managers Jacinta & Jessica"
                pageTitle="2.3 Ontwikkeling"
                quote={
                  Object {
                    "image": "./images/team_design.jpg",
                    "metadata": "naam functie",
                    "text": "Iedereen werkt hier omdat ‘ie daar goed in is. Laat niets je ervan weerhouden om je mond open te trekken als je dat nodig vindt. Zeker niet je functietitel. Alles wat de moeite waard is, is gemaakt omdat iemand het de moeite waard vond. En dus houden we van mensen die hun nek durven uit te steken.",
                  }
                }
                textMedia={
                  Array [
                    Object {
                      "text": "
        Elke maandag zijn er Tribe-bijeenkomsten, met ruimte voor persoonlijke ontwikkeling en verdieping van je expertise. En elke zes weken komen de vertegenwoordigers van elke Tribe dan weer bijeen om de inhoudelijke ontwikkeling van ons bureau te stroomlijnen.",
                      "title": "Tribe bijeenkomsten",
                    },
                    Object {
                      "text": "
        We hebben een royaal bedrag gereserveerd om onszelf wijzer te maken dan we al zijn. Wil je een van je vaardigheden aanscherpen? Is er een training die je hart sneller doet kloppen? Een dagje aan de lippen hangen van een obscure held uit je vakgebied? Doen! Informeer wel eerst even naar je planning en het beschikbare budget.
      ",
                      "title": "Opleidingen, cursussen, trainingen",
                    },
                  ]
                }
              />,
              <Quote
                image="./images/team_design.jpg"
                metadata="naam functie"
                text="Iedereen werkt hier omdat ‘ie daar goed in is. Laat niets je ervan weerhouden om je mond open te trekken als je dat nodig vindt. Zeker niet je functietitel. Alles wat de moeite waard is, is gemaakt omdat iemand het de moeite waard vond. En dus houden we van mensen die hun nek durven uit te steken."
              />,
            ],
            "page": "jungleCulture",
          },
          "ref": null,
          "rendered": Array [
            Object {
              "instance": null,
              "key": undefined,
              "nodeType": "host",
              "props": Object {
                "children": Array [
                  <PageTitle
                    image="./images/2.1formula.jpg"
                    introText="Uitleg ..."
                    introTitle="Eigen groei"
                    mediaCaption="Office mood van Project Managers Jacinta & Jessica"
                    pageTitle="2.3 Ontwikkeling"
                    quote={
                      Object {
                        "image": "./images/team_design.jpg",
                        "metadata": "naam functie",
                        "text": "Iedereen werkt hier omdat ‘ie daar goed in is. Laat niets je ervan weerhouden om je mond open te trekken als je dat nodig vindt. Zeker niet je functietitel. Alles wat de moeite waard is, is gemaakt omdat iemand het de moeite waard vond. En dus houden we van mensen die hun nek durven uit te steken.",
                      }
                    }
                    textMedia={
                      Array [
                        Object {
                          "text": "
        Elke maandag zijn er Tribe-bijeenkomsten, met ruimte voor persoonlijke ontwikkeling en verdieping van je expertise. En elke zes weken komen de vertegenwoordigers van elke Tribe dan weer bijeen om de inhoudelijke ontwikkeling van ons bureau te stroomlijnen.",
                          "title": "Tribe bijeenkomsten",
                        },
                        Object {
                          "text": "
        We hebben een royaal bedrag gereserveerd om onszelf wijzer te maken dan we al zijn. Wil je een van je vaardigheden aanscherpen? Is er een training die je hart sneller doet kloppen? Een dagje aan de lippen hangen van een obscure held uit je vakgebied? Doen! Informeer wel eerst even naar je planning en het beschikbare budget.
      ",
                          "title": "Opleidingen, cursussen, trainingen",
                        },
                      ]
                    }
                  />,
                  <Intro
                    image="./images/2.1formula.jpg"
                    introText="Uitleg ..."
                    introTitle="Eigen groei"
                    mediaCaption="Office mood van Project Managers Jacinta & Jessica"
                    pageTitle="2.3 Ontwikkeling"
                    quote={
                      Object {
                        "image": "./images/team_design.jpg",
                        "metadata": "naam functie",
                        "text": "Iedereen werkt hier omdat ‘ie daar goed in is. Laat niets je ervan weerhouden om je mond open te trekken als je dat nodig vindt. Zeker niet je functietitel. Alles wat de moeite waard is, is gemaakt omdat iemand het de moeite waard vond. En dus houden we van mensen die hun nek durven uit te steken.",
                      }
                    }
                    textMedia={
                      Array [
                        Object {
                          "text": "
        Elke maandag zijn er Tribe-bijeenkomsten, met ruimte voor persoonlijke ontwikkeling en verdieping van je expertise. En elke zes weken komen de vertegenwoordigers van elke Tribe dan weer bijeen om de inhoudelijke ontwikkeling van ons bureau te stroomlijnen.",
                          "title": "Tribe bijeenkomsten",
                        },
                        Object {
                          "text": "
        We hebben een royaal bedrag gereserveerd om onszelf wijzer te maken dan we al zijn. Wil je een van je vaardigheden aanscherpen? Is er een training die je hart sneller doet kloppen? Een dagje aan de lippen hangen van een obscure held uit je vakgebied? Doen! Informeer wel eerst even naar je planning en het beschikbare budget.
      ",
                          "title": "Opleidingen, cursussen, trainingen",
                        },
                      ]
                    }
                  />,
                ],
              },
              "ref": null,
              "rendered": Array [
                Object {
                  "instance": null,
                  "key": undefined,
                  "nodeType": "function",
                  "props": Object {
                    "image": "./images/2.1formula.jpg",
                    "introText": "Uitleg ...",
                    "introTitle": "Eigen groei",
                    "mediaCaption": "Office mood van Project Managers Jacinta & Jessica",
                    "pageTitle": "2.3 Ontwikkeling",
                    "quote": Object {
                      "image": "./images/team_design.jpg",
                      "metadata": "naam functie",
                      "text": "Iedereen werkt hier omdat ‘ie daar goed in is. Laat niets je ervan weerhouden om je mond open te trekken als je dat nodig vindt. Zeker niet je functietitel. Alles wat de moeite waard is, is gemaakt omdat iemand het de moeite waard vond. En dus houden we van mensen die hun nek durven uit te steken.",
                    },
                    "textMedia": Array [
                      Object {
                        "text": "
        Elke maandag zijn er Tribe-bijeenkomsten, met ruimte voor persoonlijke ontwikkeling en verdieping van je expertise. En elke zes weken komen de vertegenwoordigers van elke Tribe dan weer bijeen om de inhoudelijke ontwikkeling van ons bureau te stroomlijnen.",
                        "title": "Tribe bijeenkomsten",
                      },
                      Object {
                        "text": "
        We hebben een royaal bedrag gereserveerd om onszelf wijzer te maken dan we al zijn. Wil je een van je vaardigheden aanscherpen? Is er een training die je hart sneller doet kloppen? Een dagje aan de lippen hangen van een obscure held uit je vakgebied? Doen! Informeer wel eerst even naar je planning en het beschikbare budget.
      ",
                        "title": "Opleidingen, cursussen, trainingen",
                      },
                    ],
                  },
                  "ref": null,
                  "rendered": null,
                  "type": [Function],
                },
                Object {
                  "instance": null,
                  "key": undefined,
                  "nodeType": "function",
                  "props": Object {
                    "image": "./images/2.1formula.jpg",
                    "introText": "Uitleg ...",
                    "introTitle": "Eigen groei",
                    "mediaCaption": "Office mood van Project Managers Jacinta & Jessica",
                    "pageTitle": "2.3 Ontwikkeling",
                    "quote": Object {
                      "image": "./images/team_design.jpg",
                      "metadata": "naam functie",
                      "text": "Iedereen werkt hier omdat ‘ie daar goed in is. Laat niets je ervan weerhouden om je mond open te trekken als je dat nodig vindt. Zeker niet je functietitel. Alles wat de moeite waard is, is gemaakt omdat iemand het de moeite waard vond. En dus houden we van mensen die hun nek durven uit te steken.",
                    },
                    "textMedia": Array [
                      Object {
                        "text": "
        Elke maandag zijn er Tribe-bijeenkomsten, met ruimte voor persoonlijke ontwikkeling en verdieping van je expertise. En elke zes weken komen de vertegenwoordigers van elke Tribe dan weer bijeen om de inhoudelijke ontwikkeling van ons bureau te stroomlijnen.",
                        "title": "Tribe bijeenkomsten",
                      },
                      Object {
                        "text": "
        We hebben een royaal bedrag gereserveerd om onszelf wijzer te maken dan we al zijn. Wil je een van je vaardigheden aanscherpen? Is er een training die je hart sneller doet kloppen? Een dagje aan de lippen hangen van een obscure held uit je vakgebied? Doen! Informeer wel eerst even naar je planning en het beschikbare budget.
      ",
                        "title": "Opleidingen, cursussen, trainingen",
                      },
                    ],
                  },
                  "ref": null,
                  "rendered": null,
                  "type": [Function],
                },
              ],
              "type": "header",
            },
            Object {
              "instance": null,
              "key": undefined,
              "nodeType": "function",
              "props": Object {
                "image": "./images/2.1formula.jpg",
                "introText": "Uitleg ...",
                "introTitle": "Eigen groei",
                "mediaCaption": "Office mood van Project Managers Jacinta & Jessica",
                "pageTitle": "2.3 Ontwikkeling",
                "quote": Object {
                  "image": "./images/team_design.jpg",
                  "metadata": "naam functie",
                  "text": "Iedereen werkt hier omdat ‘ie daar goed in is. Laat niets je ervan weerhouden om je mond open te trekken als je dat nodig vindt. Zeker niet je functietitel. Alles wat de moeite waard is, is gemaakt omdat iemand het de moeite waard vond. En dus houden we van mensen die hun nek durven uit te steken.",
                },
                "textMedia": Array [
                  Object {
                    "text": "
        Elke maandag zijn er Tribe-bijeenkomsten, met ruimte voor persoonlijke ontwikkeling en verdieping van je expertise. En elke zes weken komen de vertegenwoordigers van elke Tribe dan weer bijeen om de inhoudelijke ontwikkeling van ons bureau te stroomlijnen.",
                    "title": "Tribe bijeenkomsten",
                  },
                  Object {
                    "text": "
        We hebben een royaal bedrag gereserveerd om onszelf wijzer te maken dan we al zijn. Wil je een van je vaardigheden aanscherpen? Is er een training die je hart sneller doet kloppen? Een dagje aan de lippen hangen van een obscure held uit je vakgebied? Doen! Informeer wel eerst even naar je planning en het beschikbare budget.
      ",
                    "title": "Opleidingen, cursussen, trainingen",
                  },
                ],
              },
              "ref": null,
              "rendered": null,
              "type": [Function],
            },
            Object {
              "instance": null,
              "key": undefined,
              "nodeType": "function",
              "props": Object {
                "image": "./images/team_design.jpg",
                "metadata": "naam functie",
                "text": "Iedereen werkt hier omdat ‘ie daar goed in is. Laat niets je ervan weerhouden om je mond open te trekken als je dat nodig vindt. Zeker niet je functietitel. Alles wat de moeite waard is, is gemaakt omdat iemand het de moeite waard vond. En dus houden we van mensen die hun nek durven uit te steken.",
              },
              "ref": null,
              "rendered": null,
              "type": [Function],
            },
          ],
          "type": [Function],
        },
      ],
      "type": "div",
    },
  ],
  Symbol(enzyme.__options__): Object {
    "adapter": ReactSixteenAdapter {
      "options": Object {
        "enableComponentDidUpdateOnSetState": true,
      },
    },
  },
}
`;
