// Jest Snapshot v1, https://goo.gl/fbAQLP

exports[`renders without crashing 1`] = `
ShallowWrapper {
  "length": 1,
  Symbol(enzyme.__root__): [Circular],
  Symbol(enzyme.__unrendered__): <Finances />,
  Symbol(enzyme.__renderer__): Object {
    "batchedUpdates": [Function],
    "getNode": [Function],
    "render": [Function],
    "simulateEvent": [Function],
    "unmount": [Function],
  },
  Symbol(enzyme.__node__): Object {
    "instance": null,
    "key": undefined,
    "nodeType": "host",
    "props": Object {
      "children": Array [
        <HelmetWrapper
          defer={true}
          encodeSpecialCharacters={true}
          title="jungleMinds"
        />,
        <Grid
          page="jungleMinds"
        >
          <header>
            <PageTitle
              financielModel={
                Object {
                  "model": Array [
                    Object {
                      "color": "03344a",
                      "metadata": "Mensen die in The Draeck werken.",
                      "round": "Jungle Minds",
                      "subTitle": "Internal",
                    },
                    Object {
                      "color": "275e92",
                      "metadata": "Werken samen met Jungle Minds.",
                      "round": "Jungle Pro's + partners",
                      "subTitle": "Liquid",
                    },
                    Object {
                      "color": "ffa50d",
                      "metadata": "Werken bij klanten met andere mensen.",
                      "round": "Jungle Pro's",
                      "subTitle": "Team Design",
                    },
                  ],
                  "subTitle": "Our ambition translated to numbers",
                }
              }
              introText="Om een betere begrip te hebben over hoe Jungle Minds in elkaar zit hebben wij de onderste model gecreëerd die uitlegt hoe wij ons brood verdienen."
              introTitle="Jungle Minds model"
              pageTitle="1.3 Financiële Model"
              tasks={
                Array [
                  Object {
                    "task": "3. Probeer achter te komen uit welke expertises de flex medewerkers voor werken?",
                  },
                ]
              }
              textMedia={
                Object {
                  "image": "./images/moduleOne/model_team.png",
                  "mediaCaption": "Ons Jungle Maslow",
                  "text": Array [
                    Object {
                      "text": "Wij zijn de leidende partner voor High Impactmerken die hen in staat stellen gebruikerswaarde  te leveren.",
                      "title": "Ambitie",
                    },
                    Object {
                      "text": "
        <p>
          Dit bereiken wij door:
        </p>
        <ul>
          <li>
           Werken aan uitdagende en diverse portfolio's.
          </li>
          <li>
            Een topteam van 50 interne, 50 flex collega's.
          </li>
          <li>
            Geweldige plek om te werken, financieel gezond en volledig onafhankelijk.
          </li>
        </ul>
        ",
                    },
                  ],
                }
              }
            />
            <Intro
              financielModel={
                Object {
                  "model": Array [
                    Object {
                      "color": "03344a",
                      "metadata": "Mensen die in The Draeck werken.",
                      "round": "Jungle Minds",
                      "subTitle": "Internal",
                    },
                    Object {
                      "color": "275e92",
                      "metadata": "Werken samen met Jungle Minds.",
                      "round": "Jungle Pro's + partners",
                      "subTitle": "Liquid",
                    },
                    Object {
                      "color": "ffa50d",
                      "metadata": "Werken bij klanten met andere mensen.",
                      "round": "Jungle Pro's",
                      "subTitle": "Team Design",
                    },
                  ],
                  "subTitle": "Our ambition translated to numbers",
                }
              }
              introText="Om een betere begrip te hebben over hoe Jungle Minds in elkaar zit hebben wij de onderste model gecreëerd die uitlegt hoe wij ons brood verdienen."
              introTitle="Jungle Minds model"
              pageTitle="1.3 Financiële Model"
              tasks={
                Array [
                  Object {
                    "task": "3. Probeer achter te komen uit welke expertises de flex medewerkers voor werken?",
                  },
                ]
              }
              textMedia={
                Object {
                  "image": "./images/moduleOne/model_team.png",
                  "mediaCaption": "Ons Jungle Maslow",
                  "text": Array [
                    Object {
                      "text": "Wij zijn de leidende partner voor High Impactmerken die hen in staat stellen gebruikerswaarde  te leveren.",
                      "title": "Ambitie",
                    },
                    Object {
                      "text": "
        <p>
          Dit bereiken wij door:
        </p>
        <ul>
          <li>
           Werken aan uitdagende en diverse portfolio's.
          </li>
          <li>
            Een topteam van 50 interne, 50 flex collega's.
          </li>
          <li>
            Geweldige plek om te werken, financieel gezond en volledig onafhankelijk.
          </li>
        </ul>
        ",
                    },
                  ],
                }
              }
            />
          </header>
          <FinancielModel
            model={
              Array [
                Object {
                  "color": "03344a",
                  "metadata": "Mensen die in The Draeck werken.",
                  "round": "Jungle Minds",
                  "subTitle": "Internal",
                },
                Object {
                  "color": "275e92",
                  "metadata": "Werken samen met Jungle Minds.",
                  "round": "Jungle Pro's + partners",
                  "subTitle": "Liquid",
                },
                Object {
                  "color": "ffa50d",
                  "metadata": "Werken bij klanten met andere mensen.",
                  "round": "Jungle Pro's",
                  "subTitle": "Team Design",
                },
              ]
            }
            subTitle="Our ambition translated to numbers"
          />
          <TextAndImage
            image="./images/moduleOne/model_team.png"
            mediaCaption="Ons Jungle Maslow"
            text={
              Array [
                Object {
                  "text": "Wij zijn de leidende partner voor High Impactmerken die hen in staat stellen gebruikerswaarde  te leveren.",
                  "title": "Ambitie",
                },
                Object {
                  "text": "
        <p>
          Dit bereiken wij door:
        </p>
        <ul>
          <li>
           Werken aan uitdagende en diverse portfolio's.
          </li>
          <li>
            Een topteam van 50 interne, 50 flex collega's.
          </li>
          <li>
            Geweldige plek om te werken, financieel gezond en volledig onafhankelijk.
          </li>
        </ul>
        ",
                },
              ]
            }
          />
          <Task
            financielModel={
              Object {
                "model": Array [
                  Object {
                    "color": "03344a",
                    "metadata": "Mensen die in The Draeck werken.",
                    "round": "Jungle Minds",
                    "subTitle": "Internal",
                  },
                  Object {
                    "color": "275e92",
                    "metadata": "Werken samen met Jungle Minds.",
                    "round": "Jungle Pro's + partners",
                    "subTitle": "Liquid",
                  },
                  Object {
                    "color": "ffa50d",
                    "metadata": "Werken bij klanten met andere mensen.",
                    "round": "Jungle Pro's",
                    "subTitle": "Team Design",
                  },
                ],
                "subTitle": "Our ambition translated to numbers",
              }
            }
            introText="Om een betere begrip te hebben over hoe Jungle Minds in elkaar zit hebben wij de onderste model gecreëerd die uitlegt hoe wij ons brood verdienen."
            introTitle="Jungle Minds model"
            pageTitle="1.3 Financiële Model"
            tasks={
              Array [
                Object {
                  "task": "3. Probeer achter te komen uit welke expertises de flex medewerkers voor werken?",
                },
              ]
            }
            textMedia={
              Object {
                "image": "./images/moduleOne/model_team.png",
                "mediaCaption": "Ons Jungle Maslow",
                "text": Array [
                  Object {
                    "text": "Wij zijn de leidende partner voor High Impactmerken die hen in staat stellen gebruikerswaarde  te leveren.",
                    "title": "Ambitie",
                  },
                  Object {
                    "text": "
        <p>
          Dit bereiken wij door:
        </p>
        <ul>
          <li>
           Werken aan uitdagende en diverse portfolio's.
          </li>
          <li>
            Een topteam van 50 interne, 50 flex collega's.
          </li>
          <li>
            Geweldige plek om te werken, financieel gezond en volledig onafhankelijk.
          </li>
        </ul>
        ",
                  },
                ],
              }
            }
          />
        </Grid>,
      ],
      "className": "jungleMinds",
      "data-test": undefined,
    },
    "ref": null,
    "rendered": Array [
      Object {
        "instance": null,
        "key": undefined,
        "nodeType": "class",
        "props": Object {
          "defer": true,
          "encodeSpecialCharacters": true,
          "title": "jungleMinds",
        },
        "ref": null,
        "rendered": null,
        "type": [Function],
      },
      Object {
        "instance": null,
        "key": undefined,
        "nodeType": "function",
        "props": Object {
          "children": Array [
            <header>
              <PageTitle
                financielModel={
                  Object {
                    "model": Array [
                      Object {
                        "color": "03344a",
                        "metadata": "Mensen die in The Draeck werken.",
                        "round": "Jungle Minds",
                        "subTitle": "Internal",
                      },
                      Object {
                        "color": "275e92",
                        "metadata": "Werken samen met Jungle Minds.",
                        "round": "Jungle Pro's + partners",
                        "subTitle": "Liquid",
                      },
                      Object {
                        "color": "ffa50d",
                        "metadata": "Werken bij klanten met andere mensen.",
                        "round": "Jungle Pro's",
                        "subTitle": "Team Design",
                      },
                    ],
                    "subTitle": "Our ambition translated to numbers",
                  }
                }
                introText="Om een betere begrip te hebben over hoe Jungle Minds in elkaar zit hebben wij de onderste model gecreëerd die uitlegt hoe wij ons brood verdienen."
                introTitle="Jungle Minds model"
                pageTitle="1.3 Financiële Model"
                tasks={
                  Array [
                    Object {
                      "task": "3. Probeer achter te komen uit welke expertises de flex medewerkers voor werken?",
                    },
                  ]
                }
                textMedia={
                  Object {
                    "image": "./images/moduleOne/model_team.png",
                    "mediaCaption": "Ons Jungle Maslow",
                    "text": Array [
                      Object {
                        "text": "Wij zijn de leidende partner voor High Impactmerken die hen in staat stellen gebruikerswaarde  te leveren.",
                        "title": "Ambitie",
                      },
                      Object {
                        "text": "
        <p>
          Dit bereiken wij door:
        </p>
        <ul>
          <li>
           Werken aan uitdagende en diverse portfolio's.
          </li>
          <li>
            Een topteam van 50 interne, 50 flex collega's.
          </li>
          <li>
            Geweldige plek om te werken, financieel gezond en volledig onafhankelijk.
          </li>
        </ul>
        ",
                      },
                    ],
                  }
                }
              />
              <Intro
                financielModel={
                  Object {
                    "model": Array [
                      Object {
                        "color": "03344a",
                        "metadata": "Mensen die in The Draeck werken.",
                        "round": "Jungle Minds",
                        "subTitle": "Internal",
                      },
                      Object {
                        "color": "275e92",
                        "metadata": "Werken samen met Jungle Minds.",
                        "round": "Jungle Pro's + partners",
                        "subTitle": "Liquid",
                      },
                      Object {
                        "color": "ffa50d",
                        "metadata": "Werken bij klanten met andere mensen.",
                        "round": "Jungle Pro's",
                        "subTitle": "Team Design",
                      },
                    ],
                    "subTitle": "Our ambition translated to numbers",
                  }
                }
                introText="Om een betere begrip te hebben over hoe Jungle Minds in elkaar zit hebben wij de onderste model gecreëerd die uitlegt hoe wij ons brood verdienen."
                introTitle="Jungle Minds model"
                pageTitle="1.3 Financiële Model"
                tasks={
                  Array [
                    Object {
                      "task": "3. Probeer achter te komen uit welke expertises de flex medewerkers voor werken?",
                    },
                  ]
                }
                textMedia={
                  Object {
                    "image": "./images/moduleOne/model_team.png",
                    "mediaCaption": "Ons Jungle Maslow",
                    "text": Array [
                      Object {
                        "text": "Wij zijn de leidende partner voor High Impactmerken die hen in staat stellen gebruikerswaarde  te leveren.",
                        "title": "Ambitie",
                      },
                      Object {
                        "text": "
        <p>
          Dit bereiken wij door:
        </p>
        <ul>
          <li>
           Werken aan uitdagende en diverse portfolio's.
          </li>
          <li>
            Een topteam van 50 interne, 50 flex collega's.
          </li>
          <li>
            Geweldige plek om te werken, financieel gezond en volledig onafhankelijk.
          </li>
        </ul>
        ",
                      },
                    ],
                  }
                }
              />
            </header>,
            <FinancielModel
              model={
                Array [
                  Object {
                    "color": "03344a",
                    "metadata": "Mensen die in The Draeck werken.",
                    "round": "Jungle Minds",
                    "subTitle": "Internal",
                  },
                  Object {
                    "color": "275e92",
                    "metadata": "Werken samen met Jungle Minds.",
                    "round": "Jungle Pro's + partners",
                    "subTitle": "Liquid",
                  },
                  Object {
                    "color": "ffa50d",
                    "metadata": "Werken bij klanten met andere mensen.",
                    "round": "Jungle Pro's",
                    "subTitle": "Team Design",
                  },
                ]
              }
              subTitle="Our ambition translated to numbers"
            />,
            <TextAndImage
              image="./images/moduleOne/model_team.png"
              mediaCaption="Ons Jungle Maslow"
              text={
                Array [
                  Object {
                    "text": "Wij zijn de leidende partner voor High Impactmerken die hen in staat stellen gebruikerswaarde  te leveren.",
                    "title": "Ambitie",
                  },
                  Object {
                    "text": "
        <p>
          Dit bereiken wij door:
        </p>
        <ul>
          <li>
           Werken aan uitdagende en diverse portfolio's.
          </li>
          <li>
            Een topteam van 50 interne, 50 flex collega's.
          </li>
          <li>
            Geweldige plek om te werken, financieel gezond en volledig onafhankelijk.
          </li>
        </ul>
        ",
                  },
                ]
              }
            />,
            <Task
              financielModel={
                Object {
                  "model": Array [
                    Object {
                      "color": "03344a",
                      "metadata": "Mensen die in The Draeck werken.",
                      "round": "Jungle Minds",
                      "subTitle": "Internal",
                    },
                    Object {
                      "color": "275e92",
                      "metadata": "Werken samen met Jungle Minds.",
                      "round": "Jungle Pro's + partners",
                      "subTitle": "Liquid",
                    },
                    Object {
                      "color": "ffa50d",
                      "metadata": "Werken bij klanten met andere mensen.",
                      "round": "Jungle Pro's",
                      "subTitle": "Team Design",
                    },
                  ],
                  "subTitle": "Our ambition translated to numbers",
                }
              }
              introText="Om een betere begrip te hebben over hoe Jungle Minds in elkaar zit hebben wij de onderste model gecreëerd die uitlegt hoe wij ons brood verdienen."
              introTitle="Jungle Minds model"
              pageTitle="1.3 Financiële Model"
              tasks={
                Array [
                  Object {
                    "task": "3. Probeer achter te komen uit welke expertises de flex medewerkers voor werken?",
                  },
                ]
              }
              textMedia={
                Object {
                  "image": "./images/moduleOne/model_team.png",
                  "mediaCaption": "Ons Jungle Maslow",
                  "text": Array [
                    Object {
                      "text": "Wij zijn de leidende partner voor High Impactmerken die hen in staat stellen gebruikerswaarde  te leveren.",
                      "title": "Ambitie",
                    },
                    Object {
                      "text": "
        <p>
          Dit bereiken wij door:
        </p>
        <ul>
          <li>
           Werken aan uitdagende en diverse portfolio's.
          </li>
          <li>
            Een topteam van 50 interne, 50 flex collega's.
          </li>
          <li>
            Geweldige plek om te werken, financieel gezond en volledig onafhankelijk.
          </li>
        </ul>
        ",
                    },
                  ],
                }
              }
            />,
          ],
          "page": "jungleMinds",
        },
        "ref": null,
        "rendered": Array [
          Object {
            "instance": null,
            "key": undefined,
            "nodeType": "host",
            "props": Object {
              "children": Array [
                <PageTitle
                  financielModel={
                    Object {
                      "model": Array [
                        Object {
                          "color": "03344a",
                          "metadata": "Mensen die in The Draeck werken.",
                          "round": "Jungle Minds",
                          "subTitle": "Internal",
                        },
                        Object {
                          "color": "275e92",
                          "metadata": "Werken samen met Jungle Minds.",
                          "round": "Jungle Pro's + partners",
                          "subTitle": "Liquid",
                        },
                        Object {
                          "color": "ffa50d",
                          "metadata": "Werken bij klanten met andere mensen.",
                          "round": "Jungle Pro's",
                          "subTitle": "Team Design",
                        },
                      ],
                      "subTitle": "Our ambition translated to numbers",
                    }
                  }
                  introText="Om een betere begrip te hebben over hoe Jungle Minds in elkaar zit hebben wij de onderste model gecreëerd die uitlegt hoe wij ons brood verdienen."
                  introTitle="Jungle Minds model"
                  pageTitle="1.3 Financiële Model"
                  tasks={
                    Array [
                      Object {
                        "task": "3. Probeer achter te komen uit welke expertises de flex medewerkers voor werken?",
                      },
                    ]
                  }
                  textMedia={
                    Object {
                      "image": "./images/moduleOne/model_team.png",
                      "mediaCaption": "Ons Jungle Maslow",
                      "text": Array [
                        Object {
                          "text": "Wij zijn de leidende partner voor High Impactmerken die hen in staat stellen gebruikerswaarde  te leveren.",
                          "title": "Ambitie",
                        },
                        Object {
                          "text": "
        <p>
          Dit bereiken wij door:
        </p>
        <ul>
          <li>
           Werken aan uitdagende en diverse portfolio's.
          </li>
          <li>
            Een topteam van 50 interne, 50 flex collega's.
          </li>
          <li>
            Geweldige plek om te werken, financieel gezond en volledig onafhankelijk.
          </li>
        </ul>
        ",
                        },
                      ],
                    }
                  }
                />,
                <Intro
                  financielModel={
                    Object {
                      "model": Array [
                        Object {
                          "color": "03344a",
                          "metadata": "Mensen die in The Draeck werken.",
                          "round": "Jungle Minds",
                          "subTitle": "Internal",
                        },
                        Object {
                          "color": "275e92",
                          "metadata": "Werken samen met Jungle Minds.",
                          "round": "Jungle Pro's + partners",
                          "subTitle": "Liquid",
                        },
                        Object {
                          "color": "ffa50d",
                          "metadata": "Werken bij klanten met andere mensen.",
                          "round": "Jungle Pro's",
                          "subTitle": "Team Design",
                        },
                      ],
                      "subTitle": "Our ambition translated to numbers",
                    }
                  }
                  introText="Om een betere begrip te hebben over hoe Jungle Minds in elkaar zit hebben wij de onderste model gecreëerd die uitlegt hoe wij ons brood verdienen."
                  introTitle="Jungle Minds model"
                  pageTitle="1.3 Financiële Model"
                  tasks={
                    Array [
                      Object {
                        "task": "3. Probeer achter te komen uit welke expertises de flex medewerkers voor werken?",
                      },
                    ]
                  }
                  textMedia={
                    Object {
                      "image": "./images/moduleOne/model_team.png",
                      "mediaCaption": "Ons Jungle Maslow",
                      "text": Array [
                        Object {
                          "text": "Wij zijn de leidende partner voor High Impactmerken die hen in staat stellen gebruikerswaarde  te leveren.",
                          "title": "Ambitie",
                        },
                        Object {
                          "text": "
        <p>
          Dit bereiken wij door:
        </p>
        <ul>
          <li>
           Werken aan uitdagende en diverse portfolio's.
          </li>
          <li>
            Een topteam van 50 interne, 50 flex collega's.
          </li>
          <li>
            Geweldige plek om te werken, financieel gezond en volledig onafhankelijk.
          </li>
        </ul>
        ",
                        },
                      ],
                    }
                  }
                />,
              ],
            },
            "ref": null,
            "rendered": Array [
              Object {
                "instance": null,
                "key": undefined,
                "nodeType": "function",
                "props": Object {
                  "financielModel": Object {
                    "model": Array [
                      Object {
                        "color": "03344a",
                        "metadata": "Mensen die in The Draeck werken.",
                        "round": "Jungle Minds",
                        "subTitle": "Internal",
                      },
                      Object {
                        "color": "275e92",
                        "metadata": "Werken samen met Jungle Minds.",
                        "round": "Jungle Pro's + partners",
                        "subTitle": "Liquid",
                      },
                      Object {
                        "color": "ffa50d",
                        "metadata": "Werken bij klanten met andere mensen.",
                        "round": "Jungle Pro's",
                        "subTitle": "Team Design",
                      },
                    ],
                    "subTitle": "Our ambition translated to numbers",
                  },
                  "introText": "Om een betere begrip te hebben over hoe Jungle Minds in elkaar zit hebben wij de onderste model gecreëerd die uitlegt hoe wij ons brood verdienen.",
                  "introTitle": "Jungle Minds model",
                  "pageTitle": "1.3 Financiële Model",
                  "tasks": Array [
                    Object {
                      "task": "3. Probeer achter te komen uit welke expertises de flex medewerkers voor werken?",
                    },
                  ],
                  "textMedia": Object {
                    "image": "./images/moduleOne/model_team.png",
                    "mediaCaption": "Ons Jungle Maslow",
                    "text": Array [
                      Object {
                        "text": "Wij zijn de leidende partner voor High Impactmerken die hen in staat stellen gebruikerswaarde  te leveren.",
                        "title": "Ambitie",
                      },
                      Object {
                        "text": "
        <p>
          Dit bereiken wij door:
        </p>
        <ul>
          <li>
           Werken aan uitdagende en diverse portfolio's.
          </li>
          <li>
            Een topteam van 50 interne, 50 flex collega's.
          </li>
          <li>
            Geweldige plek om te werken, financieel gezond en volledig onafhankelijk.
          </li>
        </ul>
        ",
                      },
                    ],
                  },
                },
                "ref": null,
                "rendered": null,
                "type": [Function],
              },
              Object {
                "instance": null,
                "key": undefined,
                "nodeType": "function",
                "props": Object {
                  "financielModel": Object {
                    "model": Array [
                      Object {
                        "color": "03344a",
                        "metadata": "Mensen die in The Draeck werken.",
                        "round": "Jungle Minds",
                        "subTitle": "Internal",
                      },
                      Object {
                        "color": "275e92",
                        "metadata": "Werken samen met Jungle Minds.",
                        "round": "Jungle Pro's + partners",
                        "subTitle": "Liquid",
                      },
                      Object {
                        "color": "ffa50d",
                        "metadata": "Werken bij klanten met andere mensen.",
                        "round": "Jungle Pro's",
                        "subTitle": "Team Design",
                      },
                    ],
                    "subTitle": "Our ambition translated to numbers",
                  },
                  "introText": "Om een betere begrip te hebben over hoe Jungle Minds in elkaar zit hebben wij de onderste model gecreëerd die uitlegt hoe wij ons brood verdienen.",
                  "introTitle": "Jungle Minds model",
                  "pageTitle": "1.3 Financiële Model",
                  "tasks": Array [
                    Object {
                      "task": "3. Probeer achter te komen uit welke expertises de flex medewerkers voor werken?",
                    },
                  ],
                  "textMedia": Object {
                    "image": "./images/moduleOne/model_team.png",
                    "mediaCaption": "Ons Jungle Maslow",
                    "text": Array [
                      Object {
                        "text": "Wij zijn de leidende partner voor High Impactmerken die hen in staat stellen gebruikerswaarde  te leveren.",
                        "title": "Ambitie",
                      },
                      Object {
                        "text": "
        <p>
          Dit bereiken wij door:
        </p>
        <ul>
          <li>
           Werken aan uitdagende en diverse portfolio's.
          </li>
          <li>
            Een topteam van 50 interne, 50 flex collega's.
          </li>
          <li>
            Geweldige plek om te werken, financieel gezond en volledig onafhankelijk.
          </li>
        </ul>
        ",
                      },
                    ],
                  },
                },
                "ref": null,
                "rendered": null,
                "type": [Function],
              },
            ],
            "type": "header",
          },
          Object {
            "instance": null,
            "key": undefined,
            "nodeType": "function",
            "props": Object {
              "model": Array [
                Object {
                  "color": "03344a",
                  "metadata": "Mensen die in The Draeck werken.",
                  "round": "Jungle Minds",
                  "subTitle": "Internal",
                },
                Object {
                  "color": "275e92",
                  "metadata": "Werken samen met Jungle Minds.",
                  "round": "Jungle Pro's + partners",
                  "subTitle": "Liquid",
                },
                Object {
                  "color": "ffa50d",
                  "metadata": "Werken bij klanten met andere mensen.",
                  "round": "Jungle Pro's",
                  "subTitle": "Team Design",
                },
              ],
              "subTitle": "Our ambition translated to numbers",
            },
            "ref": null,
            "rendered": null,
            "type": [Function],
          },
          Object {
            "instance": null,
            "key": undefined,
            "nodeType": "function",
            "props": Object {
              "image": "./images/moduleOne/model_team.png",
              "mediaCaption": "Ons Jungle Maslow",
              "text": Array [
                Object {
                  "text": "Wij zijn de leidende partner voor High Impactmerken die hen in staat stellen gebruikerswaarde  te leveren.",
                  "title": "Ambitie",
                },
                Object {
                  "text": "
        <p>
          Dit bereiken wij door:
        </p>
        <ul>
          <li>
           Werken aan uitdagende en diverse portfolio's.
          </li>
          <li>
            Een topteam van 50 interne, 50 flex collega's.
          </li>
          <li>
            Geweldige plek om te werken, financieel gezond en volledig onafhankelijk.
          </li>
        </ul>
        ",
                },
              ],
            },
            "ref": null,
            "rendered": null,
            "type": [Function],
          },
          Object {
            "instance": null,
            "key": undefined,
            "nodeType": "function",
            "props": Object {
              "financielModel": Object {
                "model": Array [
                  Object {
                    "color": "03344a",
                    "metadata": "Mensen die in The Draeck werken.",
                    "round": "Jungle Minds",
                    "subTitle": "Internal",
                  },
                  Object {
                    "color": "275e92",
                    "metadata": "Werken samen met Jungle Minds.",
                    "round": "Jungle Pro's + partners",
                    "subTitle": "Liquid",
                  },
                  Object {
                    "color": "ffa50d",
                    "metadata": "Werken bij klanten met andere mensen.",
                    "round": "Jungle Pro's",
                    "subTitle": "Team Design",
                  },
                ],
                "subTitle": "Our ambition translated to numbers",
              },
              "introText": "Om een betere begrip te hebben over hoe Jungle Minds in elkaar zit hebben wij de onderste model gecreëerd die uitlegt hoe wij ons brood verdienen.",
              "introTitle": "Jungle Minds model",
              "pageTitle": "1.3 Financiële Model",
              "tasks": Array [
                Object {
                  "task": "3. Probeer achter te komen uit welke expertises de flex medewerkers voor werken?",
                },
              ],
              "textMedia": Object {
                "image": "./images/moduleOne/model_team.png",
                "mediaCaption": "Ons Jungle Maslow",
                "text": Array [
                  Object {
                    "text": "Wij zijn de leidende partner voor High Impactmerken die hen in staat stellen gebruikerswaarde  te leveren.",
                    "title": "Ambitie",
                  },
                  Object {
                    "text": "
        <p>
          Dit bereiken wij door:
        </p>
        <ul>
          <li>
           Werken aan uitdagende en diverse portfolio's.
          </li>
          <li>
            Een topteam van 50 interne, 50 flex collega's.
          </li>
          <li>
            Geweldige plek om te werken, financieel gezond en volledig onafhankelijk.
          </li>
        </ul>
        ",
                  },
                ],
              },
            },
            "ref": null,
            "rendered": null,
            "type": [Function],
          },
        ],
        "type": [Function],
      },
    ],
    "type": "div",
  },
  Symbol(enzyme.__nodes__): Array [
    Object {
      "instance": null,
      "key": undefined,
      "nodeType": "host",
      "props": Object {
        "children": Array [
          <HelmetWrapper
            defer={true}
            encodeSpecialCharacters={true}
            title="jungleMinds"
          />,
          <Grid
            page="jungleMinds"
          >
            <header>
              <PageTitle
                financielModel={
                  Object {
                    "model": Array [
                      Object {
                        "color": "03344a",
                        "metadata": "Mensen die in The Draeck werken.",
                        "round": "Jungle Minds",
                        "subTitle": "Internal",
                      },
                      Object {
                        "color": "275e92",
                        "metadata": "Werken samen met Jungle Minds.",
                        "round": "Jungle Pro's + partners",
                        "subTitle": "Liquid",
                      },
                      Object {
                        "color": "ffa50d",
                        "metadata": "Werken bij klanten met andere mensen.",
                        "round": "Jungle Pro's",
                        "subTitle": "Team Design",
                      },
                    ],
                    "subTitle": "Our ambition translated to numbers",
                  }
                }
                introText="Om een betere begrip te hebben over hoe Jungle Minds in elkaar zit hebben wij de onderste model gecreëerd die uitlegt hoe wij ons brood verdienen."
                introTitle="Jungle Minds model"
                pageTitle="1.3 Financiële Model"
                tasks={
                  Array [
                    Object {
                      "task": "3. Probeer achter te komen uit welke expertises de flex medewerkers voor werken?",
                    },
                  ]
                }
                textMedia={
                  Object {
                    "image": "./images/moduleOne/model_team.png",
                    "mediaCaption": "Ons Jungle Maslow",
                    "text": Array [
                      Object {
                        "text": "Wij zijn de leidende partner voor High Impactmerken die hen in staat stellen gebruikerswaarde  te leveren.",
                        "title": "Ambitie",
                      },
                      Object {
                        "text": "
        <p>
          Dit bereiken wij door:
        </p>
        <ul>
          <li>
           Werken aan uitdagende en diverse portfolio's.
          </li>
          <li>
            Een topteam van 50 interne, 50 flex collega's.
          </li>
          <li>
            Geweldige plek om te werken, financieel gezond en volledig onafhankelijk.
          </li>
        </ul>
        ",
                      },
                    ],
                  }
                }
              />
              <Intro
                financielModel={
                  Object {
                    "model": Array [
                      Object {
                        "color": "03344a",
                        "metadata": "Mensen die in The Draeck werken.",
                        "round": "Jungle Minds",
                        "subTitle": "Internal",
                      },
                      Object {
                        "color": "275e92",
                        "metadata": "Werken samen met Jungle Minds.",
                        "round": "Jungle Pro's + partners",
                        "subTitle": "Liquid",
                      },
                      Object {
                        "color": "ffa50d",
                        "metadata": "Werken bij klanten met andere mensen.",
                        "round": "Jungle Pro's",
                        "subTitle": "Team Design",
                      },
                    ],
                    "subTitle": "Our ambition translated to numbers",
                  }
                }
                introText="Om een betere begrip te hebben over hoe Jungle Minds in elkaar zit hebben wij de onderste model gecreëerd die uitlegt hoe wij ons brood verdienen."
                introTitle="Jungle Minds model"
                pageTitle="1.3 Financiële Model"
                tasks={
                  Array [
                    Object {
                      "task": "3. Probeer achter te komen uit welke expertises de flex medewerkers voor werken?",
                    },
                  ]
                }
                textMedia={
                  Object {
                    "image": "./images/moduleOne/model_team.png",
                    "mediaCaption": "Ons Jungle Maslow",
                    "text": Array [
                      Object {
                        "text": "Wij zijn de leidende partner voor High Impactmerken die hen in staat stellen gebruikerswaarde  te leveren.",
                        "title": "Ambitie",
                      },
                      Object {
                        "text": "
        <p>
          Dit bereiken wij door:
        </p>
        <ul>
          <li>
           Werken aan uitdagende en diverse portfolio's.
          </li>
          <li>
            Een topteam van 50 interne, 50 flex collega's.
          </li>
          <li>
            Geweldige plek om te werken, financieel gezond en volledig onafhankelijk.
          </li>
        </ul>
        ",
                      },
                    ],
                  }
                }
              />
            </header>
            <FinancielModel
              model={
                Array [
                  Object {
                    "color": "03344a",
                    "metadata": "Mensen die in The Draeck werken.",
                    "round": "Jungle Minds",
                    "subTitle": "Internal",
                  },
                  Object {
                    "color": "275e92",
                    "metadata": "Werken samen met Jungle Minds.",
                    "round": "Jungle Pro's + partners",
                    "subTitle": "Liquid",
                  },
                  Object {
                    "color": "ffa50d",
                    "metadata": "Werken bij klanten met andere mensen.",
                    "round": "Jungle Pro's",
                    "subTitle": "Team Design",
                  },
                ]
              }
              subTitle="Our ambition translated to numbers"
            />
            <TextAndImage
              image="./images/moduleOne/model_team.png"
              mediaCaption="Ons Jungle Maslow"
              text={
                Array [
                  Object {
                    "text": "Wij zijn de leidende partner voor High Impactmerken die hen in staat stellen gebruikerswaarde  te leveren.",
                    "title": "Ambitie",
                  },
                  Object {
                    "text": "
        <p>
          Dit bereiken wij door:
        </p>
        <ul>
          <li>
           Werken aan uitdagende en diverse portfolio's.
          </li>
          <li>
            Een topteam van 50 interne, 50 flex collega's.
          </li>
          <li>
            Geweldige plek om te werken, financieel gezond en volledig onafhankelijk.
          </li>
        </ul>
        ",
                  },
                ]
              }
            />
            <Task
              financielModel={
                Object {
                  "model": Array [
                    Object {
                      "color": "03344a",
                      "metadata": "Mensen die in The Draeck werken.",
                      "round": "Jungle Minds",
                      "subTitle": "Internal",
                    },
                    Object {
                      "color": "275e92",
                      "metadata": "Werken samen met Jungle Minds.",
                      "round": "Jungle Pro's + partners",
                      "subTitle": "Liquid",
                    },
                    Object {
                      "color": "ffa50d",
                      "metadata": "Werken bij klanten met andere mensen.",
                      "round": "Jungle Pro's",
                      "subTitle": "Team Design",
                    },
                  ],
                  "subTitle": "Our ambition translated to numbers",
                }
              }
              introText="Om een betere begrip te hebben over hoe Jungle Minds in elkaar zit hebben wij de onderste model gecreëerd die uitlegt hoe wij ons brood verdienen."
              introTitle="Jungle Minds model"
              pageTitle="1.3 Financiële Model"
              tasks={
                Array [
                  Object {
                    "task": "3. Probeer achter te komen uit welke expertises de flex medewerkers voor werken?",
                  },
                ]
              }
              textMedia={
                Object {
                  "image": "./images/moduleOne/model_team.png",
                  "mediaCaption": "Ons Jungle Maslow",
                  "text": Array [
                    Object {
                      "text": "Wij zijn de leidende partner voor High Impactmerken die hen in staat stellen gebruikerswaarde  te leveren.",
                      "title": "Ambitie",
                    },
                    Object {
                      "text": "
        <p>
          Dit bereiken wij door:
        </p>
        <ul>
          <li>
           Werken aan uitdagende en diverse portfolio's.
          </li>
          <li>
            Een topteam van 50 interne, 50 flex collega's.
          </li>
          <li>
            Geweldige plek om te werken, financieel gezond en volledig onafhankelijk.
          </li>
        </ul>
        ",
                    },
                  ],
                }
              }
            />
          </Grid>,
        ],
        "className": "jungleMinds",
        "data-test": undefined,
      },
      "ref": null,
      "rendered": Array [
        Object {
          "instance": null,
          "key": undefined,
          "nodeType": "class",
          "props": Object {
            "defer": true,
            "encodeSpecialCharacters": true,
            "title": "jungleMinds",
          },
          "ref": null,
          "rendered": null,
          "type": [Function],
        },
        Object {
          "instance": null,
          "key": undefined,
          "nodeType": "function",
          "props": Object {
            "children": Array [
              <header>
                <PageTitle
                  financielModel={
                    Object {
                      "model": Array [
                        Object {
                          "color": "03344a",
                          "metadata": "Mensen die in The Draeck werken.",
                          "round": "Jungle Minds",
                          "subTitle": "Internal",
                        },
                        Object {
                          "color": "275e92",
                          "metadata": "Werken samen met Jungle Minds.",
                          "round": "Jungle Pro's + partners",
                          "subTitle": "Liquid",
                        },
                        Object {
                          "color": "ffa50d",
                          "metadata": "Werken bij klanten met andere mensen.",
                          "round": "Jungle Pro's",
                          "subTitle": "Team Design",
                        },
                      ],
                      "subTitle": "Our ambition translated to numbers",
                    }
                  }
                  introText="Om een betere begrip te hebben over hoe Jungle Minds in elkaar zit hebben wij de onderste model gecreëerd die uitlegt hoe wij ons brood verdienen."
                  introTitle="Jungle Minds model"
                  pageTitle="1.3 Financiële Model"
                  tasks={
                    Array [
                      Object {
                        "task": "3. Probeer achter te komen uit welke expertises de flex medewerkers voor werken?",
                      },
                    ]
                  }
                  textMedia={
                    Object {
                      "image": "./images/moduleOne/model_team.png",
                      "mediaCaption": "Ons Jungle Maslow",
                      "text": Array [
                        Object {
                          "text": "Wij zijn de leidende partner voor High Impactmerken die hen in staat stellen gebruikerswaarde  te leveren.",
                          "title": "Ambitie",
                        },
                        Object {
                          "text": "
        <p>
          Dit bereiken wij door:
        </p>
        <ul>
          <li>
           Werken aan uitdagende en diverse portfolio's.
          </li>
          <li>
            Een topteam van 50 interne, 50 flex collega's.
          </li>
          <li>
            Geweldige plek om te werken, financieel gezond en volledig onafhankelijk.
          </li>
        </ul>
        ",
                        },
                      ],
                    }
                  }
                />
                <Intro
                  financielModel={
                    Object {
                      "model": Array [
                        Object {
                          "color": "03344a",
                          "metadata": "Mensen die in The Draeck werken.",
                          "round": "Jungle Minds",
                          "subTitle": "Internal",
                        },
                        Object {
                          "color": "275e92",
                          "metadata": "Werken samen met Jungle Minds.",
                          "round": "Jungle Pro's + partners",
                          "subTitle": "Liquid",
                        },
                        Object {
                          "color": "ffa50d",
                          "metadata": "Werken bij klanten met andere mensen.",
                          "round": "Jungle Pro's",
                          "subTitle": "Team Design",
                        },
                      ],
                      "subTitle": "Our ambition translated to numbers",
                    }
                  }
                  introText="Om een betere begrip te hebben over hoe Jungle Minds in elkaar zit hebben wij de onderste model gecreëerd die uitlegt hoe wij ons brood verdienen."
                  introTitle="Jungle Minds model"
                  pageTitle="1.3 Financiële Model"
                  tasks={
                    Array [
                      Object {
                        "task": "3. Probeer achter te komen uit welke expertises de flex medewerkers voor werken?",
                      },
                    ]
                  }
                  textMedia={
                    Object {
                      "image": "./images/moduleOne/model_team.png",
                      "mediaCaption": "Ons Jungle Maslow",
                      "text": Array [
                        Object {
                          "text": "Wij zijn de leidende partner voor High Impactmerken die hen in staat stellen gebruikerswaarde  te leveren.",
                          "title": "Ambitie",
                        },
                        Object {
                          "text": "
        <p>
          Dit bereiken wij door:
        </p>
        <ul>
          <li>
           Werken aan uitdagende en diverse portfolio's.
          </li>
          <li>
            Een topteam van 50 interne, 50 flex collega's.
          </li>
          <li>
            Geweldige plek om te werken, financieel gezond en volledig onafhankelijk.
          </li>
        </ul>
        ",
                        },
                      ],
                    }
                  }
                />
              </header>,
              <FinancielModel
                model={
                  Array [
                    Object {
                      "color": "03344a",
                      "metadata": "Mensen die in The Draeck werken.",
                      "round": "Jungle Minds",
                      "subTitle": "Internal",
                    },
                    Object {
                      "color": "275e92",
                      "metadata": "Werken samen met Jungle Minds.",
                      "round": "Jungle Pro's + partners",
                      "subTitle": "Liquid",
                    },
                    Object {
                      "color": "ffa50d",
                      "metadata": "Werken bij klanten met andere mensen.",
                      "round": "Jungle Pro's",
                      "subTitle": "Team Design",
                    },
                  ]
                }
                subTitle="Our ambition translated to numbers"
              />,
              <TextAndImage
                image="./images/moduleOne/model_team.png"
                mediaCaption="Ons Jungle Maslow"
                text={
                  Array [
                    Object {
                      "text": "Wij zijn de leidende partner voor High Impactmerken die hen in staat stellen gebruikerswaarde  te leveren.",
                      "title": "Ambitie",
                    },
                    Object {
                      "text": "
        <p>
          Dit bereiken wij door:
        </p>
        <ul>
          <li>
           Werken aan uitdagende en diverse portfolio's.
          </li>
          <li>
            Een topteam van 50 interne, 50 flex collega's.
          </li>
          <li>
            Geweldige plek om te werken, financieel gezond en volledig onafhankelijk.
          </li>
        </ul>
        ",
                    },
                  ]
                }
              />,
              <Task
                financielModel={
                  Object {
                    "model": Array [
                      Object {
                        "color": "03344a",
                        "metadata": "Mensen die in The Draeck werken.",
                        "round": "Jungle Minds",
                        "subTitle": "Internal",
                      },
                      Object {
                        "color": "275e92",
                        "metadata": "Werken samen met Jungle Minds.",
                        "round": "Jungle Pro's + partners",
                        "subTitle": "Liquid",
                      },
                      Object {
                        "color": "ffa50d",
                        "metadata": "Werken bij klanten met andere mensen.",
                        "round": "Jungle Pro's",
                        "subTitle": "Team Design",
                      },
                    ],
                    "subTitle": "Our ambition translated to numbers",
                  }
                }
                introText="Om een betere begrip te hebben over hoe Jungle Minds in elkaar zit hebben wij de onderste model gecreëerd die uitlegt hoe wij ons brood verdienen."
                introTitle="Jungle Minds model"
                pageTitle="1.3 Financiële Model"
                tasks={
                  Array [
                    Object {
                      "task": "3. Probeer achter te komen uit welke expertises de flex medewerkers voor werken?",
                    },
                  ]
                }
                textMedia={
                  Object {
                    "image": "./images/moduleOne/model_team.png",
                    "mediaCaption": "Ons Jungle Maslow",
                    "text": Array [
                      Object {
                        "text": "Wij zijn de leidende partner voor High Impactmerken die hen in staat stellen gebruikerswaarde  te leveren.",
                        "title": "Ambitie",
                      },
                      Object {
                        "text": "
        <p>
          Dit bereiken wij door:
        </p>
        <ul>
          <li>
           Werken aan uitdagende en diverse portfolio's.
          </li>
          <li>
            Een topteam van 50 interne, 50 flex collega's.
          </li>
          <li>
            Geweldige plek om te werken, financieel gezond en volledig onafhankelijk.
          </li>
        </ul>
        ",
                      },
                    ],
                  }
                }
              />,
            ],
            "page": "jungleMinds",
          },
          "ref": null,
          "rendered": Array [
            Object {
              "instance": null,
              "key": undefined,
              "nodeType": "host",
              "props": Object {
                "children": Array [
                  <PageTitle
                    financielModel={
                      Object {
                        "model": Array [
                          Object {
                            "color": "03344a",
                            "metadata": "Mensen die in The Draeck werken.",
                            "round": "Jungle Minds",
                            "subTitle": "Internal",
                          },
                          Object {
                            "color": "275e92",
                            "metadata": "Werken samen met Jungle Minds.",
                            "round": "Jungle Pro's + partners",
                            "subTitle": "Liquid",
                          },
                          Object {
                            "color": "ffa50d",
                            "metadata": "Werken bij klanten met andere mensen.",
                            "round": "Jungle Pro's",
                            "subTitle": "Team Design",
                          },
                        ],
                        "subTitle": "Our ambition translated to numbers",
                      }
                    }
                    introText="Om een betere begrip te hebben over hoe Jungle Minds in elkaar zit hebben wij de onderste model gecreëerd die uitlegt hoe wij ons brood verdienen."
                    introTitle="Jungle Minds model"
                    pageTitle="1.3 Financiële Model"
                    tasks={
                      Array [
                        Object {
                          "task": "3. Probeer achter te komen uit welke expertises de flex medewerkers voor werken?",
                        },
                      ]
                    }
                    textMedia={
                      Object {
                        "image": "./images/moduleOne/model_team.png",
                        "mediaCaption": "Ons Jungle Maslow",
                        "text": Array [
                          Object {
                            "text": "Wij zijn de leidende partner voor High Impactmerken die hen in staat stellen gebruikerswaarde  te leveren.",
                            "title": "Ambitie",
                          },
                          Object {
                            "text": "
        <p>
          Dit bereiken wij door:
        </p>
        <ul>
          <li>
           Werken aan uitdagende en diverse portfolio's.
          </li>
          <li>
            Een topteam van 50 interne, 50 flex collega's.
          </li>
          <li>
            Geweldige plek om te werken, financieel gezond en volledig onafhankelijk.
          </li>
        </ul>
        ",
                          },
                        ],
                      }
                    }
                  />,
                  <Intro
                    financielModel={
                      Object {
                        "model": Array [
                          Object {
                            "color": "03344a",
                            "metadata": "Mensen die in The Draeck werken.",
                            "round": "Jungle Minds",
                            "subTitle": "Internal",
                          },
                          Object {
                            "color": "275e92",
                            "metadata": "Werken samen met Jungle Minds.",
                            "round": "Jungle Pro's + partners",
                            "subTitle": "Liquid",
                          },
                          Object {
                            "color": "ffa50d",
                            "metadata": "Werken bij klanten met andere mensen.",
                            "round": "Jungle Pro's",
                            "subTitle": "Team Design",
                          },
                        ],
                        "subTitle": "Our ambition translated to numbers",
                      }
                    }
                    introText="Om een betere begrip te hebben over hoe Jungle Minds in elkaar zit hebben wij de onderste model gecreëerd die uitlegt hoe wij ons brood verdienen."
                    introTitle="Jungle Minds model"
                    pageTitle="1.3 Financiële Model"
                    tasks={
                      Array [
                        Object {
                          "task": "3. Probeer achter te komen uit welke expertises de flex medewerkers voor werken?",
                        },
                      ]
                    }
                    textMedia={
                      Object {
                        "image": "./images/moduleOne/model_team.png",
                        "mediaCaption": "Ons Jungle Maslow",
                        "text": Array [
                          Object {
                            "text": "Wij zijn de leidende partner voor High Impactmerken die hen in staat stellen gebruikerswaarde  te leveren.",
                            "title": "Ambitie",
                          },
                          Object {
                            "text": "
        <p>
          Dit bereiken wij door:
        </p>
        <ul>
          <li>
           Werken aan uitdagende en diverse portfolio's.
          </li>
          <li>
            Een topteam van 50 interne, 50 flex collega's.
          </li>
          <li>
            Geweldige plek om te werken, financieel gezond en volledig onafhankelijk.
          </li>
        </ul>
        ",
                          },
                        ],
                      }
                    }
                  />,
                ],
              },
              "ref": null,
              "rendered": Array [
                Object {
                  "instance": null,
                  "key": undefined,
                  "nodeType": "function",
                  "props": Object {
                    "financielModel": Object {
                      "model": Array [
                        Object {
                          "color": "03344a",
                          "metadata": "Mensen die in The Draeck werken.",
                          "round": "Jungle Minds",
                          "subTitle": "Internal",
                        },
                        Object {
                          "color": "275e92",
                          "metadata": "Werken samen met Jungle Minds.",
                          "round": "Jungle Pro's + partners",
                          "subTitle": "Liquid",
                        },
                        Object {
                          "color": "ffa50d",
                          "metadata": "Werken bij klanten met andere mensen.",
                          "round": "Jungle Pro's",
                          "subTitle": "Team Design",
                        },
                      ],
                      "subTitle": "Our ambition translated to numbers",
                    },
                    "introText": "Om een betere begrip te hebben over hoe Jungle Minds in elkaar zit hebben wij de onderste model gecreëerd die uitlegt hoe wij ons brood verdienen.",
                    "introTitle": "Jungle Minds model",
                    "pageTitle": "1.3 Financiële Model",
                    "tasks": Array [
                      Object {
                        "task": "3. Probeer achter te komen uit welke expertises de flex medewerkers voor werken?",
                      },
                    ],
                    "textMedia": Object {
                      "image": "./images/moduleOne/model_team.png",
                      "mediaCaption": "Ons Jungle Maslow",
                      "text": Array [
                        Object {
                          "text": "Wij zijn de leidende partner voor High Impactmerken die hen in staat stellen gebruikerswaarde  te leveren.",
                          "title": "Ambitie",
                        },
                        Object {
                          "text": "
        <p>
          Dit bereiken wij door:
        </p>
        <ul>
          <li>
           Werken aan uitdagende en diverse portfolio's.
          </li>
          <li>
            Een topteam van 50 interne, 50 flex collega's.
          </li>
          <li>
            Geweldige plek om te werken, financieel gezond en volledig onafhankelijk.
          </li>
        </ul>
        ",
                        },
                      ],
                    },
                  },
                  "ref": null,
                  "rendered": null,
                  "type": [Function],
                },
                Object {
                  "instance": null,
                  "key": undefined,
                  "nodeType": "function",
                  "props": Object {
                    "financielModel": Object {
                      "model": Array [
                        Object {
                          "color": "03344a",
                          "metadata": "Mensen die in The Draeck werken.",
                          "round": "Jungle Minds",
                          "subTitle": "Internal",
                        },
                        Object {
                          "color": "275e92",
                          "metadata": "Werken samen met Jungle Minds.",
                          "round": "Jungle Pro's + partners",
                          "subTitle": "Liquid",
                        },
                        Object {
                          "color": "ffa50d",
                          "metadata": "Werken bij klanten met andere mensen.",
                          "round": "Jungle Pro's",
                          "subTitle": "Team Design",
                        },
                      ],
                      "subTitle": "Our ambition translated to numbers",
                    },
                    "introText": "Om een betere begrip te hebben over hoe Jungle Minds in elkaar zit hebben wij de onderste model gecreëerd die uitlegt hoe wij ons brood verdienen.",
                    "introTitle": "Jungle Minds model",
                    "pageTitle": "1.3 Financiële Model",
                    "tasks": Array [
                      Object {
                        "task": "3. Probeer achter te komen uit welke expertises de flex medewerkers voor werken?",
                      },
                    ],
                    "textMedia": Object {
                      "image": "./images/moduleOne/model_team.png",
                      "mediaCaption": "Ons Jungle Maslow",
                      "text": Array [
                        Object {
                          "text": "Wij zijn de leidende partner voor High Impactmerken die hen in staat stellen gebruikerswaarde  te leveren.",
                          "title": "Ambitie",
                        },
                        Object {
                          "text": "
        <p>
          Dit bereiken wij door:
        </p>
        <ul>
          <li>
           Werken aan uitdagende en diverse portfolio's.
          </li>
          <li>
            Een topteam van 50 interne, 50 flex collega's.
          </li>
          <li>
            Geweldige plek om te werken, financieel gezond en volledig onafhankelijk.
          </li>
        </ul>
        ",
                        },
                      ],
                    },
                  },
                  "ref": null,
                  "rendered": null,
                  "type": [Function],
                },
              ],
              "type": "header",
            },
            Object {
              "instance": null,
              "key": undefined,
              "nodeType": "function",
              "props": Object {
                "model": Array [
                  Object {
                    "color": "03344a",
                    "metadata": "Mensen die in The Draeck werken.",
                    "round": "Jungle Minds",
                    "subTitle": "Internal",
                  },
                  Object {
                    "color": "275e92",
                    "metadata": "Werken samen met Jungle Minds.",
                    "round": "Jungle Pro's + partners",
                    "subTitle": "Liquid",
                  },
                  Object {
                    "color": "ffa50d",
                    "metadata": "Werken bij klanten met andere mensen.",
                    "round": "Jungle Pro's",
                    "subTitle": "Team Design",
                  },
                ],
                "subTitle": "Our ambition translated to numbers",
              },
              "ref": null,
              "rendered": null,
              "type": [Function],
            },
            Object {
              "instance": null,
              "key": undefined,
              "nodeType": "function",
              "props": Object {
                "image": "./images/moduleOne/model_team.png",
                "mediaCaption": "Ons Jungle Maslow",
                "text": Array [
                  Object {
                    "text": "Wij zijn de leidende partner voor High Impactmerken die hen in staat stellen gebruikerswaarde  te leveren.",
                    "title": "Ambitie",
                  },
                  Object {
                    "text": "
        <p>
          Dit bereiken wij door:
        </p>
        <ul>
          <li>
           Werken aan uitdagende en diverse portfolio's.
          </li>
          <li>
            Een topteam van 50 interne, 50 flex collega's.
          </li>
          <li>
            Geweldige plek om te werken, financieel gezond en volledig onafhankelijk.
          </li>
        </ul>
        ",
                  },
                ],
              },
              "ref": null,
              "rendered": null,
              "type": [Function],
            },
            Object {
              "instance": null,
              "key": undefined,
              "nodeType": "function",
              "props": Object {
                "financielModel": Object {
                  "model": Array [
                    Object {
                      "color": "03344a",
                      "metadata": "Mensen die in The Draeck werken.",
                      "round": "Jungle Minds",
                      "subTitle": "Internal",
                    },
                    Object {
                      "color": "275e92",
                      "metadata": "Werken samen met Jungle Minds.",
                      "round": "Jungle Pro's + partners",
                      "subTitle": "Liquid",
                    },
                    Object {
                      "color": "ffa50d",
                      "metadata": "Werken bij klanten met andere mensen.",
                      "round": "Jungle Pro's",
                      "subTitle": "Team Design",
                    },
                  ],
                  "subTitle": "Our ambition translated to numbers",
                },
                "introText": "Om een betere begrip te hebben over hoe Jungle Minds in elkaar zit hebben wij de onderste model gecreëerd die uitlegt hoe wij ons brood verdienen.",
                "introTitle": "Jungle Minds model",
                "pageTitle": "1.3 Financiële Model",
                "tasks": Array [
                  Object {
                    "task": "3. Probeer achter te komen uit welke expertises de flex medewerkers voor werken?",
                  },
                ],
                "textMedia": Object {
                  "image": "./images/moduleOne/model_team.png",
                  "mediaCaption": "Ons Jungle Maslow",
                  "text": Array [
                    Object {
                      "text": "Wij zijn de leidende partner voor High Impactmerken die hen in staat stellen gebruikerswaarde  te leveren.",
                      "title": "Ambitie",
                    },
                    Object {
                      "text": "
        <p>
          Dit bereiken wij door:
        </p>
        <ul>
          <li>
           Werken aan uitdagende en diverse portfolio's.
          </li>
          <li>
            Een topteam van 50 interne, 50 flex collega's.
          </li>
          <li>
            Geweldige plek om te werken, financieel gezond en volledig onafhankelijk.
          </li>
        </ul>
        ",
                    },
                  ],
                },
              },
              "ref": null,
              "rendered": null,
              "type": [Function],
            },
          ],
          "type": [Function],
        },
      ],
      "type": "div",
    },
  ],
  Symbol(enzyme.__options__): Object {
    "adapter": ReactSixteenAdapter {
      "options": Object {
        "enableComponentDidUpdateOnSetState": true,
      },
    },
  },
}
`;
