// Jest Snapshot v1, https://goo.gl/fbAQLP

exports[`renders without crashing 1`] = `
ShallowWrapper {
  "length": 1,
  Symbol(enzyme.__root__): [Circular],
  Symbol(enzyme.__unrendered__): <JungleMaslow />,
  Symbol(enzyme.__renderer__): Object {
    "batchedUpdates": [Function],
    "getNode": [Function],
    "render": [Function],
    "simulateEvent": [Function],
    "unmount": [Function],
  },
  Symbol(enzyme.__node__): Object {
    "instance": null,
    "key": undefined,
    "nodeType": "host",
    "props": Object {
      "children": Array [
        <HelmetWrapper
          defer={true}
          encodeSpecialCharacters={true}
          title="J ungleMinds"
        />,
        <Grid
          page="jungleMinds"
        >
          <header>
            <PageTitle
              introText="Binnen ons bedrijf hebben wij ons visie gestructureerd in wat wij noemen: De Jungle Maslow. Deze wordt hieronder utigelegd. Wij lezen onze maslow van beneden naar boven, dit heeft te maken met hoe het bedrijf is gevestigd. "
              introTitle="Onze structuur"
              pageTitle="1.2 Jungle Maslow"
              tasks={
                Array [
                  Object {
                    "task": "2. Bedenk een vraag over de Jungle Maslow. Deze vraag stel je tijdens de \\"Welkom to the Jungle\\" presentatie.",
                  },
                ]
              }
              textMedia={
                Object {
                  "image": "./images/jungle_maslow.png",
                  "mediaCaption": "Ons Jungle Maslow",
                  "text": Array [
                    Object {
                      "text": "Jungle Minds is gewoon van Jungle Minds en zo willen we het graag houden. Dus geen externe aandeelhouders en verborgen belangen. Want onze onafhankelijkheid geeft ons rust en vooral de ruimte om onze eigen creatieve ambitie na te jagen en soms ook gewoon ergens nee tegen te zeggen.",
                      "title": "Financiële autonomie",
                    },
                    Object {
                      "text": "Goede mensen zoeken goede mensen om mee te werken. En dus leggen we de lat hoog, hechten we veel waarde aan cultuur en investeren we flink in de persoonlijk ontwikkeling van onze mensen.",
                      "title": "Een ijzersterk team op een fijne plek ",
                    },
                    Object {
                      "text": "We bedenken en maken oplossingen voor complexe vraagstukken waar we trots op zijn. Het is mooi om te zien dat de werkelijkheid zoals we hem voorstelden vaak echt goed uitpakt. En dat ons werk nieuwe vragen van nieuwe klanten oproept die we ook mogen beantwoorden is dan natuurlijk heel mooi meegenomen.",
                      "title": "Een portfolio met smoel",
                    },
                    Object {
                      "text": "En ja, hier is het ons om te doen. Oplossingen maken die betekenis hebben. ",
                      "title": "Werk van betekenis",
                    },
                  ],
                }
              }
            />
            <Intro
              introText="Binnen ons bedrijf hebben wij ons visie gestructureerd in wat wij noemen: De Jungle Maslow. Deze wordt hieronder utigelegd. Wij lezen onze maslow van beneden naar boven, dit heeft te maken met hoe het bedrijf is gevestigd. "
              introTitle="Onze structuur"
              pageTitle="1.2 Jungle Maslow"
              tasks={
                Array [
                  Object {
                    "task": "2. Bedenk een vraag over de Jungle Maslow. Deze vraag stel je tijdens de \\"Welkom to the Jungle\\" presentatie.",
                  },
                ]
              }
              textMedia={
                Object {
                  "image": "./images/jungle_maslow.png",
                  "mediaCaption": "Ons Jungle Maslow",
                  "text": Array [
                    Object {
                      "text": "Jungle Minds is gewoon van Jungle Minds en zo willen we het graag houden. Dus geen externe aandeelhouders en verborgen belangen. Want onze onafhankelijkheid geeft ons rust en vooral de ruimte om onze eigen creatieve ambitie na te jagen en soms ook gewoon ergens nee tegen te zeggen.",
                      "title": "Financiële autonomie",
                    },
                    Object {
                      "text": "Goede mensen zoeken goede mensen om mee te werken. En dus leggen we de lat hoog, hechten we veel waarde aan cultuur en investeren we flink in de persoonlijk ontwikkeling van onze mensen.",
                      "title": "Een ijzersterk team op een fijne plek ",
                    },
                    Object {
                      "text": "We bedenken en maken oplossingen voor complexe vraagstukken waar we trots op zijn. Het is mooi om te zien dat de werkelijkheid zoals we hem voorstelden vaak echt goed uitpakt. En dat ons werk nieuwe vragen van nieuwe klanten oproept die we ook mogen beantwoorden is dan natuurlijk heel mooi meegenomen.",
                      "title": "Een portfolio met smoel",
                    },
                    Object {
                      "text": "En ja, hier is het ons om te doen. Oplossingen maken die betekenis hebben. ",
                      "title": "Werk van betekenis",
                    },
                  ],
                }
              }
            />
            <TextAndImage
              image="./images/jungle_maslow.png"
              mediaCaption="Ons Jungle Maslow"
              text={
                Array [
                  Object {
                    "text": "Jungle Minds is gewoon van Jungle Minds en zo willen we het graag houden. Dus geen externe aandeelhouders en verborgen belangen. Want onze onafhankelijkheid geeft ons rust en vooral de ruimte om onze eigen creatieve ambitie na te jagen en soms ook gewoon ergens nee tegen te zeggen.",
                    "title": "Financiële autonomie",
                  },
                  Object {
                    "text": "Goede mensen zoeken goede mensen om mee te werken. En dus leggen we de lat hoog, hechten we veel waarde aan cultuur en investeren we flink in de persoonlijk ontwikkeling van onze mensen.",
                    "title": "Een ijzersterk team op een fijne plek ",
                  },
                  Object {
                    "text": "We bedenken en maken oplossingen voor complexe vraagstukken waar we trots op zijn. Het is mooi om te zien dat de werkelijkheid zoals we hem voorstelden vaak echt goed uitpakt. En dat ons werk nieuwe vragen van nieuwe klanten oproept die we ook mogen beantwoorden is dan natuurlijk heel mooi meegenomen.",
                    "title": "Een portfolio met smoel",
                  },
                  Object {
                    "text": "En ja, hier is het ons om te doen. Oplossingen maken die betekenis hebben. ",
                    "title": "Werk van betekenis",
                  },
                ]
              }
            />
          </header>
          <Task
            introText="Binnen ons bedrijf hebben wij ons visie gestructureerd in wat wij noemen: De Jungle Maslow. Deze wordt hieronder utigelegd. Wij lezen onze maslow van beneden naar boven, dit heeft te maken met hoe het bedrijf is gevestigd. "
            introTitle="Onze structuur"
            pageTitle="1.2 Jungle Maslow"
            tasks={
              Array [
                Object {
                  "task": "2. Bedenk een vraag over de Jungle Maslow. Deze vraag stel je tijdens de \\"Welkom to the Jungle\\" presentatie.",
                },
              ]
            }
            textMedia={
              Object {
                "image": "./images/jungle_maslow.png",
                "mediaCaption": "Ons Jungle Maslow",
                "text": Array [
                  Object {
                    "text": "Jungle Minds is gewoon van Jungle Minds en zo willen we het graag houden. Dus geen externe aandeelhouders en verborgen belangen. Want onze onafhankelijkheid geeft ons rust en vooral de ruimte om onze eigen creatieve ambitie na te jagen en soms ook gewoon ergens nee tegen te zeggen.",
                    "title": "Financiële autonomie",
                  },
                  Object {
                    "text": "Goede mensen zoeken goede mensen om mee te werken. En dus leggen we de lat hoog, hechten we veel waarde aan cultuur en investeren we flink in de persoonlijk ontwikkeling van onze mensen.",
                    "title": "Een ijzersterk team op een fijne plek ",
                  },
                  Object {
                    "text": "We bedenken en maken oplossingen voor complexe vraagstukken waar we trots op zijn. Het is mooi om te zien dat de werkelijkheid zoals we hem voorstelden vaak echt goed uitpakt. En dat ons werk nieuwe vragen van nieuwe klanten oproept die we ook mogen beantwoorden is dan natuurlijk heel mooi meegenomen.",
                    "title": "Een portfolio met smoel",
                  },
                  Object {
                    "text": "En ja, hier is het ons om te doen. Oplossingen maken die betekenis hebben. ",
                    "title": "Werk van betekenis",
                  },
                ],
              }
            }
          />
        </Grid>,
      ],
      "className": "jungleMinds",
      "data-test": undefined,
    },
    "ref": null,
    "rendered": Array [
      Object {
        "instance": null,
        "key": undefined,
        "nodeType": "class",
        "props": Object {
          "defer": true,
          "encodeSpecialCharacters": true,
          "title": "J ungleMinds",
        },
        "ref": null,
        "rendered": null,
        "type": [Function],
      },
      Object {
        "instance": null,
        "key": undefined,
        "nodeType": "function",
        "props": Object {
          "children": Array [
            <header>
              <PageTitle
                introText="Binnen ons bedrijf hebben wij ons visie gestructureerd in wat wij noemen: De Jungle Maslow. Deze wordt hieronder utigelegd. Wij lezen onze maslow van beneden naar boven, dit heeft te maken met hoe het bedrijf is gevestigd. "
                introTitle="Onze structuur"
                pageTitle="1.2 Jungle Maslow"
                tasks={
                  Array [
                    Object {
                      "task": "2. Bedenk een vraag over de Jungle Maslow. Deze vraag stel je tijdens de \\"Welkom to the Jungle\\" presentatie.",
                    },
                  ]
                }
                textMedia={
                  Object {
                    "image": "./images/jungle_maslow.png",
                    "mediaCaption": "Ons Jungle Maslow",
                    "text": Array [
                      Object {
                        "text": "Jungle Minds is gewoon van Jungle Minds en zo willen we het graag houden. Dus geen externe aandeelhouders en verborgen belangen. Want onze onafhankelijkheid geeft ons rust en vooral de ruimte om onze eigen creatieve ambitie na te jagen en soms ook gewoon ergens nee tegen te zeggen.",
                        "title": "Financiële autonomie",
                      },
                      Object {
                        "text": "Goede mensen zoeken goede mensen om mee te werken. En dus leggen we de lat hoog, hechten we veel waarde aan cultuur en investeren we flink in de persoonlijk ontwikkeling van onze mensen.",
                        "title": "Een ijzersterk team op een fijne plek ",
                      },
                      Object {
                        "text": "We bedenken en maken oplossingen voor complexe vraagstukken waar we trots op zijn. Het is mooi om te zien dat de werkelijkheid zoals we hem voorstelden vaak echt goed uitpakt. En dat ons werk nieuwe vragen van nieuwe klanten oproept die we ook mogen beantwoorden is dan natuurlijk heel mooi meegenomen.",
                        "title": "Een portfolio met smoel",
                      },
                      Object {
                        "text": "En ja, hier is het ons om te doen. Oplossingen maken die betekenis hebben. ",
                        "title": "Werk van betekenis",
                      },
                    ],
                  }
                }
              />
              <Intro
                introText="Binnen ons bedrijf hebben wij ons visie gestructureerd in wat wij noemen: De Jungle Maslow. Deze wordt hieronder utigelegd. Wij lezen onze maslow van beneden naar boven, dit heeft te maken met hoe het bedrijf is gevestigd. "
                introTitle="Onze structuur"
                pageTitle="1.2 Jungle Maslow"
                tasks={
                  Array [
                    Object {
                      "task": "2. Bedenk een vraag over de Jungle Maslow. Deze vraag stel je tijdens de \\"Welkom to the Jungle\\" presentatie.",
                    },
                  ]
                }
                textMedia={
                  Object {
                    "image": "./images/jungle_maslow.png",
                    "mediaCaption": "Ons Jungle Maslow",
                    "text": Array [
                      Object {
                        "text": "Jungle Minds is gewoon van Jungle Minds en zo willen we het graag houden. Dus geen externe aandeelhouders en verborgen belangen. Want onze onafhankelijkheid geeft ons rust en vooral de ruimte om onze eigen creatieve ambitie na te jagen en soms ook gewoon ergens nee tegen te zeggen.",
                        "title": "Financiële autonomie",
                      },
                      Object {
                        "text": "Goede mensen zoeken goede mensen om mee te werken. En dus leggen we de lat hoog, hechten we veel waarde aan cultuur en investeren we flink in de persoonlijk ontwikkeling van onze mensen.",
                        "title": "Een ijzersterk team op een fijne plek ",
                      },
                      Object {
                        "text": "We bedenken en maken oplossingen voor complexe vraagstukken waar we trots op zijn. Het is mooi om te zien dat de werkelijkheid zoals we hem voorstelden vaak echt goed uitpakt. En dat ons werk nieuwe vragen van nieuwe klanten oproept die we ook mogen beantwoorden is dan natuurlijk heel mooi meegenomen.",
                        "title": "Een portfolio met smoel",
                      },
                      Object {
                        "text": "En ja, hier is het ons om te doen. Oplossingen maken die betekenis hebben. ",
                        "title": "Werk van betekenis",
                      },
                    ],
                  }
                }
              />
              <TextAndImage
                image="./images/jungle_maslow.png"
                mediaCaption="Ons Jungle Maslow"
                text={
                  Array [
                    Object {
                      "text": "Jungle Minds is gewoon van Jungle Minds en zo willen we het graag houden. Dus geen externe aandeelhouders en verborgen belangen. Want onze onafhankelijkheid geeft ons rust en vooral de ruimte om onze eigen creatieve ambitie na te jagen en soms ook gewoon ergens nee tegen te zeggen.",
                      "title": "Financiële autonomie",
                    },
                    Object {
                      "text": "Goede mensen zoeken goede mensen om mee te werken. En dus leggen we de lat hoog, hechten we veel waarde aan cultuur en investeren we flink in de persoonlijk ontwikkeling van onze mensen.",
                      "title": "Een ijzersterk team op een fijne plek ",
                    },
                    Object {
                      "text": "We bedenken en maken oplossingen voor complexe vraagstukken waar we trots op zijn. Het is mooi om te zien dat de werkelijkheid zoals we hem voorstelden vaak echt goed uitpakt. En dat ons werk nieuwe vragen van nieuwe klanten oproept die we ook mogen beantwoorden is dan natuurlijk heel mooi meegenomen.",
                      "title": "Een portfolio met smoel",
                    },
                    Object {
                      "text": "En ja, hier is het ons om te doen. Oplossingen maken die betekenis hebben. ",
                      "title": "Werk van betekenis",
                    },
                  ]
                }
              />
            </header>,
            <Task
              introText="Binnen ons bedrijf hebben wij ons visie gestructureerd in wat wij noemen: De Jungle Maslow. Deze wordt hieronder utigelegd. Wij lezen onze maslow van beneden naar boven, dit heeft te maken met hoe het bedrijf is gevestigd. "
              introTitle="Onze structuur"
              pageTitle="1.2 Jungle Maslow"
              tasks={
                Array [
                  Object {
                    "task": "2. Bedenk een vraag over de Jungle Maslow. Deze vraag stel je tijdens de \\"Welkom to the Jungle\\" presentatie.",
                  },
                ]
              }
              textMedia={
                Object {
                  "image": "./images/jungle_maslow.png",
                  "mediaCaption": "Ons Jungle Maslow",
                  "text": Array [
                    Object {
                      "text": "Jungle Minds is gewoon van Jungle Minds en zo willen we het graag houden. Dus geen externe aandeelhouders en verborgen belangen. Want onze onafhankelijkheid geeft ons rust en vooral de ruimte om onze eigen creatieve ambitie na te jagen en soms ook gewoon ergens nee tegen te zeggen.",
                      "title": "Financiële autonomie",
                    },
                    Object {
                      "text": "Goede mensen zoeken goede mensen om mee te werken. En dus leggen we de lat hoog, hechten we veel waarde aan cultuur en investeren we flink in de persoonlijk ontwikkeling van onze mensen.",
                      "title": "Een ijzersterk team op een fijne plek ",
                    },
                    Object {
                      "text": "We bedenken en maken oplossingen voor complexe vraagstukken waar we trots op zijn. Het is mooi om te zien dat de werkelijkheid zoals we hem voorstelden vaak echt goed uitpakt. En dat ons werk nieuwe vragen van nieuwe klanten oproept die we ook mogen beantwoorden is dan natuurlijk heel mooi meegenomen.",
                      "title": "Een portfolio met smoel",
                    },
                    Object {
                      "text": "En ja, hier is het ons om te doen. Oplossingen maken die betekenis hebben. ",
                      "title": "Werk van betekenis",
                    },
                  ],
                }
              }
            />,
          ],
          "page": "jungleMinds",
        },
        "ref": null,
        "rendered": Array [
          Object {
            "instance": null,
            "key": undefined,
            "nodeType": "host",
            "props": Object {
              "children": Array [
                <PageTitle
                  introText="Binnen ons bedrijf hebben wij ons visie gestructureerd in wat wij noemen: De Jungle Maslow. Deze wordt hieronder utigelegd. Wij lezen onze maslow van beneden naar boven, dit heeft te maken met hoe het bedrijf is gevestigd. "
                  introTitle="Onze structuur"
                  pageTitle="1.2 Jungle Maslow"
                  tasks={
                    Array [
                      Object {
                        "task": "2. Bedenk een vraag over de Jungle Maslow. Deze vraag stel je tijdens de \\"Welkom to the Jungle\\" presentatie.",
                      },
                    ]
                  }
                  textMedia={
                    Object {
                      "image": "./images/jungle_maslow.png",
                      "mediaCaption": "Ons Jungle Maslow",
                      "text": Array [
                        Object {
                          "text": "Jungle Minds is gewoon van Jungle Minds en zo willen we het graag houden. Dus geen externe aandeelhouders en verborgen belangen. Want onze onafhankelijkheid geeft ons rust en vooral de ruimte om onze eigen creatieve ambitie na te jagen en soms ook gewoon ergens nee tegen te zeggen.",
                          "title": "Financiële autonomie",
                        },
                        Object {
                          "text": "Goede mensen zoeken goede mensen om mee te werken. En dus leggen we de lat hoog, hechten we veel waarde aan cultuur en investeren we flink in de persoonlijk ontwikkeling van onze mensen.",
                          "title": "Een ijzersterk team op een fijne plek ",
                        },
                        Object {
                          "text": "We bedenken en maken oplossingen voor complexe vraagstukken waar we trots op zijn. Het is mooi om te zien dat de werkelijkheid zoals we hem voorstelden vaak echt goed uitpakt. En dat ons werk nieuwe vragen van nieuwe klanten oproept die we ook mogen beantwoorden is dan natuurlijk heel mooi meegenomen.",
                          "title": "Een portfolio met smoel",
                        },
                        Object {
                          "text": "En ja, hier is het ons om te doen. Oplossingen maken die betekenis hebben. ",
                          "title": "Werk van betekenis",
                        },
                      ],
                    }
                  }
                />,
                <Intro
                  introText="Binnen ons bedrijf hebben wij ons visie gestructureerd in wat wij noemen: De Jungle Maslow. Deze wordt hieronder utigelegd. Wij lezen onze maslow van beneden naar boven, dit heeft te maken met hoe het bedrijf is gevestigd. "
                  introTitle="Onze structuur"
                  pageTitle="1.2 Jungle Maslow"
                  tasks={
                    Array [
                      Object {
                        "task": "2. Bedenk een vraag over de Jungle Maslow. Deze vraag stel je tijdens de \\"Welkom to the Jungle\\" presentatie.",
                      },
                    ]
                  }
                  textMedia={
                    Object {
                      "image": "./images/jungle_maslow.png",
                      "mediaCaption": "Ons Jungle Maslow",
                      "text": Array [
                        Object {
                          "text": "Jungle Minds is gewoon van Jungle Minds en zo willen we het graag houden. Dus geen externe aandeelhouders en verborgen belangen. Want onze onafhankelijkheid geeft ons rust en vooral de ruimte om onze eigen creatieve ambitie na te jagen en soms ook gewoon ergens nee tegen te zeggen.",
                          "title": "Financiële autonomie",
                        },
                        Object {
                          "text": "Goede mensen zoeken goede mensen om mee te werken. En dus leggen we de lat hoog, hechten we veel waarde aan cultuur en investeren we flink in de persoonlijk ontwikkeling van onze mensen.",
                          "title": "Een ijzersterk team op een fijne plek ",
                        },
                        Object {
                          "text": "We bedenken en maken oplossingen voor complexe vraagstukken waar we trots op zijn. Het is mooi om te zien dat de werkelijkheid zoals we hem voorstelden vaak echt goed uitpakt. En dat ons werk nieuwe vragen van nieuwe klanten oproept die we ook mogen beantwoorden is dan natuurlijk heel mooi meegenomen.",
                          "title": "Een portfolio met smoel",
                        },
                        Object {
                          "text": "En ja, hier is het ons om te doen. Oplossingen maken die betekenis hebben. ",
                          "title": "Werk van betekenis",
                        },
                      ],
                    }
                  }
                />,
                <TextAndImage
                  image="./images/jungle_maslow.png"
                  mediaCaption="Ons Jungle Maslow"
                  text={
                    Array [
                      Object {
                        "text": "Jungle Minds is gewoon van Jungle Minds en zo willen we het graag houden. Dus geen externe aandeelhouders en verborgen belangen. Want onze onafhankelijkheid geeft ons rust en vooral de ruimte om onze eigen creatieve ambitie na te jagen en soms ook gewoon ergens nee tegen te zeggen.",
                        "title": "Financiële autonomie",
                      },
                      Object {
                        "text": "Goede mensen zoeken goede mensen om mee te werken. En dus leggen we de lat hoog, hechten we veel waarde aan cultuur en investeren we flink in de persoonlijk ontwikkeling van onze mensen.",
                        "title": "Een ijzersterk team op een fijne plek ",
                      },
                      Object {
                        "text": "We bedenken en maken oplossingen voor complexe vraagstukken waar we trots op zijn. Het is mooi om te zien dat de werkelijkheid zoals we hem voorstelden vaak echt goed uitpakt. En dat ons werk nieuwe vragen van nieuwe klanten oproept die we ook mogen beantwoorden is dan natuurlijk heel mooi meegenomen.",
                        "title": "Een portfolio met smoel",
                      },
                      Object {
                        "text": "En ja, hier is het ons om te doen. Oplossingen maken die betekenis hebben. ",
                        "title": "Werk van betekenis",
                      },
                    ]
                  }
                />,
              ],
            },
            "ref": null,
            "rendered": Array [
              Object {
                "instance": null,
                "key": undefined,
                "nodeType": "function",
                "props": Object {
                  "introText": "Binnen ons bedrijf hebben wij ons visie gestructureerd in wat wij noemen: De Jungle Maslow. Deze wordt hieronder utigelegd. Wij lezen onze maslow van beneden naar boven, dit heeft te maken met hoe het bedrijf is gevestigd. ",
                  "introTitle": "Onze structuur",
                  "pageTitle": "1.2 Jungle Maslow",
                  "tasks": Array [
                    Object {
                      "task": "2. Bedenk een vraag over de Jungle Maslow. Deze vraag stel je tijdens de \\"Welkom to the Jungle\\" presentatie.",
                    },
                  ],
                  "textMedia": Object {
                    "image": "./images/jungle_maslow.png",
                    "mediaCaption": "Ons Jungle Maslow",
                    "text": Array [
                      Object {
                        "text": "Jungle Minds is gewoon van Jungle Minds en zo willen we het graag houden. Dus geen externe aandeelhouders en verborgen belangen. Want onze onafhankelijkheid geeft ons rust en vooral de ruimte om onze eigen creatieve ambitie na te jagen en soms ook gewoon ergens nee tegen te zeggen.",
                        "title": "Financiële autonomie",
                      },
                      Object {
                        "text": "Goede mensen zoeken goede mensen om mee te werken. En dus leggen we de lat hoog, hechten we veel waarde aan cultuur en investeren we flink in de persoonlijk ontwikkeling van onze mensen.",
                        "title": "Een ijzersterk team op een fijne plek ",
                      },
                      Object {
                        "text": "We bedenken en maken oplossingen voor complexe vraagstukken waar we trots op zijn. Het is mooi om te zien dat de werkelijkheid zoals we hem voorstelden vaak echt goed uitpakt. En dat ons werk nieuwe vragen van nieuwe klanten oproept die we ook mogen beantwoorden is dan natuurlijk heel mooi meegenomen.",
                        "title": "Een portfolio met smoel",
                      },
                      Object {
                        "text": "En ja, hier is het ons om te doen. Oplossingen maken die betekenis hebben. ",
                        "title": "Werk van betekenis",
                      },
                    ],
                  },
                },
                "ref": null,
                "rendered": null,
                "type": [Function],
              },
              Object {
                "instance": null,
                "key": undefined,
                "nodeType": "function",
                "props": Object {
                  "introText": "Binnen ons bedrijf hebben wij ons visie gestructureerd in wat wij noemen: De Jungle Maslow. Deze wordt hieronder utigelegd. Wij lezen onze maslow van beneden naar boven, dit heeft te maken met hoe het bedrijf is gevestigd. ",
                  "introTitle": "Onze structuur",
                  "pageTitle": "1.2 Jungle Maslow",
                  "tasks": Array [
                    Object {
                      "task": "2. Bedenk een vraag over de Jungle Maslow. Deze vraag stel je tijdens de \\"Welkom to the Jungle\\" presentatie.",
                    },
                  ],
                  "textMedia": Object {
                    "image": "./images/jungle_maslow.png",
                    "mediaCaption": "Ons Jungle Maslow",
                    "text": Array [
                      Object {
                        "text": "Jungle Minds is gewoon van Jungle Minds en zo willen we het graag houden. Dus geen externe aandeelhouders en verborgen belangen. Want onze onafhankelijkheid geeft ons rust en vooral de ruimte om onze eigen creatieve ambitie na te jagen en soms ook gewoon ergens nee tegen te zeggen.",
                        "title": "Financiële autonomie",
                      },
                      Object {
                        "text": "Goede mensen zoeken goede mensen om mee te werken. En dus leggen we de lat hoog, hechten we veel waarde aan cultuur en investeren we flink in de persoonlijk ontwikkeling van onze mensen.",
                        "title": "Een ijzersterk team op een fijne plek ",
                      },
                      Object {
                        "text": "We bedenken en maken oplossingen voor complexe vraagstukken waar we trots op zijn. Het is mooi om te zien dat de werkelijkheid zoals we hem voorstelden vaak echt goed uitpakt. En dat ons werk nieuwe vragen van nieuwe klanten oproept die we ook mogen beantwoorden is dan natuurlijk heel mooi meegenomen.",
                        "title": "Een portfolio met smoel",
                      },
                      Object {
                        "text": "En ja, hier is het ons om te doen. Oplossingen maken die betekenis hebben. ",
                        "title": "Werk van betekenis",
                      },
                    ],
                  },
                },
                "ref": null,
                "rendered": null,
                "type": [Function],
              },
              Object {
                "instance": null,
                "key": undefined,
                "nodeType": "function",
                "props": Object {
                  "image": "./images/jungle_maslow.png",
                  "mediaCaption": "Ons Jungle Maslow",
                  "text": Array [
                    Object {
                      "text": "Jungle Minds is gewoon van Jungle Minds en zo willen we het graag houden. Dus geen externe aandeelhouders en verborgen belangen. Want onze onafhankelijkheid geeft ons rust en vooral de ruimte om onze eigen creatieve ambitie na te jagen en soms ook gewoon ergens nee tegen te zeggen.",
                      "title": "Financiële autonomie",
                    },
                    Object {
                      "text": "Goede mensen zoeken goede mensen om mee te werken. En dus leggen we de lat hoog, hechten we veel waarde aan cultuur en investeren we flink in de persoonlijk ontwikkeling van onze mensen.",
                      "title": "Een ijzersterk team op een fijne plek ",
                    },
                    Object {
                      "text": "We bedenken en maken oplossingen voor complexe vraagstukken waar we trots op zijn. Het is mooi om te zien dat de werkelijkheid zoals we hem voorstelden vaak echt goed uitpakt. En dat ons werk nieuwe vragen van nieuwe klanten oproept die we ook mogen beantwoorden is dan natuurlijk heel mooi meegenomen.",
                      "title": "Een portfolio met smoel",
                    },
                    Object {
                      "text": "En ja, hier is het ons om te doen. Oplossingen maken die betekenis hebben. ",
                      "title": "Werk van betekenis",
                    },
                  ],
                },
                "ref": null,
                "rendered": null,
                "type": [Function],
              },
            ],
            "type": "header",
          },
          Object {
            "instance": null,
            "key": undefined,
            "nodeType": "function",
            "props": Object {
              "introText": "Binnen ons bedrijf hebben wij ons visie gestructureerd in wat wij noemen: De Jungle Maslow. Deze wordt hieronder utigelegd. Wij lezen onze maslow van beneden naar boven, dit heeft te maken met hoe het bedrijf is gevestigd. ",
              "introTitle": "Onze structuur",
              "pageTitle": "1.2 Jungle Maslow",
              "tasks": Array [
                Object {
                  "task": "2. Bedenk een vraag over de Jungle Maslow. Deze vraag stel je tijdens de \\"Welkom to the Jungle\\" presentatie.",
                },
              ],
              "textMedia": Object {
                "image": "./images/jungle_maslow.png",
                "mediaCaption": "Ons Jungle Maslow",
                "text": Array [
                  Object {
                    "text": "Jungle Minds is gewoon van Jungle Minds en zo willen we het graag houden. Dus geen externe aandeelhouders en verborgen belangen. Want onze onafhankelijkheid geeft ons rust en vooral de ruimte om onze eigen creatieve ambitie na te jagen en soms ook gewoon ergens nee tegen te zeggen.",
                    "title": "Financiële autonomie",
                  },
                  Object {
                    "text": "Goede mensen zoeken goede mensen om mee te werken. En dus leggen we de lat hoog, hechten we veel waarde aan cultuur en investeren we flink in de persoonlijk ontwikkeling van onze mensen.",
                    "title": "Een ijzersterk team op een fijne plek ",
                  },
                  Object {
                    "text": "We bedenken en maken oplossingen voor complexe vraagstukken waar we trots op zijn. Het is mooi om te zien dat de werkelijkheid zoals we hem voorstelden vaak echt goed uitpakt. En dat ons werk nieuwe vragen van nieuwe klanten oproept die we ook mogen beantwoorden is dan natuurlijk heel mooi meegenomen.",
                    "title": "Een portfolio met smoel",
                  },
                  Object {
                    "text": "En ja, hier is het ons om te doen. Oplossingen maken die betekenis hebben. ",
                    "title": "Werk van betekenis",
                  },
                ],
              },
            },
            "ref": null,
            "rendered": null,
            "type": [Function],
          },
        ],
        "type": [Function],
      },
    ],
    "type": "div",
  },
  Symbol(enzyme.__nodes__): Array [
    Object {
      "instance": null,
      "key": undefined,
      "nodeType": "host",
      "props": Object {
        "children": Array [
          <HelmetWrapper
            defer={true}
            encodeSpecialCharacters={true}
            title="J ungleMinds"
          />,
          <Grid
            page="jungleMinds"
          >
            <header>
              <PageTitle
                introText="Binnen ons bedrijf hebben wij ons visie gestructureerd in wat wij noemen: De Jungle Maslow. Deze wordt hieronder utigelegd. Wij lezen onze maslow van beneden naar boven, dit heeft te maken met hoe het bedrijf is gevestigd. "
                introTitle="Onze structuur"
                pageTitle="1.2 Jungle Maslow"
                tasks={
                  Array [
                    Object {
                      "task": "2. Bedenk een vraag over de Jungle Maslow. Deze vraag stel je tijdens de \\"Welkom to the Jungle\\" presentatie.",
                    },
                  ]
                }
                textMedia={
                  Object {
                    "image": "./images/jungle_maslow.png",
                    "mediaCaption": "Ons Jungle Maslow",
                    "text": Array [
                      Object {
                        "text": "Jungle Minds is gewoon van Jungle Minds en zo willen we het graag houden. Dus geen externe aandeelhouders en verborgen belangen. Want onze onafhankelijkheid geeft ons rust en vooral de ruimte om onze eigen creatieve ambitie na te jagen en soms ook gewoon ergens nee tegen te zeggen.",
                        "title": "Financiële autonomie",
                      },
                      Object {
                        "text": "Goede mensen zoeken goede mensen om mee te werken. En dus leggen we de lat hoog, hechten we veel waarde aan cultuur en investeren we flink in de persoonlijk ontwikkeling van onze mensen.",
                        "title": "Een ijzersterk team op een fijne plek ",
                      },
                      Object {
                        "text": "We bedenken en maken oplossingen voor complexe vraagstukken waar we trots op zijn. Het is mooi om te zien dat de werkelijkheid zoals we hem voorstelden vaak echt goed uitpakt. En dat ons werk nieuwe vragen van nieuwe klanten oproept die we ook mogen beantwoorden is dan natuurlijk heel mooi meegenomen.",
                        "title": "Een portfolio met smoel",
                      },
                      Object {
                        "text": "En ja, hier is het ons om te doen. Oplossingen maken die betekenis hebben. ",
                        "title": "Werk van betekenis",
                      },
                    ],
                  }
                }
              />
              <Intro
                introText="Binnen ons bedrijf hebben wij ons visie gestructureerd in wat wij noemen: De Jungle Maslow. Deze wordt hieronder utigelegd. Wij lezen onze maslow van beneden naar boven, dit heeft te maken met hoe het bedrijf is gevestigd. "
                introTitle="Onze structuur"
                pageTitle="1.2 Jungle Maslow"
                tasks={
                  Array [
                    Object {
                      "task": "2. Bedenk een vraag over de Jungle Maslow. Deze vraag stel je tijdens de \\"Welkom to the Jungle\\" presentatie.",
                    },
                  ]
                }
                textMedia={
                  Object {
                    "image": "./images/jungle_maslow.png",
                    "mediaCaption": "Ons Jungle Maslow",
                    "text": Array [
                      Object {
                        "text": "Jungle Minds is gewoon van Jungle Minds en zo willen we het graag houden. Dus geen externe aandeelhouders en verborgen belangen. Want onze onafhankelijkheid geeft ons rust en vooral de ruimte om onze eigen creatieve ambitie na te jagen en soms ook gewoon ergens nee tegen te zeggen.",
                        "title": "Financiële autonomie",
                      },
                      Object {
                        "text": "Goede mensen zoeken goede mensen om mee te werken. En dus leggen we de lat hoog, hechten we veel waarde aan cultuur en investeren we flink in de persoonlijk ontwikkeling van onze mensen.",
                        "title": "Een ijzersterk team op een fijne plek ",
                      },
                      Object {
                        "text": "We bedenken en maken oplossingen voor complexe vraagstukken waar we trots op zijn. Het is mooi om te zien dat de werkelijkheid zoals we hem voorstelden vaak echt goed uitpakt. En dat ons werk nieuwe vragen van nieuwe klanten oproept die we ook mogen beantwoorden is dan natuurlijk heel mooi meegenomen.",
                        "title": "Een portfolio met smoel",
                      },
                      Object {
                        "text": "En ja, hier is het ons om te doen. Oplossingen maken die betekenis hebben. ",
                        "title": "Werk van betekenis",
                      },
                    ],
                  }
                }
              />
              <TextAndImage
                image="./images/jungle_maslow.png"
                mediaCaption="Ons Jungle Maslow"
                text={
                  Array [
                    Object {
                      "text": "Jungle Minds is gewoon van Jungle Minds en zo willen we het graag houden. Dus geen externe aandeelhouders en verborgen belangen. Want onze onafhankelijkheid geeft ons rust en vooral de ruimte om onze eigen creatieve ambitie na te jagen en soms ook gewoon ergens nee tegen te zeggen.",
                      "title": "Financiële autonomie",
                    },
                    Object {
                      "text": "Goede mensen zoeken goede mensen om mee te werken. En dus leggen we de lat hoog, hechten we veel waarde aan cultuur en investeren we flink in de persoonlijk ontwikkeling van onze mensen.",
                      "title": "Een ijzersterk team op een fijne plek ",
                    },
                    Object {
                      "text": "We bedenken en maken oplossingen voor complexe vraagstukken waar we trots op zijn. Het is mooi om te zien dat de werkelijkheid zoals we hem voorstelden vaak echt goed uitpakt. En dat ons werk nieuwe vragen van nieuwe klanten oproept die we ook mogen beantwoorden is dan natuurlijk heel mooi meegenomen.",
                      "title": "Een portfolio met smoel",
                    },
                    Object {
                      "text": "En ja, hier is het ons om te doen. Oplossingen maken die betekenis hebben. ",
                      "title": "Werk van betekenis",
                    },
                  ]
                }
              />
            </header>
            <Task
              introText="Binnen ons bedrijf hebben wij ons visie gestructureerd in wat wij noemen: De Jungle Maslow. Deze wordt hieronder utigelegd. Wij lezen onze maslow van beneden naar boven, dit heeft te maken met hoe het bedrijf is gevestigd. "
              introTitle="Onze structuur"
              pageTitle="1.2 Jungle Maslow"
              tasks={
                Array [
                  Object {
                    "task": "2. Bedenk een vraag over de Jungle Maslow. Deze vraag stel je tijdens de \\"Welkom to the Jungle\\" presentatie.",
                  },
                ]
              }
              textMedia={
                Object {
                  "image": "./images/jungle_maslow.png",
                  "mediaCaption": "Ons Jungle Maslow",
                  "text": Array [
                    Object {
                      "text": "Jungle Minds is gewoon van Jungle Minds en zo willen we het graag houden. Dus geen externe aandeelhouders en verborgen belangen. Want onze onafhankelijkheid geeft ons rust en vooral de ruimte om onze eigen creatieve ambitie na te jagen en soms ook gewoon ergens nee tegen te zeggen.",
                      "title": "Financiële autonomie",
                    },
                    Object {
                      "text": "Goede mensen zoeken goede mensen om mee te werken. En dus leggen we de lat hoog, hechten we veel waarde aan cultuur en investeren we flink in de persoonlijk ontwikkeling van onze mensen.",
                      "title": "Een ijzersterk team op een fijne plek ",
                    },
                    Object {
                      "text": "We bedenken en maken oplossingen voor complexe vraagstukken waar we trots op zijn. Het is mooi om te zien dat de werkelijkheid zoals we hem voorstelden vaak echt goed uitpakt. En dat ons werk nieuwe vragen van nieuwe klanten oproept die we ook mogen beantwoorden is dan natuurlijk heel mooi meegenomen.",
                      "title": "Een portfolio met smoel",
                    },
                    Object {
                      "text": "En ja, hier is het ons om te doen. Oplossingen maken die betekenis hebben. ",
                      "title": "Werk van betekenis",
                    },
                  ],
                }
              }
            />
          </Grid>,
        ],
        "className": "jungleMinds",
        "data-test": undefined,
      },
      "ref": null,
      "rendered": Array [
        Object {
          "instance": null,
          "key": undefined,
          "nodeType": "class",
          "props": Object {
            "defer": true,
            "encodeSpecialCharacters": true,
            "title": "J ungleMinds",
          },
          "ref": null,
          "rendered": null,
          "type": [Function],
        },
        Object {
          "instance": null,
          "key": undefined,
          "nodeType": "function",
          "props": Object {
            "children": Array [
              <header>
                <PageTitle
                  introText="Binnen ons bedrijf hebben wij ons visie gestructureerd in wat wij noemen: De Jungle Maslow. Deze wordt hieronder utigelegd. Wij lezen onze maslow van beneden naar boven, dit heeft te maken met hoe het bedrijf is gevestigd. "
                  introTitle="Onze structuur"
                  pageTitle="1.2 Jungle Maslow"
                  tasks={
                    Array [
                      Object {
                        "task": "2. Bedenk een vraag over de Jungle Maslow. Deze vraag stel je tijdens de \\"Welkom to the Jungle\\" presentatie.",
                      },
                    ]
                  }
                  textMedia={
                    Object {
                      "image": "./images/jungle_maslow.png",
                      "mediaCaption": "Ons Jungle Maslow",
                      "text": Array [
                        Object {
                          "text": "Jungle Minds is gewoon van Jungle Minds en zo willen we het graag houden. Dus geen externe aandeelhouders en verborgen belangen. Want onze onafhankelijkheid geeft ons rust en vooral de ruimte om onze eigen creatieve ambitie na te jagen en soms ook gewoon ergens nee tegen te zeggen.",
                          "title": "Financiële autonomie",
                        },
                        Object {
                          "text": "Goede mensen zoeken goede mensen om mee te werken. En dus leggen we de lat hoog, hechten we veel waarde aan cultuur en investeren we flink in de persoonlijk ontwikkeling van onze mensen.",
                          "title": "Een ijzersterk team op een fijne plek ",
                        },
                        Object {
                          "text": "We bedenken en maken oplossingen voor complexe vraagstukken waar we trots op zijn. Het is mooi om te zien dat de werkelijkheid zoals we hem voorstelden vaak echt goed uitpakt. En dat ons werk nieuwe vragen van nieuwe klanten oproept die we ook mogen beantwoorden is dan natuurlijk heel mooi meegenomen.",
                          "title": "Een portfolio met smoel",
                        },
                        Object {
                          "text": "En ja, hier is het ons om te doen. Oplossingen maken die betekenis hebben. ",
                          "title": "Werk van betekenis",
                        },
                      ],
                    }
                  }
                />
                <Intro
                  introText="Binnen ons bedrijf hebben wij ons visie gestructureerd in wat wij noemen: De Jungle Maslow. Deze wordt hieronder utigelegd. Wij lezen onze maslow van beneden naar boven, dit heeft te maken met hoe het bedrijf is gevestigd. "
                  introTitle="Onze structuur"
                  pageTitle="1.2 Jungle Maslow"
                  tasks={
                    Array [
                      Object {
                        "task": "2. Bedenk een vraag over de Jungle Maslow. Deze vraag stel je tijdens de \\"Welkom to the Jungle\\" presentatie.",
                      },
                    ]
                  }
                  textMedia={
                    Object {
                      "image": "./images/jungle_maslow.png",
                      "mediaCaption": "Ons Jungle Maslow",
                      "text": Array [
                        Object {
                          "text": "Jungle Minds is gewoon van Jungle Minds en zo willen we het graag houden. Dus geen externe aandeelhouders en verborgen belangen. Want onze onafhankelijkheid geeft ons rust en vooral de ruimte om onze eigen creatieve ambitie na te jagen en soms ook gewoon ergens nee tegen te zeggen.",
                          "title": "Financiële autonomie",
                        },
                        Object {
                          "text": "Goede mensen zoeken goede mensen om mee te werken. En dus leggen we de lat hoog, hechten we veel waarde aan cultuur en investeren we flink in de persoonlijk ontwikkeling van onze mensen.",
                          "title": "Een ijzersterk team op een fijne plek ",
                        },
                        Object {
                          "text": "We bedenken en maken oplossingen voor complexe vraagstukken waar we trots op zijn. Het is mooi om te zien dat de werkelijkheid zoals we hem voorstelden vaak echt goed uitpakt. En dat ons werk nieuwe vragen van nieuwe klanten oproept die we ook mogen beantwoorden is dan natuurlijk heel mooi meegenomen.",
                          "title": "Een portfolio met smoel",
                        },
                        Object {
                          "text": "En ja, hier is het ons om te doen. Oplossingen maken die betekenis hebben. ",
                          "title": "Werk van betekenis",
                        },
                      ],
                    }
                  }
                />
                <TextAndImage
                  image="./images/jungle_maslow.png"
                  mediaCaption="Ons Jungle Maslow"
                  text={
                    Array [
                      Object {
                        "text": "Jungle Minds is gewoon van Jungle Minds en zo willen we het graag houden. Dus geen externe aandeelhouders en verborgen belangen. Want onze onafhankelijkheid geeft ons rust en vooral de ruimte om onze eigen creatieve ambitie na te jagen en soms ook gewoon ergens nee tegen te zeggen.",
                        "title": "Financiële autonomie",
                      },
                      Object {
                        "text": "Goede mensen zoeken goede mensen om mee te werken. En dus leggen we de lat hoog, hechten we veel waarde aan cultuur en investeren we flink in de persoonlijk ontwikkeling van onze mensen.",
                        "title": "Een ijzersterk team op een fijne plek ",
                      },
                      Object {
                        "text": "We bedenken en maken oplossingen voor complexe vraagstukken waar we trots op zijn. Het is mooi om te zien dat de werkelijkheid zoals we hem voorstelden vaak echt goed uitpakt. En dat ons werk nieuwe vragen van nieuwe klanten oproept die we ook mogen beantwoorden is dan natuurlijk heel mooi meegenomen.",
                        "title": "Een portfolio met smoel",
                      },
                      Object {
                        "text": "En ja, hier is het ons om te doen. Oplossingen maken die betekenis hebben. ",
                        "title": "Werk van betekenis",
                      },
                    ]
                  }
                />
              </header>,
              <Task
                introText="Binnen ons bedrijf hebben wij ons visie gestructureerd in wat wij noemen: De Jungle Maslow. Deze wordt hieronder utigelegd. Wij lezen onze maslow van beneden naar boven, dit heeft te maken met hoe het bedrijf is gevestigd. "
                introTitle="Onze structuur"
                pageTitle="1.2 Jungle Maslow"
                tasks={
                  Array [
                    Object {
                      "task": "2. Bedenk een vraag over de Jungle Maslow. Deze vraag stel je tijdens de \\"Welkom to the Jungle\\" presentatie.",
                    },
                  ]
                }
                textMedia={
                  Object {
                    "image": "./images/jungle_maslow.png",
                    "mediaCaption": "Ons Jungle Maslow",
                    "text": Array [
                      Object {
                        "text": "Jungle Minds is gewoon van Jungle Minds en zo willen we het graag houden. Dus geen externe aandeelhouders en verborgen belangen. Want onze onafhankelijkheid geeft ons rust en vooral de ruimte om onze eigen creatieve ambitie na te jagen en soms ook gewoon ergens nee tegen te zeggen.",
                        "title": "Financiële autonomie",
                      },
                      Object {
                        "text": "Goede mensen zoeken goede mensen om mee te werken. En dus leggen we de lat hoog, hechten we veel waarde aan cultuur en investeren we flink in de persoonlijk ontwikkeling van onze mensen.",
                        "title": "Een ijzersterk team op een fijne plek ",
                      },
                      Object {
                        "text": "We bedenken en maken oplossingen voor complexe vraagstukken waar we trots op zijn. Het is mooi om te zien dat de werkelijkheid zoals we hem voorstelden vaak echt goed uitpakt. En dat ons werk nieuwe vragen van nieuwe klanten oproept die we ook mogen beantwoorden is dan natuurlijk heel mooi meegenomen.",
                        "title": "Een portfolio met smoel",
                      },
                      Object {
                        "text": "En ja, hier is het ons om te doen. Oplossingen maken die betekenis hebben. ",
                        "title": "Werk van betekenis",
                      },
                    ],
                  }
                }
              />,
            ],
            "page": "jungleMinds",
          },
          "ref": null,
          "rendered": Array [
            Object {
              "instance": null,
              "key": undefined,
              "nodeType": "host",
              "props": Object {
                "children": Array [
                  <PageTitle
                    introText="Binnen ons bedrijf hebben wij ons visie gestructureerd in wat wij noemen: De Jungle Maslow. Deze wordt hieronder utigelegd. Wij lezen onze maslow van beneden naar boven, dit heeft te maken met hoe het bedrijf is gevestigd. "
                    introTitle="Onze structuur"
                    pageTitle="1.2 Jungle Maslow"
                    tasks={
                      Array [
                        Object {
                          "task": "2. Bedenk een vraag over de Jungle Maslow. Deze vraag stel je tijdens de \\"Welkom to the Jungle\\" presentatie.",
                        },
                      ]
                    }
                    textMedia={
                      Object {
                        "image": "./images/jungle_maslow.png",
                        "mediaCaption": "Ons Jungle Maslow",
                        "text": Array [
                          Object {
                            "text": "Jungle Minds is gewoon van Jungle Minds en zo willen we het graag houden. Dus geen externe aandeelhouders en verborgen belangen. Want onze onafhankelijkheid geeft ons rust en vooral de ruimte om onze eigen creatieve ambitie na te jagen en soms ook gewoon ergens nee tegen te zeggen.",
                            "title": "Financiële autonomie",
                          },
                          Object {
                            "text": "Goede mensen zoeken goede mensen om mee te werken. En dus leggen we de lat hoog, hechten we veel waarde aan cultuur en investeren we flink in de persoonlijk ontwikkeling van onze mensen.",
                            "title": "Een ijzersterk team op een fijne plek ",
                          },
                          Object {
                            "text": "We bedenken en maken oplossingen voor complexe vraagstukken waar we trots op zijn. Het is mooi om te zien dat de werkelijkheid zoals we hem voorstelden vaak echt goed uitpakt. En dat ons werk nieuwe vragen van nieuwe klanten oproept die we ook mogen beantwoorden is dan natuurlijk heel mooi meegenomen.",
                            "title": "Een portfolio met smoel",
                          },
                          Object {
                            "text": "En ja, hier is het ons om te doen. Oplossingen maken die betekenis hebben. ",
                            "title": "Werk van betekenis",
                          },
                        ],
                      }
                    }
                  />,
                  <Intro
                    introText="Binnen ons bedrijf hebben wij ons visie gestructureerd in wat wij noemen: De Jungle Maslow. Deze wordt hieronder utigelegd. Wij lezen onze maslow van beneden naar boven, dit heeft te maken met hoe het bedrijf is gevestigd. "
                    introTitle="Onze structuur"
                    pageTitle="1.2 Jungle Maslow"
                    tasks={
                      Array [
                        Object {
                          "task": "2. Bedenk een vraag over de Jungle Maslow. Deze vraag stel je tijdens de \\"Welkom to the Jungle\\" presentatie.",
                        },
                      ]
                    }
                    textMedia={
                      Object {
                        "image": "./images/jungle_maslow.png",
                        "mediaCaption": "Ons Jungle Maslow",
                        "text": Array [
                          Object {
                            "text": "Jungle Minds is gewoon van Jungle Minds en zo willen we het graag houden. Dus geen externe aandeelhouders en verborgen belangen. Want onze onafhankelijkheid geeft ons rust en vooral de ruimte om onze eigen creatieve ambitie na te jagen en soms ook gewoon ergens nee tegen te zeggen.",
                            "title": "Financiële autonomie",
                          },
                          Object {
                            "text": "Goede mensen zoeken goede mensen om mee te werken. En dus leggen we de lat hoog, hechten we veel waarde aan cultuur en investeren we flink in de persoonlijk ontwikkeling van onze mensen.",
                            "title": "Een ijzersterk team op een fijne plek ",
                          },
                          Object {
                            "text": "We bedenken en maken oplossingen voor complexe vraagstukken waar we trots op zijn. Het is mooi om te zien dat de werkelijkheid zoals we hem voorstelden vaak echt goed uitpakt. En dat ons werk nieuwe vragen van nieuwe klanten oproept die we ook mogen beantwoorden is dan natuurlijk heel mooi meegenomen.",
                            "title": "Een portfolio met smoel",
                          },
                          Object {
                            "text": "En ja, hier is het ons om te doen. Oplossingen maken die betekenis hebben. ",
                            "title": "Werk van betekenis",
                          },
                        ],
                      }
                    }
                  />,
                  <TextAndImage
                    image="./images/jungle_maslow.png"
                    mediaCaption="Ons Jungle Maslow"
                    text={
                      Array [
                        Object {
                          "text": "Jungle Minds is gewoon van Jungle Minds en zo willen we het graag houden. Dus geen externe aandeelhouders en verborgen belangen. Want onze onafhankelijkheid geeft ons rust en vooral de ruimte om onze eigen creatieve ambitie na te jagen en soms ook gewoon ergens nee tegen te zeggen.",
                          "title": "Financiële autonomie",
                        },
                        Object {
                          "text": "Goede mensen zoeken goede mensen om mee te werken. En dus leggen we de lat hoog, hechten we veel waarde aan cultuur en investeren we flink in de persoonlijk ontwikkeling van onze mensen.",
                          "title": "Een ijzersterk team op een fijne plek ",
                        },
                        Object {
                          "text": "We bedenken en maken oplossingen voor complexe vraagstukken waar we trots op zijn. Het is mooi om te zien dat de werkelijkheid zoals we hem voorstelden vaak echt goed uitpakt. En dat ons werk nieuwe vragen van nieuwe klanten oproept die we ook mogen beantwoorden is dan natuurlijk heel mooi meegenomen.",
                          "title": "Een portfolio met smoel",
                        },
                        Object {
                          "text": "En ja, hier is het ons om te doen. Oplossingen maken die betekenis hebben. ",
                          "title": "Werk van betekenis",
                        },
                      ]
                    }
                  />,
                ],
              },
              "ref": null,
              "rendered": Array [
                Object {
                  "instance": null,
                  "key": undefined,
                  "nodeType": "function",
                  "props": Object {
                    "introText": "Binnen ons bedrijf hebben wij ons visie gestructureerd in wat wij noemen: De Jungle Maslow. Deze wordt hieronder utigelegd. Wij lezen onze maslow van beneden naar boven, dit heeft te maken met hoe het bedrijf is gevestigd. ",
                    "introTitle": "Onze structuur",
                    "pageTitle": "1.2 Jungle Maslow",
                    "tasks": Array [
                      Object {
                        "task": "2. Bedenk een vraag over de Jungle Maslow. Deze vraag stel je tijdens de \\"Welkom to the Jungle\\" presentatie.",
                      },
                    ],
                    "textMedia": Object {
                      "image": "./images/jungle_maslow.png",
                      "mediaCaption": "Ons Jungle Maslow",
                      "text": Array [
                        Object {
                          "text": "Jungle Minds is gewoon van Jungle Minds en zo willen we het graag houden. Dus geen externe aandeelhouders en verborgen belangen. Want onze onafhankelijkheid geeft ons rust en vooral de ruimte om onze eigen creatieve ambitie na te jagen en soms ook gewoon ergens nee tegen te zeggen.",
                          "title": "Financiële autonomie",
                        },
                        Object {
                          "text": "Goede mensen zoeken goede mensen om mee te werken. En dus leggen we de lat hoog, hechten we veel waarde aan cultuur en investeren we flink in de persoonlijk ontwikkeling van onze mensen.",
                          "title": "Een ijzersterk team op een fijne plek ",
                        },
                        Object {
                          "text": "We bedenken en maken oplossingen voor complexe vraagstukken waar we trots op zijn. Het is mooi om te zien dat de werkelijkheid zoals we hem voorstelden vaak echt goed uitpakt. En dat ons werk nieuwe vragen van nieuwe klanten oproept die we ook mogen beantwoorden is dan natuurlijk heel mooi meegenomen.",
                          "title": "Een portfolio met smoel",
                        },
                        Object {
                          "text": "En ja, hier is het ons om te doen. Oplossingen maken die betekenis hebben. ",
                          "title": "Werk van betekenis",
                        },
                      ],
                    },
                  },
                  "ref": null,
                  "rendered": null,
                  "type": [Function],
                },
                Object {
                  "instance": null,
                  "key": undefined,
                  "nodeType": "function",
                  "props": Object {
                    "introText": "Binnen ons bedrijf hebben wij ons visie gestructureerd in wat wij noemen: De Jungle Maslow. Deze wordt hieronder utigelegd. Wij lezen onze maslow van beneden naar boven, dit heeft te maken met hoe het bedrijf is gevestigd. ",
                    "introTitle": "Onze structuur",
                    "pageTitle": "1.2 Jungle Maslow",
                    "tasks": Array [
                      Object {
                        "task": "2. Bedenk een vraag over de Jungle Maslow. Deze vraag stel je tijdens de \\"Welkom to the Jungle\\" presentatie.",
                      },
                    ],
                    "textMedia": Object {
                      "image": "./images/jungle_maslow.png",
                      "mediaCaption": "Ons Jungle Maslow",
                      "text": Array [
                        Object {
                          "text": "Jungle Minds is gewoon van Jungle Minds en zo willen we het graag houden. Dus geen externe aandeelhouders en verborgen belangen. Want onze onafhankelijkheid geeft ons rust en vooral de ruimte om onze eigen creatieve ambitie na te jagen en soms ook gewoon ergens nee tegen te zeggen.",
                          "title": "Financiële autonomie",
                        },
                        Object {
                          "text": "Goede mensen zoeken goede mensen om mee te werken. En dus leggen we de lat hoog, hechten we veel waarde aan cultuur en investeren we flink in de persoonlijk ontwikkeling van onze mensen.",
                          "title": "Een ijzersterk team op een fijne plek ",
                        },
                        Object {
                          "text": "We bedenken en maken oplossingen voor complexe vraagstukken waar we trots op zijn. Het is mooi om te zien dat de werkelijkheid zoals we hem voorstelden vaak echt goed uitpakt. En dat ons werk nieuwe vragen van nieuwe klanten oproept die we ook mogen beantwoorden is dan natuurlijk heel mooi meegenomen.",
                          "title": "Een portfolio met smoel",
                        },
                        Object {
                          "text": "En ja, hier is het ons om te doen. Oplossingen maken die betekenis hebben. ",
                          "title": "Werk van betekenis",
                        },
                      ],
                    },
                  },
                  "ref": null,
                  "rendered": null,
                  "type": [Function],
                },
                Object {
                  "instance": null,
                  "key": undefined,
                  "nodeType": "function",
                  "props": Object {
                    "image": "./images/jungle_maslow.png",
                    "mediaCaption": "Ons Jungle Maslow",
                    "text": Array [
                      Object {
                        "text": "Jungle Minds is gewoon van Jungle Minds en zo willen we het graag houden. Dus geen externe aandeelhouders en verborgen belangen. Want onze onafhankelijkheid geeft ons rust en vooral de ruimte om onze eigen creatieve ambitie na te jagen en soms ook gewoon ergens nee tegen te zeggen.",
                        "title": "Financiële autonomie",
                      },
                      Object {
                        "text": "Goede mensen zoeken goede mensen om mee te werken. En dus leggen we de lat hoog, hechten we veel waarde aan cultuur en investeren we flink in de persoonlijk ontwikkeling van onze mensen.",
                        "title": "Een ijzersterk team op een fijne plek ",
                      },
                      Object {
                        "text": "We bedenken en maken oplossingen voor complexe vraagstukken waar we trots op zijn. Het is mooi om te zien dat de werkelijkheid zoals we hem voorstelden vaak echt goed uitpakt. En dat ons werk nieuwe vragen van nieuwe klanten oproept die we ook mogen beantwoorden is dan natuurlijk heel mooi meegenomen.",
                        "title": "Een portfolio met smoel",
                      },
                      Object {
                        "text": "En ja, hier is het ons om te doen. Oplossingen maken die betekenis hebben. ",
                        "title": "Werk van betekenis",
                      },
                    ],
                  },
                  "ref": null,
                  "rendered": null,
                  "type": [Function],
                },
              ],
              "type": "header",
            },
            Object {
              "instance": null,
              "key": undefined,
              "nodeType": "function",
              "props": Object {
                "introText": "Binnen ons bedrijf hebben wij ons visie gestructureerd in wat wij noemen: De Jungle Maslow. Deze wordt hieronder utigelegd. Wij lezen onze maslow van beneden naar boven, dit heeft te maken met hoe het bedrijf is gevestigd. ",
                "introTitle": "Onze structuur",
                "pageTitle": "1.2 Jungle Maslow",
                "tasks": Array [
                  Object {
                    "task": "2. Bedenk een vraag over de Jungle Maslow. Deze vraag stel je tijdens de \\"Welkom to the Jungle\\" presentatie.",
                  },
                ],
                "textMedia": Object {
                  "image": "./images/jungle_maslow.png",
                  "mediaCaption": "Ons Jungle Maslow",
                  "text": Array [
                    Object {
                      "text": "Jungle Minds is gewoon van Jungle Minds en zo willen we het graag houden. Dus geen externe aandeelhouders en verborgen belangen. Want onze onafhankelijkheid geeft ons rust en vooral de ruimte om onze eigen creatieve ambitie na te jagen en soms ook gewoon ergens nee tegen te zeggen.",
                      "title": "Financiële autonomie",
                    },
                    Object {
                      "text": "Goede mensen zoeken goede mensen om mee te werken. En dus leggen we de lat hoog, hechten we veel waarde aan cultuur en investeren we flink in de persoonlijk ontwikkeling van onze mensen.",
                      "title": "Een ijzersterk team op een fijne plek ",
                    },
                    Object {
                      "text": "We bedenken en maken oplossingen voor complexe vraagstukken waar we trots op zijn. Het is mooi om te zien dat de werkelijkheid zoals we hem voorstelden vaak echt goed uitpakt. En dat ons werk nieuwe vragen van nieuwe klanten oproept die we ook mogen beantwoorden is dan natuurlijk heel mooi meegenomen.",
                      "title": "Een portfolio met smoel",
                    },
                    Object {
                      "text": "En ja, hier is het ons om te doen. Oplossingen maken die betekenis hebben. ",
                      "title": "Werk van betekenis",
                    },
                  ],
                },
              },
              "ref": null,
              "rendered": null,
              "type": [Function],
            },
          ],
          "type": [Function],
        },
      ],
      "type": "div",
    },
  ],
  Symbol(enzyme.__options__): Object {
    "adapter": ReactSixteenAdapter {
      "options": Object {
        "enableComponentDidUpdateOnSetState": true,
      },
    },
  },
}
`;
