// Jest Snapshot v1, https://goo.gl/fbAQLP

exports[`renders without crashing 1`] = `
ShallowWrapper {
  "length": 1,
  Symbol(enzyme.__root__): [Circular],
  Symbol(enzyme.__unrendered__): <JungleMinds />,
  Symbol(enzyme.__renderer__): Object {
    "batchedUpdates": [Function],
    "getNode": [Function],
    "render": [Function],
    "simulateEvent": [Function],
    "unmount": [Function],
  },
  Symbol(enzyme.__node__): Object {
    "instance": null,
    "key": undefined,
    "nodeType": "host",
    "props": Object {
      "children": Array [
        <HelmetWrapper
          defer={true}
          encodeSpecialCharacters={true}
          title="JungleMinds"
        />,
        <Grid
          page="jungleMinds"
        >
          <header>
            <PageTitle
              introText="Allereerst verwelkomen wij jou graag bij Jungle Minds. We hopen dat dit het begin is van een goede samenwerking. Door deze gids leer je Jungle Minds en jouw collega's beter kennen."
              introTitle="Welkom"
              pageTitle="1 Jungle Minds"
              textMedia={
                Object {
                  "image": "./images/jungle_minds.jpg",
                  "imageAlignment": "left",
                  "mediaCaption": "Jungle Cultuur",
                  "text": Array [
                    Object {
                      "text": "Tijdens deze module leer je meer over de geschiedenis van Jungle Minds en hoe wij als bedrijf gevestigd zijn.
        <h4>
          Module 1: Jungle Minds
        </h4>
        <ul>
        <li>
          1.1 Ons verhaal
        </li>
        <li>
          1.2 Jungle Maslow
        </li>
        <li>
          1.3 Financiën
        </li>
        </ul>
        ",
                      "title": "Week 1",
                    },
                    Object {
                      "text": "Gedurende deze modules krijg je enkele opdrachten toegewegen. Het is de bedoeling dat je deze opdrachten uitvoert voordat je begint met de volgende module. 
        <br />
        Tip: De mandagen zijn de beste dagen om een gesprek aan te gaan met een collega. 
        <ul>
        <li>
          1.4 Opdrachten
        </li>
        </ul>
        ",
                      "title": "Opdrachten",
                    },
                  ],
                }
              }
            />
            <Intro
              introText="Allereerst verwelkomen wij jou graag bij Jungle Minds. We hopen dat dit het begin is van een goede samenwerking. Door deze gids leer je Jungle Minds en jouw collega's beter kennen."
              introTitle="Welkom"
              pageTitle="1 Jungle Minds"
              textMedia={
                Object {
                  "image": "./images/jungle_minds.jpg",
                  "imageAlignment": "left",
                  "mediaCaption": "Jungle Cultuur",
                  "text": Array [
                    Object {
                      "text": "Tijdens deze module leer je meer over de geschiedenis van Jungle Minds en hoe wij als bedrijf gevestigd zijn.
        <h4>
          Module 1: Jungle Minds
        </h4>
        <ul>
        <li>
          1.1 Ons verhaal
        </li>
        <li>
          1.2 Jungle Maslow
        </li>
        <li>
          1.3 Financiën
        </li>
        </ul>
        ",
                      "title": "Week 1",
                    },
                    Object {
                      "text": "Gedurende deze modules krijg je enkele opdrachten toegewegen. Het is de bedoeling dat je deze opdrachten uitvoert voordat je begint met de volgende module. 
        <br />
        Tip: De mandagen zijn de beste dagen om een gesprek aan te gaan met een collega. 
        <ul>
        <li>
          1.4 Opdrachten
        </li>
        </ul>
        ",
                      "title": "Opdrachten",
                    },
                  ],
                }
              }
            />
          </header>
          <TextAndImage
            image="./images/jungle_minds.jpg"
            imageAlignment="left"
            mediaCaption="Jungle Cultuur"
            text={
              Array [
                Object {
                  "text": "Tijdens deze module leer je meer over de geschiedenis van Jungle Minds en hoe wij als bedrijf gevestigd zijn.
        <h4>
          Module 1: Jungle Minds
        </h4>
        <ul>
        <li>
          1.1 Ons verhaal
        </li>
        <li>
          1.2 Jungle Maslow
        </li>
        <li>
          1.3 Financiën
        </li>
        </ul>
        ",
                  "title": "Week 1",
                },
                Object {
                  "text": "Gedurende deze modules krijg je enkele opdrachten toegewegen. Het is de bedoeling dat je deze opdrachten uitvoert voordat je begint met de volgende module. 
        <br />
        Tip: De mandagen zijn de beste dagen om een gesprek aan te gaan met een collega. 
        <ul>
        <li>
          1.4 Opdrachten
        </li>
        </ul>
        ",
                  "title": "Opdrachten",
                },
              ]
            }
          />
        </Grid>,
      ],
      "className": "JungleMinds",
      "data-test": undefined,
    },
    "ref": null,
    "rendered": Array [
      Object {
        "instance": null,
        "key": undefined,
        "nodeType": "class",
        "props": Object {
          "defer": true,
          "encodeSpecialCharacters": true,
          "title": "JungleMinds",
        },
        "ref": null,
        "rendered": null,
        "type": [Function],
      },
      Object {
        "instance": null,
        "key": undefined,
        "nodeType": "function",
        "props": Object {
          "children": Array [
            <header>
              <PageTitle
                introText="Allereerst verwelkomen wij jou graag bij Jungle Minds. We hopen dat dit het begin is van een goede samenwerking. Door deze gids leer je Jungle Minds en jouw collega's beter kennen."
                introTitle="Welkom"
                pageTitle="1 Jungle Minds"
                textMedia={
                  Object {
                    "image": "./images/jungle_minds.jpg",
                    "imageAlignment": "left",
                    "mediaCaption": "Jungle Cultuur",
                    "text": Array [
                      Object {
                        "text": "Tijdens deze module leer je meer over de geschiedenis van Jungle Minds en hoe wij als bedrijf gevestigd zijn.
        <h4>
          Module 1: Jungle Minds
        </h4>
        <ul>
        <li>
          1.1 Ons verhaal
        </li>
        <li>
          1.2 Jungle Maslow
        </li>
        <li>
          1.3 Financiën
        </li>
        </ul>
        ",
                        "title": "Week 1",
                      },
                      Object {
                        "text": "Gedurende deze modules krijg je enkele opdrachten toegewegen. Het is de bedoeling dat je deze opdrachten uitvoert voordat je begint met de volgende module. 
        <br />
        Tip: De mandagen zijn de beste dagen om een gesprek aan te gaan met een collega. 
        <ul>
        <li>
          1.4 Opdrachten
        </li>
        </ul>
        ",
                        "title": "Opdrachten",
                      },
                    ],
                  }
                }
              />
              <Intro
                introText="Allereerst verwelkomen wij jou graag bij Jungle Minds. We hopen dat dit het begin is van een goede samenwerking. Door deze gids leer je Jungle Minds en jouw collega's beter kennen."
                introTitle="Welkom"
                pageTitle="1 Jungle Minds"
                textMedia={
                  Object {
                    "image": "./images/jungle_minds.jpg",
                    "imageAlignment": "left",
                    "mediaCaption": "Jungle Cultuur",
                    "text": Array [
                      Object {
                        "text": "Tijdens deze module leer je meer over de geschiedenis van Jungle Minds en hoe wij als bedrijf gevestigd zijn.
        <h4>
          Module 1: Jungle Minds
        </h4>
        <ul>
        <li>
          1.1 Ons verhaal
        </li>
        <li>
          1.2 Jungle Maslow
        </li>
        <li>
          1.3 Financiën
        </li>
        </ul>
        ",
                        "title": "Week 1",
                      },
                      Object {
                        "text": "Gedurende deze modules krijg je enkele opdrachten toegewegen. Het is de bedoeling dat je deze opdrachten uitvoert voordat je begint met de volgende module. 
        <br />
        Tip: De mandagen zijn de beste dagen om een gesprek aan te gaan met een collega. 
        <ul>
        <li>
          1.4 Opdrachten
        </li>
        </ul>
        ",
                        "title": "Opdrachten",
                      },
                    ],
                  }
                }
              />
            </header>,
            <TextAndImage
              image="./images/jungle_minds.jpg"
              imageAlignment="left"
              mediaCaption="Jungle Cultuur"
              text={
                Array [
                  Object {
                    "text": "Tijdens deze module leer je meer over de geschiedenis van Jungle Minds en hoe wij als bedrijf gevestigd zijn.
        <h4>
          Module 1: Jungle Minds
        </h4>
        <ul>
        <li>
          1.1 Ons verhaal
        </li>
        <li>
          1.2 Jungle Maslow
        </li>
        <li>
          1.3 Financiën
        </li>
        </ul>
        ",
                    "title": "Week 1",
                  },
                  Object {
                    "text": "Gedurende deze modules krijg je enkele opdrachten toegewegen. Het is de bedoeling dat je deze opdrachten uitvoert voordat je begint met de volgende module. 
        <br />
        Tip: De mandagen zijn de beste dagen om een gesprek aan te gaan met een collega. 
        <ul>
        <li>
          1.4 Opdrachten
        </li>
        </ul>
        ",
                    "title": "Opdrachten",
                  },
                ]
              }
            />,
          ],
          "page": "jungleMinds",
        },
        "ref": null,
        "rendered": Array [
          Object {
            "instance": null,
            "key": undefined,
            "nodeType": "host",
            "props": Object {
              "children": Array [
                <PageTitle
                  introText="Allereerst verwelkomen wij jou graag bij Jungle Minds. We hopen dat dit het begin is van een goede samenwerking. Door deze gids leer je Jungle Minds en jouw collega's beter kennen."
                  introTitle="Welkom"
                  pageTitle="1 Jungle Minds"
                  textMedia={
                    Object {
                      "image": "./images/jungle_minds.jpg",
                      "imageAlignment": "left",
                      "mediaCaption": "Jungle Cultuur",
                      "text": Array [
                        Object {
                          "text": "Tijdens deze module leer je meer over de geschiedenis van Jungle Minds en hoe wij als bedrijf gevestigd zijn.
        <h4>
          Module 1: Jungle Minds
        </h4>
        <ul>
        <li>
          1.1 Ons verhaal
        </li>
        <li>
          1.2 Jungle Maslow
        </li>
        <li>
          1.3 Financiën
        </li>
        </ul>
        ",
                          "title": "Week 1",
                        },
                        Object {
                          "text": "Gedurende deze modules krijg je enkele opdrachten toegewegen. Het is de bedoeling dat je deze opdrachten uitvoert voordat je begint met de volgende module. 
        <br />
        Tip: De mandagen zijn de beste dagen om een gesprek aan te gaan met een collega. 
        <ul>
        <li>
          1.4 Opdrachten
        </li>
        </ul>
        ",
                          "title": "Opdrachten",
                        },
                      ],
                    }
                  }
                />,
                <Intro
                  introText="Allereerst verwelkomen wij jou graag bij Jungle Minds. We hopen dat dit het begin is van een goede samenwerking. Door deze gids leer je Jungle Minds en jouw collega's beter kennen."
                  introTitle="Welkom"
                  pageTitle="1 Jungle Minds"
                  textMedia={
                    Object {
                      "image": "./images/jungle_minds.jpg",
                      "imageAlignment": "left",
                      "mediaCaption": "Jungle Cultuur",
                      "text": Array [
                        Object {
                          "text": "Tijdens deze module leer je meer over de geschiedenis van Jungle Minds en hoe wij als bedrijf gevestigd zijn.
        <h4>
          Module 1: Jungle Minds
        </h4>
        <ul>
        <li>
          1.1 Ons verhaal
        </li>
        <li>
          1.2 Jungle Maslow
        </li>
        <li>
          1.3 Financiën
        </li>
        </ul>
        ",
                          "title": "Week 1",
                        },
                        Object {
                          "text": "Gedurende deze modules krijg je enkele opdrachten toegewegen. Het is de bedoeling dat je deze opdrachten uitvoert voordat je begint met de volgende module. 
        <br />
        Tip: De mandagen zijn de beste dagen om een gesprek aan te gaan met een collega. 
        <ul>
        <li>
          1.4 Opdrachten
        </li>
        </ul>
        ",
                          "title": "Opdrachten",
                        },
                      ],
                    }
                  }
                />,
              ],
            },
            "ref": null,
            "rendered": Array [
              Object {
                "instance": null,
                "key": undefined,
                "nodeType": "function",
                "props": Object {
                  "introText": "Allereerst verwelkomen wij jou graag bij Jungle Minds. We hopen dat dit het begin is van een goede samenwerking. Door deze gids leer je Jungle Minds en jouw collega's beter kennen.",
                  "introTitle": "Welkom",
                  "pageTitle": "1 Jungle Minds",
                  "textMedia": Object {
                    "image": "./images/jungle_minds.jpg",
                    "imageAlignment": "left",
                    "mediaCaption": "Jungle Cultuur",
                    "text": Array [
                      Object {
                        "text": "Tijdens deze module leer je meer over de geschiedenis van Jungle Minds en hoe wij als bedrijf gevestigd zijn.
        <h4>
          Module 1: Jungle Minds
        </h4>
        <ul>
        <li>
          1.1 Ons verhaal
        </li>
        <li>
          1.2 Jungle Maslow
        </li>
        <li>
          1.3 Financiën
        </li>
        </ul>
        ",
                        "title": "Week 1",
                      },
                      Object {
                        "text": "Gedurende deze modules krijg je enkele opdrachten toegewegen. Het is de bedoeling dat je deze opdrachten uitvoert voordat je begint met de volgende module. 
        <br />
        Tip: De mandagen zijn de beste dagen om een gesprek aan te gaan met een collega. 
        <ul>
        <li>
          1.4 Opdrachten
        </li>
        </ul>
        ",
                        "title": "Opdrachten",
                      },
                    ],
                  },
                },
                "ref": null,
                "rendered": null,
                "type": [Function],
              },
              Object {
                "instance": null,
                "key": undefined,
                "nodeType": "function",
                "props": Object {
                  "introText": "Allereerst verwelkomen wij jou graag bij Jungle Minds. We hopen dat dit het begin is van een goede samenwerking. Door deze gids leer je Jungle Minds en jouw collega's beter kennen.",
                  "introTitle": "Welkom",
                  "pageTitle": "1 Jungle Minds",
                  "textMedia": Object {
                    "image": "./images/jungle_minds.jpg",
                    "imageAlignment": "left",
                    "mediaCaption": "Jungle Cultuur",
                    "text": Array [
                      Object {
                        "text": "Tijdens deze module leer je meer over de geschiedenis van Jungle Minds en hoe wij als bedrijf gevestigd zijn.
        <h4>
          Module 1: Jungle Minds
        </h4>
        <ul>
        <li>
          1.1 Ons verhaal
        </li>
        <li>
          1.2 Jungle Maslow
        </li>
        <li>
          1.3 Financiën
        </li>
        </ul>
        ",
                        "title": "Week 1",
                      },
                      Object {
                        "text": "Gedurende deze modules krijg je enkele opdrachten toegewegen. Het is de bedoeling dat je deze opdrachten uitvoert voordat je begint met de volgende module. 
        <br />
        Tip: De mandagen zijn de beste dagen om een gesprek aan te gaan met een collega. 
        <ul>
        <li>
          1.4 Opdrachten
        </li>
        </ul>
        ",
                        "title": "Opdrachten",
                      },
                    ],
                  },
                },
                "ref": null,
                "rendered": null,
                "type": [Function],
              },
            ],
            "type": "header",
          },
          Object {
            "instance": null,
            "key": undefined,
            "nodeType": "function",
            "props": Object {
              "image": "./images/jungle_minds.jpg",
              "imageAlignment": "left",
              "mediaCaption": "Jungle Cultuur",
              "text": Array [
                Object {
                  "text": "Tijdens deze module leer je meer over de geschiedenis van Jungle Minds en hoe wij als bedrijf gevestigd zijn.
        <h4>
          Module 1: Jungle Minds
        </h4>
        <ul>
        <li>
          1.1 Ons verhaal
        </li>
        <li>
          1.2 Jungle Maslow
        </li>
        <li>
          1.3 Financiën
        </li>
        </ul>
        ",
                  "title": "Week 1",
                },
                Object {
                  "text": "Gedurende deze modules krijg je enkele opdrachten toegewegen. Het is de bedoeling dat je deze opdrachten uitvoert voordat je begint met de volgende module. 
        <br />
        Tip: De mandagen zijn de beste dagen om een gesprek aan te gaan met een collega. 
        <ul>
        <li>
          1.4 Opdrachten
        </li>
        </ul>
        ",
                  "title": "Opdrachten",
                },
              ],
            },
            "ref": null,
            "rendered": null,
            "type": [Function],
          },
        ],
        "type": [Function],
      },
    ],
    "type": "div",
  },
  Symbol(enzyme.__nodes__): Array [
    Object {
      "instance": null,
      "key": undefined,
      "nodeType": "host",
      "props": Object {
        "children": Array [
          <HelmetWrapper
            defer={true}
            encodeSpecialCharacters={true}
            title="JungleMinds"
          />,
          <Grid
            page="jungleMinds"
          >
            <header>
              <PageTitle
                introText="Allereerst verwelkomen wij jou graag bij Jungle Minds. We hopen dat dit het begin is van een goede samenwerking. Door deze gids leer je Jungle Minds en jouw collega's beter kennen."
                introTitle="Welkom"
                pageTitle="1 Jungle Minds"
                textMedia={
                  Object {
                    "image": "./images/jungle_minds.jpg",
                    "imageAlignment": "left",
                    "mediaCaption": "Jungle Cultuur",
                    "text": Array [
                      Object {
                        "text": "Tijdens deze module leer je meer over de geschiedenis van Jungle Minds en hoe wij als bedrijf gevestigd zijn.
        <h4>
          Module 1: Jungle Minds
        </h4>
        <ul>
        <li>
          1.1 Ons verhaal
        </li>
        <li>
          1.2 Jungle Maslow
        </li>
        <li>
          1.3 Financiën
        </li>
        </ul>
        ",
                        "title": "Week 1",
                      },
                      Object {
                        "text": "Gedurende deze modules krijg je enkele opdrachten toegewegen. Het is de bedoeling dat je deze opdrachten uitvoert voordat je begint met de volgende module. 
        <br />
        Tip: De mandagen zijn de beste dagen om een gesprek aan te gaan met een collega. 
        <ul>
        <li>
          1.4 Opdrachten
        </li>
        </ul>
        ",
                        "title": "Opdrachten",
                      },
                    ],
                  }
                }
              />
              <Intro
                introText="Allereerst verwelkomen wij jou graag bij Jungle Minds. We hopen dat dit het begin is van een goede samenwerking. Door deze gids leer je Jungle Minds en jouw collega's beter kennen."
                introTitle="Welkom"
                pageTitle="1 Jungle Minds"
                textMedia={
                  Object {
                    "image": "./images/jungle_minds.jpg",
                    "imageAlignment": "left",
                    "mediaCaption": "Jungle Cultuur",
                    "text": Array [
                      Object {
                        "text": "Tijdens deze module leer je meer over de geschiedenis van Jungle Minds en hoe wij als bedrijf gevestigd zijn.
        <h4>
          Module 1: Jungle Minds
        </h4>
        <ul>
        <li>
          1.1 Ons verhaal
        </li>
        <li>
          1.2 Jungle Maslow
        </li>
        <li>
          1.3 Financiën
        </li>
        </ul>
        ",
                        "title": "Week 1",
                      },
                      Object {
                        "text": "Gedurende deze modules krijg je enkele opdrachten toegewegen. Het is de bedoeling dat je deze opdrachten uitvoert voordat je begint met de volgende module. 
        <br />
        Tip: De mandagen zijn de beste dagen om een gesprek aan te gaan met een collega. 
        <ul>
        <li>
          1.4 Opdrachten
        </li>
        </ul>
        ",
                        "title": "Opdrachten",
                      },
                    ],
                  }
                }
              />
            </header>
            <TextAndImage
              image="./images/jungle_minds.jpg"
              imageAlignment="left"
              mediaCaption="Jungle Cultuur"
              text={
                Array [
                  Object {
                    "text": "Tijdens deze module leer je meer over de geschiedenis van Jungle Minds en hoe wij als bedrijf gevestigd zijn.
        <h4>
          Module 1: Jungle Minds
        </h4>
        <ul>
        <li>
          1.1 Ons verhaal
        </li>
        <li>
          1.2 Jungle Maslow
        </li>
        <li>
          1.3 Financiën
        </li>
        </ul>
        ",
                    "title": "Week 1",
                  },
                  Object {
                    "text": "Gedurende deze modules krijg je enkele opdrachten toegewegen. Het is de bedoeling dat je deze opdrachten uitvoert voordat je begint met de volgende module. 
        <br />
        Tip: De mandagen zijn de beste dagen om een gesprek aan te gaan met een collega. 
        <ul>
        <li>
          1.4 Opdrachten
        </li>
        </ul>
        ",
                    "title": "Opdrachten",
                  },
                ]
              }
            />
          </Grid>,
        ],
        "className": "JungleMinds",
        "data-test": undefined,
      },
      "ref": null,
      "rendered": Array [
        Object {
          "instance": null,
          "key": undefined,
          "nodeType": "class",
          "props": Object {
            "defer": true,
            "encodeSpecialCharacters": true,
            "title": "JungleMinds",
          },
          "ref": null,
          "rendered": null,
          "type": [Function],
        },
        Object {
          "instance": null,
          "key": undefined,
          "nodeType": "function",
          "props": Object {
            "children": Array [
              <header>
                <PageTitle
                  introText="Allereerst verwelkomen wij jou graag bij Jungle Minds. We hopen dat dit het begin is van een goede samenwerking. Door deze gids leer je Jungle Minds en jouw collega's beter kennen."
                  introTitle="Welkom"
                  pageTitle="1 Jungle Minds"
                  textMedia={
                    Object {
                      "image": "./images/jungle_minds.jpg",
                      "imageAlignment": "left",
                      "mediaCaption": "Jungle Cultuur",
                      "text": Array [
                        Object {
                          "text": "Tijdens deze module leer je meer over de geschiedenis van Jungle Minds en hoe wij als bedrijf gevestigd zijn.
        <h4>
          Module 1: Jungle Minds
        </h4>
        <ul>
        <li>
          1.1 Ons verhaal
        </li>
        <li>
          1.2 Jungle Maslow
        </li>
        <li>
          1.3 Financiën
        </li>
        </ul>
        ",
                          "title": "Week 1",
                        },
                        Object {
                          "text": "Gedurende deze modules krijg je enkele opdrachten toegewegen. Het is de bedoeling dat je deze opdrachten uitvoert voordat je begint met de volgende module. 
        <br />
        Tip: De mandagen zijn de beste dagen om een gesprek aan te gaan met een collega. 
        <ul>
        <li>
          1.4 Opdrachten
        </li>
        </ul>
        ",
                          "title": "Opdrachten",
                        },
                      ],
                    }
                  }
                />
                <Intro
                  introText="Allereerst verwelkomen wij jou graag bij Jungle Minds. We hopen dat dit het begin is van een goede samenwerking. Door deze gids leer je Jungle Minds en jouw collega's beter kennen."
                  introTitle="Welkom"
                  pageTitle="1 Jungle Minds"
                  textMedia={
                    Object {
                      "image": "./images/jungle_minds.jpg",
                      "imageAlignment": "left",
                      "mediaCaption": "Jungle Cultuur",
                      "text": Array [
                        Object {
                          "text": "Tijdens deze module leer je meer over de geschiedenis van Jungle Minds en hoe wij als bedrijf gevestigd zijn.
        <h4>
          Module 1: Jungle Minds
        </h4>
        <ul>
        <li>
          1.1 Ons verhaal
        </li>
        <li>
          1.2 Jungle Maslow
        </li>
        <li>
          1.3 Financiën
        </li>
        </ul>
        ",
                          "title": "Week 1",
                        },
                        Object {
                          "text": "Gedurende deze modules krijg je enkele opdrachten toegewegen. Het is de bedoeling dat je deze opdrachten uitvoert voordat je begint met de volgende module. 
        <br />
        Tip: De mandagen zijn de beste dagen om een gesprek aan te gaan met een collega. 
        <ul>
        <li>
          1.4 Opdrachten
        </li>
        </ul>
        ",
                          "title": "Opdrachten",
                        },
                      ],
                    }
                  }
                />
              </header>,
              <TextAndImage
                image="./images/jungle_minds.jpg"
                imageAlignment="left"
                mediaCaption="Jungle Cultuur"
                text={
                  Array [
                    Object {
                      "text": "Tijdens deze module leer je meer over de geschiedenis van Jungle Minds en hoe wij als bedrijf gevestigd zijn.
        <h4>
          Module 1: Jungle Minds
        </h4>
        <ul>
        <li>
          1.1 Ons verhaal
        </li>
        <li>
          1.2 Jungle Maslow
        </li>
        <li>
          1.3 Financiën
        </li>
        </ul>
        ",
                      "title": "Week 1",
                    },
                    Object {
                      "text": "Gedurende deze modules krijg je enkele opdrachten toegewegen. Het is de bedoeling dat je deze opdrachten uitvoert voordat je begint met de volgende module. 
        <br />
        Tip: De mandagen zijn de beste dagen om een gesprek aan te gaan met een collega. 
        <ul>
        <li>
          1.4 Opdrachten
        </li>
        </ul>
        ",
                      "title": "Opdrachten",
                    },
                  ]
                }
              />,
            ],
            "page": "jungleMinds",
          },
          "ref": null,
          "rendered": Array [
            Object {
              "instance": null,
              "key": undefined,
              "nodeType": "host",
              "props": Object {
                "children": Array [
                  <PageTitle
                    introText="Allereerst verwelkomen wij jou graag bij Jungle Minds. We hopen dat dit het begin is van een goede samenwerking. Door deze gids leer je Jungle Minds en jouw collega's beter kennen."
                    introTitle="Welkom"
                    pageTitle="1 Jungle Minds"
                    textMedia={
                      Object {
                        "image": "./images/jungle_minds.jpg",
                        "imageAlignment": "left",
                        "mediaCaption": "Jungle Cultuur",
                        "text": Array [
                          Object {
                            "text": "Tijdens deze module leer je meer over de geschiedenis van Jungle Minds en hoe wij als bedrijf gevestigd zijn.
        <h4>
          Module 1: Jungle Minds
        </h4>
        <ul>
        <li>
          1.1 Ons verhaal
        </li>
        <li>
          1.2 Jungle Maslow
        </li>
        <li>
          1.3 Financiën
        </li>
        </ul>
        ",
                            "title": "Week 1",
                          },
                          Object {
                            "text": "Gedurende deze modules krijg je enkele opdrachten toegewegen. Het is de bedoeling dat je deze opdrachten uitvoert voordat je begint met de volgende module. 
        <br />
        Tip: De mandagen zijn de beste dagen om een gesprek aan te gaan met een collega. 
        <ul>
        <li>
          1.4 Opdrachten
        </li>
        </ul>
        ",
                            "title": "Opdrachten",
                          },
                        ],
                      }
                    }
                  />,
                  <Intro
                    introText="Allereerst verwelkomen wij jou graag bij Jungle Minds. We hopen dat dit het begin is van een goede samenwerking. Door deze gids leer je Jungle Minds en jouw collega's beter kennen."
                    introTitle="Welkom"
                    pageTitle="1 Jungle Minds"
                    textMedia={
                      Object {
                        "image": "./images/jungle_minds.jpg",
                        "imageAlignment": "left",
                        "mediaCaption": "Jungle Cultuur",
                        "text": Array [
                          Object {
                            "text": "Tijdens deze module leer je meer over de geschiedenis van Jungle Minds en hoe wij als bedrijf gevestigd zijn.
        <h4>
          Module 1: Jungle Minds
        </h4>
        <ul>
        <li>
          1.1 Ons verhaal
        </li>
        <li>
          1.2 Jungle Maslow
        </li>
        <li>
          1.3 Financiën
        </li>
        </ul>
        ",
                            "title": "Week 1",
                          },
                          Object {
                            "text": "Gedurende deze modules krijg je enkele opdrachten toegewegen. Het is de bedoeling dat je deze opdrachten uitvoert voordat je begint met de volgende module. 
        <br />
        Tip: De mandagen zijn de beste dagen om een gesprek aan te gaan met een collega. 
        <ul>
        <li>
          1.4 Opdrachten
        </li>
        </ul>
        ",
                            "title": "Opdrachten",
                          },
                        ],
                      }
                    }
                  />,
                ],
              },
              "ref": null,
              "rendered": Array [
                Object {
                  "instance": null,
                  "key": undefined,
                  "nodeType": "function",
                  "props": Object {
                    "introText": "Allereerst verwelkomen wij jou graag bij Jungle Minds. We hopen dat dit het begin is van een goede samenwerking. Door deze gids leer je Jungle Minds en jouw collega's beter kennen.",
                    "introTitle": "Welkom",
                    "pageTitle": "1 Jungle Minds",
                    "textMedia": Object {
                      "image": "./images/jungle_minds.jpg",
                      "imageAlignment": "left",
                      "mediaCaption": "Jungle Cultuur",
                      "text": Array [
                        Object {
                          "text": "Tijdens deze module leer je meer over de geschiedenis van Jungle Minds en hoe wij als bedrijf gevestigd zijn.
        <h4>
          Module 1: Jungle Minds
        </h4>
        <ul>
        <li>
          1.1 Ons verhaal
        </li>
        <li>
          1.2 Jungle Maslow
        </li>
        <li>
          1.3 Financiën
        </li>
        </ul>
        ",
                          "title": "Week 1",
                        },
                        Object {
                          "text": "Gedurende deze modules krijg je enkele opdrachten toegewegen. Het is de bedoeling dat je deze opdrachten uitvoert voordat je begint met de volgende module. 
        <br />
        Tip: De mandagen zijn de beste dagen om een gesprek aan te gaan met een collega. 
        <ul>
        <li>
          1.4 Opdrachten
        </li>
        </ul>
        ",
                          "title": "Opdrachten",
                        },
                      ],
                    },
                  },
                  "ref": null,
                  "rendered": null,
                  "type": [Function],
                },
                Object {
                  "instance": null,
                  "key": undefined,
                  "nodeType": "function",
                  "props": Object {
                    "introText": "Allereerst verwelkomen wij jou graag bij Jungle Minds. We hopen dat dit het begin is van een goede samenwerking. Door deze gids leer je Jungle Minds en jouw collega's beter kennen.",
                    "introTitle": "Welkom",
                    "pageTitle": "1 Jungle Minds",
                    "textMedia": Object {
                      "image": "./images/jungle_minds.jpg",
                      "imageAlignment": "left",
                      "mediaCaption": "Jungle Cultuur",
                      "text": Array [
                        Object {
                          "text": "Tijdens deze module leer je meer over de geschiedenis van Jungle Minds en hoe wij als bedrijf gevestigd zijn.
        <h4>
          Module 1: Jungle Minds
        </h4>
        <ul>
        <li>
          1.1 Ons verhaal
        </li>
        <li>
          1.2 Jungle Maslow
        </li>
        <li>
          1.3 Financiën
        </li>
        </ul>
        ",
                          "title": "Week 1",
                        },
                        Object {
                          "text": "Gedurende deze modules krijg je enkele opdrachten toegewegen. Het is de bedoeling dat je deze opdrachten uitvoert voordat je begint met de volgende module. 
        <br />
        Tip: De mandagen zijn de beste dagen om een gesprek aan te gaan met een collega. 
        <ul>
        <li>
          1.4 Opdrachten
        </li>
        </ul>
        ",
                          "title": "Opdrachten",
                        },
                      ],
                    },
                  },
                  "ref": null,
                  "rendered": null,
                  "type": [Function],
                },
              ],
              "type": "header",
            },
            Object {
              "instance": null,
              "key": undefined,
              "nodeType": "function",
              "props": Object {
                "image": "./images/jungle_minds.jpg",
                "imageAlignment": "left",
                "mediaCaption": "Jungle Cultuur",
                "text": Array [
                  Object {
                    "text": "Tijdens deze module leer je meer over de geschiedenis van Jungle Minds en hoe wij als bedrijf gevestigd zijn.
        <h4>
          Module 1: Jungle Minds
        </h4>
        <ul>
        <li>
          1.1 Ons verhaal
        </li>
        <li>
          1.2 Jungle Maslow
        </li>
        <li>
          1.3 Financiën
        </li>
        </ul>
        ",
                    "title": "Week 1",
                  },
                  Object {
                    "text": "Gedurende deze modules krijg je enkele opdrachten toegewegen. Het is de bedoeling dat je deze opdrachten uitvoert voordat je begint met de volgende module. 
        <br />
        Tip: De mandagen zijn de beste dagen om een gesprek aan te gaan met een collega. 
        <ul>
        <li>
          1.4 Opdrachten
        </li>
        </ul>
        ",
                    "title": "Opdrachten",
                  },
                ],
              },
              "ref": null,
              "rendered": null,
              "type": [Function],
            },
          ],
          "type": [Function],
        },
      ],
      "type": "div",
    },
  ],
  Symbol(enzyme.__options__): Object {
    "adapter": ReactSixteenAdapter {
      "options": Object {
        "enableComponentDidUpdateOnSetState": true,
      },
    },
  },
}
`;
