// Jest Snapshot v1, https://goo.gl/fbAQLP

exports[`renders without crashing 1`] = `
ShallowWrapper {
  "length": 1,
  Symbol(enzyme.__root__): [Circular],
  Symbol(enzyme.__unrendered__): <TasksModuleOne />,
  Symbol(enzyme.__renderer__): Object {
    "batchedUpdates": [Function],
    "getNode": [Function],
    "render": [Function],
    "simulateEvent": [Function],
    "unmount": [Function],
  },
  Symbol(enzyme.__node__): Object {
    "instance": null,
    "key": undefined,
    "nodeType": "host",
    "props": Object {
      "children": Array [
        <HelmetWrapper
          defer={true}
          encodeSpecialCharacters={true}
          title="jungleMinds"
        />,
        <Grid
          page="jungleMinds"
        >
          <header>
            <PageTitle
              introText="Zie hier een overzicht van de opdrachten die je voor module 1 moet doen."
              introTitle="Overzicht"
              pageTitle="1.4 Opdrachten"
              tasks={
                Array [
                  Object {
                    "task": "1. Vraag aan een van de office managers voor een rondleiding binnen de Groene Draeck.",
                  },
                  Object {
                    "task": "2. Bedenk een vraag over de Jungle Maslow. Deze vraag stel je tijdens de \\"Welkom to the Jungle\\" presentatie.",
                  },
                  Object {
                    "task": "3. ...",
                  },
                ]
              }
            />
            <Intro
              introText="Zie hier een overzicht van de opdrachten die je voor module 1 moet doen."
              introTitle="Overzicht"
              pageTitle="1.4 Opdrachten"
              tasks={
                Array [
                  Object {
                    "task": "1. Vraag aan een van de office managers voor een rondleiding binnen de Groene Draeck.",
                  },
                  Object {
                    "task": "2. Bedenk een vraag over de Jungle Maslow. Deze vraag stel je tijdens de \\"Welkom to the Jungle\\" presentatie.",
                  },
                  Object {
                    "task": "3. ...",
                  },
                ]
              }
            />
          </header>
          <Task
            introText="Zie hier een overzicht van de opdrachten die je voor module 1 moet doen."
            introTitle="Overzicht"
            pageTitle="1.4 Opdrachten"
            tasks={
              Array [
                Object {
                  "task": "1. Vraag aan een van de office managers voor een rondleiding binnen de Groene Draeck.",
                },
                Object {
                  "task": "2. Bedenk een vraag over de Jungle Maslow. Deze vraag stel je tijdens de \\"Welkom to the Jungle\\" presentatie.",
                },
                Object {
                  "task": "3. ...",
                },
              ]
            }
          />
          <Intro
            introText="Jij hebt deze module bijna afgerond. Doe de onderste quiz om de module succesvol af te ronden en laat zien dat steeds meer Jungle Minds begrijpt!"
            introTitle="Quiz"
            questions={
              Array [
                Object {
                  "answers": Array [
                    Object {
                      "answer": "A",
                      "id": "1-a",
                      "value": 0,
                    },
                    Object {
                      "answer": "B",
                      "id": "1-b",
                      "value": 0,
                    },
                    Object {
                      "answer": "C",
                      "id": "1-c",
                      "value": 0,
                    },
                  ],
                  "id": "1",
                  "question": "Hoe werkt de planning binnen Jungle Minds?",
                },
                Object {
                  "answers": Array [
                    Object {
                      "answer": "A",
                      "id": "2-a",
                      "value": 0,
                    },
                    Object {
                      "answer": "B",
                      "id": "2-b",
                      "value": 0,
                    },
                    Object {
                      "answer": "C",
                      "id": "2-c",
                      "value": 0,
                    },
                  ],
                  "id": "2",
                  "question": "Hoe werkt de planning binnen Jungle Minds?",
                },
                Object {
                  "answers": Array [
                    Object {
                      "answer": "A",
                      "id": "1-a",
                      "value": 0,
                    },
                    Object {
                      "answer": "B",
                      "id": "1-b",
                      "value": 0,
                    },
                    Object {
                      "answer": "C",
                      "id": "1-c",
                      "value": 0,
                    },
                  ],
                  "id": "3",
                  "question": "Hoe werkt de planning binnen Jungle Minds?",
                },
              ]
            }
          />
          <QuestionForm
            introText="Jij hebt deze module bijna afgerond. Doe de onderste quiz om de module succesvol af te ronden en laat zien dat steeds meer Jungle Minds begrijpt!"
            introTitle="Quiz"
            questions={
              Array [
                Object {
                  "answers": Array [
                    Object {
                      "answer": "A",
                      "id": "1-a",
                      "value": 0,
                    },
                    Object {
                      "answer": "B",
                      "id": "1-b",
                      "value": 0,
                    },
                    Object {
                      "answer": "C",
                      "id": "1-c",
                      "value": 0,
                    },
                  ],
                  "id": "1",
                  "question": "Hoe werkt de planning binnen Jungle Minds?",
                },
                Object {
                  "answers": Array [
                    Object {
                      "answer": "A",
                      "id": "2-a",
                      "value": 0,
                    },
                    Object {
                      "answer": "B",
                      "id": "2-b",
                      "value": 0,
                    },
                    Object {
                      "answer": "C",
                      "id": "2-c",
                      "value": 0,
                    },
                  ],
                  "id": "2",
                  "question": "Hoe werkt de planning binnen Jungle Minds?",
                },
                Object {
                  "answers": Array [
                    Object {
                      "answer": "A",
                      "id": "1-a",
                      "value": 0,
                    },
                    Object {
                      "answer": "B",
                      "id": "1-b",
                      "value": 0,
                    },
                    Object {
                      "answer": "C",
                      "id": "1-c",
                      "value": 0,
                    },
                  ],
                  "id": "3",
                  "question": "Hoe werkt de planning binnen Jungle Minds?",
                },
              ]
            }
          />
        </Grid>,
      ],
      "className": "jungleMinds",
      "data-test": undefined,
    },
    "ref": null,
    "rendered": Array [
      Object {
        "instance": null,
        "key": undefined,
        "nodeType": "class",
        "props": Object {
          "defer": true,
          "encodeSpecialCharacters": true,
          "title": "jungleMinds",
        },
        "ref": null,
        "rendered": null,
        "type": [Function],
      },
      Object {
        "instance": null,
        "key": undefined,
        "nodeType": "function",
        "props": Object {
          "children": Array [
            <header>
              <PageTitle
                introText="Zie hier een overzicht van de opdrachten die je voor module 1 moet doen."
                introTitle="Overzicht"
                pageTitle="1.4 Opdrachten"
                tasks={
                  Array [
                    Object {
                      "task": "1. Vraag aan een van de office managers voor een rondleiding binnen de Groene Draeck.",
                    },
                    Object {
                      "task": "2. Bedenk een vraag over de Jungle Maslow. Deze vraag stel je tijdens de \\"Welkom to the Jungle\\" presentatie.",
                    },
                    Object {
                      "task": "3. ...",
                    },
                  ]
                }
              />
              <Intro
                introText="Zie hier een overzicht van de opdrachten die je voor module 1 moet doen."
                introTitle="Overzicht"
                pageTitle="1.4 Opdrachten"
                tasks={
                  Array [
                    Object {
                      "task": "1. Vraag aan een van de office managers voor een rondleiding binnen de Groene Draeck.",
                    },
                    Object {
                      "task": "2. Bedenk een vraag over de Jungle Maslow. Deze vraag stel je tijdens de \\"Welkom to the Jungle\\" presentatie.",
                    },
                    Object {
                      "task": "3. ...",
                    },
                  ]
                }
              />
            </header>,
            <Task
              introText="Zie hier een overzicht van de opdrachten die je voor module 1 moet doen."
              introTitle="Overzicht"
              pageTitle="1.4 Opdrachten"
              tasks={
                Array [
                  Object {
                    "task": "1. Vraag aan een van de office managers voor een rondleiding binnen de Groene Draeck.",
                  },
                  Object {
                    "task": "2. Bedenk een vraag over de Jungle Maslow. Deze vraag stel je tijdens de \\"Welkom to the Jungle\\" presentatie.",
                  },
                  Object {
                    "task": "3. ...",
                  },
                ]
              }
            />,
            <Intro
              introText="Jij hebt deze module bijna afgerond. Doe de onderste quiz om de module succesvol af te ronden en laat zien dat steeds meer Jungle Minds begrijpt!"
              introTitle="Quiz"
              questions={
                Array [
                  Object {
                    "answers": Array [
                      Object {
                        "answer": "A",
                        "id": "1-a",
                        "value": 0,
                      },
                      Object {
                        "answer": "B",
                        "id": "1-b",
                        "value": 0,
                      },
                      Object {
                        "answer": "C",
                        "id": "1-c",
                        "value": 0,
                      },
                    ],
                    "id": "1",
                    "question": "Hoe werkt de planning binnen Jungle Minds?",
                  },
                  Object {
                    "answers": Array [
                      Object {
                        "answer": "A",
                        "id": "2-a",
                        "value": 0,
                      },
                      Object {
                        "answer": "B",
                        "id": "2-b",
                        "value": 0,
                      },
                      Object {
                        "answer": "C",
                        "id": "2-c",
                        "value": 0,
                      },
                    ],
                    "id": "2",
                    "question": "Hoe werkt de planning binnen Jungle Minds?",
                  },
                  Object {
                    "answers": Array [
                      Object {
                        "answer": "A",
                        "id": "1-a",
                        "value": 0,
                      },
                      Object {
                        "answer": "B",
                        "id": "1-b",
                        "value": 0,
                      },
                      Object {
                        "answer": "C",
                        "id": "1-c",
                        "value": 0,
                      },
                    ],
                    "id": "3",
                    "question": "Hoe werkt de planning binnen Jungle Minds?",
                  },
                ]
              }
            />,
            <QuestionForm
              introText="Jij hebt deze module bijna afgerond. Doe de onderste quiz om de module succesvol af te ronden en laat zien dat steeds meer Jungle Minds begrijpt!"
              introTitle="Quiz"
              questions={
                Array [
                  Object {
                    "answers": Array [
                      Object {
                        "answer": "A",
                        "id": "1-a",
                        "value": 0,
                      },
                      Object {
                        "answer": "B",
                        "id": "1-b",
                        "value": 0,
                      },
                      Object {
                        "answer": "C",
                        "id": "1-c",
                        "value": 0,
                      },
                    ],
                    "id": "1",
                    "question": "Hoe werkt de planning binnen Jungle Minds?",
                  },
                  Object {
                    "answers": Array [
                      Object {
                        "answer": "A",
                        "id": "2-a",
                        "value": 0,
                      },
                      Object {
                        "answer": "B",
                        "id": "2-b",
                        "value": 0,
                      },
                      Object {
                        "answer": "C",
                        "id": "2-c",
                        "value": 0,
                      },
                    ],
                    "id": "2",
                    "question": "Hoe werkt de planning binnen Jungle Minds?",
                  },
                  Object {
                    "answers": Array [
                      Object {
                        "answer": "A",
                        "id": "1-a",
                        "value": 0,
                      },
                      Object {
                        "answer": "B",
                        "id": "1-b",
                        "value": 0,
                      },
                      Object {
                        "answer": "C",
                        "id": "1-c",
                        "value": 0,
                      },
                    ],
                    "id": "3",
                    "question": "Hoe werkt de planning binnen Jungle Minds?",
                  },
                ]
              }
            />,
          ],
          "page": "jungleMinds",
        },
        "ref": null,
        "rendered": Array [
          Object {
            "instance": null,
            "key": undefined,
            "nodeType": "host",
            "props": Object {
              "children": Array [
                <PageTitle
                  introText="Zie hier een overzicht van de opdrachten die je voor module 1 moet doen."
                  introTitle="Overzicht"
                  pageTitle="1.4 Opdrachten"
                  tasks={
                    Array [
                      Object {
                        "task": "1. Vraag aan een van de office managers voor een rondleiding binnen de Groene Draeck.",
                      },
                      Object {
                        "task": "2. Bedenk een vraag over de Jungle Maslow. Deze vraag stel je tijdens de \\"Welkom to the Jungle\\" presentatie.",
                      },
                      Object {
                        "task": "3. ...",
                      },
                    ]
                  }
                />,
                <Intro
                  introText="Zie hier een overzicht van de opdrachten die je voor module 1 moet doen."
                  introTitle="Overzicht"
                  pageTitle="1.4 Opdrachten"
                  tasks={
                    Array [
                      Object {
                        "task": "1. Vraag aan een van de office managers voor een rondleiding binnen de Groene Draeck.",
                      },
                      Object {
                        "task": "2. Bedenk een vraag over de Jungle Maslow. Deze vraag stel je tijdens de \\"Welkom to the Jungle\\" presentatie.",
                      },
                      Object {
                        "task": "3. ...",
                      },
                    ]
                  }
                />,
              ],
            },
            "ref": null,
            "rendered": Array [
              Object {
                "instance": null,
                "key": undefined,
                "nodeType": "function",
                "props": Object {
                  "introText": "Zie hier een overzicht van de opdrachten die je voor module 1 moet doen.",
                  "introTitle": "Overzicht",
                  "pageTitle": "1.4 Opdrachten",
                  "tasks": Array [
                    Object {
                      "task": "1. Vraag aan een van de office managers voor een rondleiding binnen de Groene Draeck.",
                    },
                    Object {
                      "task": "2. Bedenk een vraag over de Jungle Maslow. Deze vraag stel je tijdens de \\"Welkom to the Jungle\\" presentatie.",
                    },
                    Object {
                      "task": "3. ...",
                    },
                  ],
                },
                "ref": null,
                "rendered": null,
                "type": [Function],
              },
              Object {
                "instance": null,
                "key": undefined,
                "nodeType": "function",
                "props": Object {
                  "introText": "Zie hier een overzicht van de opdrachten die je voor module 1 moet doen.",
                  "introTitle": "Overzicht",
                  "pageTitle": "1.4 Opdrachten",
                  "tasks": Array [
                    Object {
                      "task": "1. Vraag aan een van de office managers voor een rondleiding binnen de Groene Draeck.",
                    },
                    Object {
                      "task": "2. Bedenk een vraag over de Jungle Maslow. Deze vraag stel je tijdens de \\"Welkom to the Jungle\\" presentatie.",
                    },
                    Object {
                      "task": "3. ...",
                    },
                  ],
                },
                "ref": null,
                "rendered": null,
                "type": [Function],
              },
            ],
            "type": "header",
          },
          Object {
            "instance": null,
            "key": undefined,
            "nodeType": "function",
            "props": Object {
              "introText": "Zie hier een overzicht van de opdrachten die je voor module 1 moet doen.",
              "introTitle": "Overzicht",
              "pageTitle": "1.4 Opdrachten",
              "tasks": Array [
                Object {
                  "task": "1. Vraag aan een van de office managers voor een rondleiding binnen de Groene Draeck.",
                },
                Object {
                  "task": "2. Bedenk een vraag over de Jungle Maslow. Deze vraag stel je tijdens de \\"Welkom to the Jungle\\" presentatie.",
                },
                Object {
                  "task": "3. ...",
                },
              ],
            },
            "ref": null,
            "rendered": null,
            "type": [Function],
          },
          Object {
            "instance": null,
            "key": undefined,
            "nodeType": "function",
            "props": Object {
              "introText": "Jij hebt deze module bijna afgerond. Doe de onderste quiz om de module succesvol af te ronden en laat zien dat steeds meer Jungle Minds begrijpt!",
              "introTitle": "Quiz",
              "questions": Array [
                Object {
                  "answers": Array [
                    Object {
                      "answer": "A",
                      "id": "1-a",
                      "value": 0,
                    },
                    Object {
                      "answer": "B",
                      "id": "1-b",
                      "value": 0,
                    },
                    Object {
                      "answer": "C",
                      "id": "1-c",
                      "value": 0,
                    },
                  ],
                  "id": "1",
                  "question": "Hoe werkt de planning binnen Jungle Minds?",
                },
                Object {
                  "answers": Array [
                    Object {
                      "answer": "A",
                      "id": "2-a",
                      "value": 0,
                    },
                    Object {
                      "answer": "B",
                      "id": "2-b",
                      "value": 0,
                    },
                    Object {
                      "answer": "C",
                      "id": "2-c",
                      "value": 0,
                    },
                  ],
                  "id": "2",
                  "question": "Hoe werkt de planning binnen Jungle Minds?",
                },
                Object {
                  "answers": Array [
                    Object {
                      "answer": "A",
                      "id": "1-a",
                      "value": 0,
                    },
                    Object {
                      "answer": "B",
                      "id": "1-b",
                      "value": 0,
                    },
                    Object {
                      "answer": "C",
                      "id": "1-c",
                      "value": 0,
                    },
                  ],
                  "id": "3",
                  "question": "Hoe werkt de planning binnen Jungle Minds?",
                },
              ],
            },
            "ref": null,
            "rendered": null,
            "type": [Function],
          },
          Object {
            "instance": null,
            "key": undefined,
            "nodeType": "class",
            "props": Object {
              "introText": "Jij hebt deze module bijna afgerond. Doe de onderste quiz om de module succesvol af te ronden en laat zien dat steeds meer Jungle Minds begrijpt!",
              "introTitle": "Quiz",
              "questions": Array [
                Object {
                  "answers": Array [
                    Object {
                      "answer": "A",
                      "id": "1-a",
                      "value": 0,
                    },
                    Object {
                      "answer": "B",
                      "id": "1-b",
                      "value": 0,
                    },
                    Object {
                      "answer": "C",
                      "id": "1-c",
                      "value": 0,
                    },
                  ],
                  "id": "1",
                  "question": "Hoe werkt de planning binnen Jungle Minds?",
                },
                Object {
                  "answers": Array [
                    Object {
                      "answer": "A",
                      "id": "2-a",
                      "value": 0,
                    },
                    Object {
                      "answer": "B",
                      "id": "2-b",
                      "value": 0,
                    },
                    Object {
                      "answer": "C",
                      "id": "2-c",
                      "value": 0,
                    },
                  ],
                  "id": "2",
                  "question": "Hoe werkt de planning binnen Jungle Minds?",
                },
                Object {
                  "answers": Array [
                    Object {
                      "answer": "A",
                      "id": "1-a",
                      "value": 0,
                    },
                    Object {
                      "answer": "B",
                      "id": "1-b",
                      "value": 0,
                    },
                    Object {
                      "answer": "C",
                      "id": "1-c",
                      "value": 0,
                    },
                  ],
                  "id": "3",
                  "question": "Hoe werkt de planning binnen Jungle Minds?",
                },
              ],
            },
            "ref": null,
            "rendered": null,
            "type": [Function],
          },
        ],
        "type": [Function],
      },
    ],
    "type": "div",
  },
  Symbol(enzyme.__nodes__): Array [
    Object {
      "instance": null,
      "key": undefined,
      "nodeType": "host",
      "props": Object {
        "children": Array [
          <HelmetWrapper
            defer={true}
            encodeSpecialCharacters={true}
            title="jungleMinds"
          />,
          <Grid
            page="jungleMinds"
          >
            <header>
              <PageTitle
                introText="Zie hier een overzicht van de opdrachten die je voor module 1 moet doen."
                introTitle="Overzicht"
                pageTitle="1.4 Opdrachten"
                tasks={
                  Array [
                    Object {
                      "task": "1. Vraag aan een van de office managers voor een rondleiding binnen de Groene Draeck.",
                    },
                    Object {
                      "task": "2. Bedenk een vraag over de Jungle Maslow. Deze vraag stel je tijdens de \\"Welkom to the Jungle\\" presentatie.",
                    },
                    Object {
                      "task": "3. ...",
                    },
                  ]
                }
              />
              <Intro
                introText="Zie hier een overzicht van de opdrachten die je voor module 1 moet doen."
                introTitle="Overzicht"
                pageTitle="1.4 Opdrachten"
                tasks={
                  Array [
                    Object {
                      "task": "1. Vraag aan een van de office managers voor een rondleiding binnen de Groene Draeck.",
                    },
                    Object {
                      "task": "2. Bedenk een vraag over de Jungle Maslow. Deze vraag stel je tijdens de \\"Welkom to the Jungle\\" presentatie.",
                    },
                    Object {
                      "task": "3. ...",
                    },
                  ]
                }
              />
            </header>
            <Task
              introText="Zie hier een overzicht van de opdrachten die je voor module 1 moet doen."
              introTitle="Overzicht"
              pageTitle="1.4 Opdrachten"
              tasks={
                Array [
                  Object {
                    "task": "1. Vraag aan een van de office managers voor een rondleiding binnen de Groene Draeck.",
                  },
                  Object {
                    "task": "2. Bedenk een vraag over de Jungle Maslow. Deze vraag stel je tijdens de \\"Welkom to the Jungle\\" presentatie.",
                  },
                  Object {
                    "task": "3. ...",
                  },
                ]
              }
            />
            <Intro
              introText="Jij hebt deze module bijna afgerond. Doe de onderste quiz om de module succesvol af te ronden en laat zien dat steeds meer Jungle Minds begrijpt!"
              introTitle="Quiz"
              questions={
                Array [
                  Object {
                    "answers": Array [
                      Object {
                        "answer": "A",
                        "id": "1-a",
                        "value": 0,
                      },
                      Object {
                        "answer": "B",
                        "id": "1-b",
                        "value": 0,
                      },
                      Object {
                        "answer": "C",
                        "id": "1-c",
                        "value": 0,
                      },
                    ],
                    "id": "1",
                    "question": "Hoe werkt de planning binnen Jungle Minds?",
                  },
                  Object {
                    "answers": Array [
                      Object {
                        "answer": "A",
                        "id": "2-a",
                        "value": 0,
                      },
                      Object {
                        "answer": "B",
                        "id": "2-b",
                        "value": 0,
                      },
                      Object {
                        "answer": "C",
                        "id": "2-c",
                        "value": 0,
                      },
                    ],
                    "id": "2",
                    "question": "Hoe werkt de planning binnen Jungle Minds?",
                  },
                  Object {
                    "answers": Array [
                      Object {
                        "answer": "A",
                        "id": "1-a",
                        "value": 0,
                      },
                      Object {
                        "answer": "B",
                        "id": "1-b",
                        "value": 0,
                      },
                      Object {
                        "answer": "C",
                        "id": "1-c",
                        "value": 0,
                      },
                    ],
                    "id": "3",
                    "question": "Hoe werkt de planning binnen Jungle Minds?",
                  },
                ]
              }
            />
            <QuestionForm
              introText="Jij hebt deze module bijna afgerond. Doe de onderste quiz om de module succesvol af te ronden en laat zien dat steeds meer Jungle Minds begrijpt!"
              introTitle="Quiz"
              questions={
                Array [
                  Object {
                    "answers": Array [
                      Object {
                        "answer": "A",
                        "id": "1-a",
                        "value": 0,
                      },
                      Object {
                        "answer": "B",
                        "id": "1-b",
                        "value": 0,
                      },
                      Object {
                        "answer": "C",
                        "id": "1-c",
                        "value": 0,
                      },
                    ],
                    "id": "1",
                    "question": "Hoe werkt de planning binnen Jungle Minds?",
                  },
                  Object {
                    "answers": Array [
                      Object {
                        "answer": "A",
                        "id": "2-a",
                        "value": 0,
                      },
                      Object {
                        "answer": "B",
                        "id": "2-b",
                        "value": 0,
                      },
                      Object {
                        "answer": "C",
                        "id": "2-c",
                        "value": 0,
                      },
                    ],
                    "id": "2",
                    "question": "Hoe werkt de planning binnen Jungle Minds?",
                  },
                  Object {
                    "answers": Array [
                      Object {
                        "answer": "A",
                        "id": "1-a",
                        "value": 0,
                      },
                      Object {
                        "answer": "B",
                        "id": "1-b",
                        "value": 0,
                      },
                      Object {
                        "answer": "C",
                        "id": "1-c",
                        "value": 0,
                      },
                    ],
                    "id": "3",
                    "question": "Hoe werkt de planning binnen Jungle Minds?",
                  },
                ]
              }
            />
          </Grid>,
        ],
        "className": "jungleMinds",
        "data-test": undefined,
      },
      "ref": null,
      "rendered": Array [
        Object {
          "instance": null,
          "key": undefined,
          "nodeType": "class",
          "props": Object {
            "defer": true,
            "encodeSpecialCharacters": true,
            "title": "jungleMinds",
          },
          "ref": null,
          "rendered": null,
          "type": [Function],
        },
        Object {
          "instance": null,
          "key": undefined,
          "nodeType": "function",
          "props": Object {
            "children": Array [
              <header>
                <PageTitle
                  introText="Zie hier een overzicht van de opdrachten die je voor module 1 moet doen."
                  introTitle="Overzicht"
                  pageTitle="1.4 Opdrachten"
                  tasks={
                    Array [
                      Object {
                        "task": "1. Vraag aan een van de office managers voor een rondleiding binnen de Groene Draeck.",
                      },
                      Object {
                        "task": "2. Bedenk een vraag over de Jungle Maslow. Deze vraag stel je tijdens de \\"Welkom to the Jungle\\" presentatie.",
                      },
                      Object {
                        "task": "3. ...",
                      },
                    ]
                  }
                />
                <Intro
                  introText="Zie hier een overzicht van de opdrachten die je voor module 1 moet doen."
                  introTitle="Overzicht"
                  pageTitle="1.4 Opdrachten"
                  tasks={
                    Array [
                      Object {
                        "task": "1. Vraag aan een van de office managers voor een rondleiding binnen de Groene Draeck.",
                      },
                      Object {
                        "task": "2. Bedenk een vraag over de Jungle Maslow. Deze vraag stel je tijdens de \\"Welkom to the Jungle\\" presentatie.",
                      },
                      Object {
                        "task": "3. ...",
                      },
                    ]
                  }
                />
              </header>,
              <Task
                introText="Zie hier een overzicht van de opdrachten die je voor module 1 moet doen."
                introTitle="Overzicht"
                pageTitle="1.4 Opdrachten"
                tasks={
                  Array [
                    Object {
                      "task": "1. Vraag aan een van de office managers voor een rondleiding binnen de Groene Draeck.",
                    },
                    Object {
                      "task": "2. Bedenk een vraag over de Jungle Maslow. Deze vraag stel je tijdens de \\"Welkom to the Jungle\\" presentatie.",
                    },
                    Object {
                      "task": "3. ...",
                    },
                  ]
                }
              />,
              <Intro
                introText="Jij hebt deze module bijna afgerond. Doe de onderste quiz om de module succesvol af te ronden en laat zien dat steeds meer Jungle Minds begrijpt!"
                introTitle="Quiz"
                questions={
                  Array [
                    Object {
                      "answers": Array [
                        Object {
                          "answer": "A",
                          "id": "1-a",
                          "value": 0,
                        },
                        Object {
                          "answer": "B",
                          "id": "1-b",
                          "value": 0,
                        },
                        Object {
                          "answer": "C",
                          "id": "1-c",
                          "value": 0,
                        },
                      ],
                      "id": "1",
                      "question": "Hoe werkt de planning binnen Jungle Minds?",
                    },
                    Object {
                      "answers": Array [
                        Object {
                          "answer": "A",
                          "id": "2-a",
                          "value": 0,
                        },
                        Object {
                          "answer": "B",
                          "id": "2-b",
                          "value": 0,
                        },
                        Object {
                          "answer": "C",
                          "id": "2-c",
                          "value": 0,
                        },
                      ],
                      "id": "2",
                      "question": "Hoe werkt de planning binnen Jungle Minds?",
                    },
                    Object {
                      "answers": Array [
                        Object {
                          "answer": "A",
                          "id": "1-a",
                          "value": 0,
                        },
                        Object {
                          "answer": "B",
                          "id": "1-b",
                          "value": 0,
                        },
                        Object {
                          "answer": "C",
                          "id": "1-c",
                          "value": 0,
                        },
                      ],
                      "id": "3",
                      "question": "Hoe werkt de planning binnen Jungle Minds?",
                    },
                  ]
                }
              />,
              <QuestionForm
                introText="Jij hebt deze module bijna afgerond. Doe de onderste quiz om de module succesvol af te ronden en laat zien dat steeds meer Jungle Minds begrijpt!"
                introTitle="Quiz"
                questions={
                  Array [
                    Object {
                      "answers": Array [
                        Object {
                          "answer": "A",
                          "id": "1-a",
                          "value": 0,
                        },
                        Object {
                          "answer": "B",
                          "id": "1-b",
                          "value": 0,
                        },
                        Object {
                          "answer": "C",
                          "id": "1-c",
                          "value": 0,
                        },
                      ],
                      "id": "1",
                      "question": "Hoe werkt de planning binnen Jungle Minds?",
                    },
                    Object {
                      "answers": Array [
                        Object {
                          "answer": "A",
                          "id": "2-a",
                          "value": 0,
                        },
                        Object {
                          "answer": "B",
                          "id": "2-b",
                          "value": 0,
                        },
                        Object {
                          "answer": "C",
                          "id": "2-c",
                          "value": 0,
                        },
                      ],
                      "id": "2",
                      "question": "Hoe werkt de planning binnen Jungle Minds?",
                    },
                    Object {
                      "answers": Array [
                        Object {
                          "answer": "A",
                          "id": "1-a",
                          "value": 0,
                        },
                        Object {
                          "answer": "B",
                          "id": "1-b",
                          "value": 0,
                        },
                        Object {
                          "answer": "C",
                          "id": "1-c",
                          "value": 0,
                        },
                      ],
                      "id": "3",
                      "question": "Hoe werkt de planning binnen Jungle Minds?",
                    },
                  ]
                }
              />,
            ],
            "page": "jungleMinds",
          },
          "ref": null,
          "rendered": Array [
            Object {
              "instance": null,
              "key": undefined,
              "nodeType": "host",
              "props": Object {
                "children": Array [
                  <PageTitle
                    introText="Zie hier een overzicht van de opdrachten die je voor module 1 moet doen."
                    introTitle="Overzicht"
                    pageTitle="1.4 Opdrachten"
                    tasks={
                      Array [
                        Object {
                          "task": "1. Vraag aan een van de office managers voor een rondleiding binnen de Groene Draeck.",
                        },
                        Object {
                          "task": "2. Bedenk een vraag over de Jungle Maslow. Deze vraag stel je tijdens de \\"Welkom to the Jungle\\" presentatie.",
                        },
                        Object {
                          "task": "3. ...",
                        },
                      ]
                    }
                  />,
                  <Intro
                    introText="Zie hier een overzicht van de opdrachten die je voor module 1 moet doen."
                    introTitle="Overzicht"
                    pageTitle="1.4 Opdrachten"
                    tasks={
                      Array [
                        Object {
                          "task": "1. Vraag aan een van de office managers voor een rondleiding binnen de Groene Draeck.",
                        },
                        Object {
                          "task": "2. Bedenk een vraag over de Jungle Maslow. Deze vraag stel je tijdens de \\"Welkom to the Jungle\\" presentatie.",
                        },
                        Object {
                          "task": "3. ...",
                        },
                      ]
                    }
                  />,
                ],
              },
              "ref": null,
              "rendered": Array [
                Object {
                  "instance": null,
                  "key": undefined,
                  "nodeType": "function",
                  "props": Object {
                    "introText": "Zie hier een overzicht van de opdrachten die je voor module 1 moet doen.",
                    "introTitle": "Overzicht",
                    "pageTitle": "1.4 Opdrachten",
                    "tasks": Array [
                      Object {
                        "task": "1. Vraag aan een van de office managers voor een rondleiding binnen de Groene Draeck.",
                      },
                      Object {
                        "task": "2. Bedenk een vraag over de Jungle Maslow. Deze vraag stel je tijdens de \\"Welkom to the Jungle\\" presentatie.",
                      },
                      Object {
                        "task": "3. ...",
                      },
                    ],
                  },
                  "ref": null,
                  "rendered": null,
                  "type": [Function],
                },
                Object {
                  "instance": null,
                  "key": undefined,
                  "nodeType": "function",
                  "props": Object {
                    "introText": "Zie hier een overzicht van de opdrachten die je voor module 1 moet doen.",
                    "introTitle": "Overzicht",
                    "pageTitle": "1.4 Opdrachten",
                    "tasks": Array [
                      Object {
                        "task": "1. Vraag aan een van de office managers voor een rondleiding binnen de Groene Draeck.",
                      },
                      Object {
                        "task": "2. Bedenk een vraag over de Jungle Maslow. Deze vraag stel je tijdens de \\"Welkom to the Jungle\\" presentatie.",
                      },
                      Object {
                        "task": "3. ...",
                      },
                    ],
                  },
                  "ref": null,
                  "rendered": null,
                  "type": [Function],
                },
              ],
              "type": "header",
            },
            Object {
              "instance": null,
              "key": undefined,
              "nodeType": "function",
              "props": Object {
                "introText": "Zie hier een overzicht van de opdrachten die je voor module 1 moet doen.",
                "introTitle": "Overzicht",
                "pageTitle": "1.4 Opdrachten",
                "tasks": Array [
                  Object {
                    "task": "1. Vraag aan een van de office managers voor een rondleiding binnen de Groene Draeck.",
                  },
                  Object {
                    "task": "2. Bedenk een vraag over de Jungle Maslow. Deze vraag stel je tijdens de \\"Welkom to the Jungle\\" presentatie.",
                  },
                  Object {
                    "task": "3. ...",
                  },
                ],
              },
              "ref": null,
              "rendered": null,
              "type": [Function],
            },
            Object {
              "instance": null,
              "key": undefined,
              "nodeType": "function",
              "props": Object {
                "introText": "Jij hebt deze module bijna afgerond. Doe de onderste quiz om de module succesvol af te ronden en laat zien dat steeds meer Jungle Minds begrijpt!",
                "introTitle": "Quiz",
                "questions": Array [
                  Object {
                    "answers": Array [
                      Object {
                        "answer": "A",
                        "id": "1-a",
                        "value": 0,
                      },
                      Object {
                        "answer": "B",
                        "id": "1-b",
                        "value": 0,
                      },
                      Object {
                        "answer": "C",
                        "id": "1-c",
                        "value": 0,
                      },
                    ],
                    "id": "1",
                    "question": "Hoe werkt de planning binnen Jungle Minds?",
                  },
                  Object {
                    "answers": Array [
                      Object {
                        "answer": "A",
                        "id": "2-a",
                        "value": 0,
                      },
                      Object {
                        "answer": "B",
                        "id": "2-b",
                        "value": 0,
                      },
                      Object {
                        "answer": "C",
                        "id": "2-c",
                        "value": 0,
                      },
                    ],
                    "id": "2",
                    "question": "Hoe werkt de planning binnen Jungle Minds?",
                  },
                  Object {
                    "answers": Array [
                      Object {
                        "answer": "A",
                        "id": "1-a",
                        "value": 0,
                      },
                      Object {
                        "answer": "B",
                        "id": "1-b",
                        "value": 0,
                      },
                      Object {
                        "answer": "C",
                        "id": "1-c",
                        "value": 0,
                      },
                    ],
                    "id": "3",
                    "question": "Hoe werkt de planning binnen Jungle Minds?",
                  },
                ],
              },
              "ref": null,
              "rendered": null,
              "type": [Function],
            },
            Object {
              "instance": null,
              "key": undefined,
              "nodeType": "class",
              "props": Object {
                "introText": "Jij hebt deze module bijna afgerond. Doe de onderste quiz om de module succesvol af te ronden en laat zien dat steeds meer Jungle Minds begrijpt!",
                "introTitle": "Quiz",
                "questions": Array [
                  Object {
                    "answers": Array [
                      Object {
                        "answer": "A",
                        "id": "1-a",
                        "value": 0,
                      },
                      Object {
                        "answer": "B",
                        "id": "1-b",
                        "value": 0,
                      },
                      Object {
                        "answer": "C",
                        "id": "1-c",
                        "value": 0,
                      },
                    ],
                    "id": "1",
                    "question": "Hoe werkt de planning binnen Jungle Minds?",
                  },
                  Object {
                    "answers": Array [
                      Object {
                        "answer": "A",
                        "id": "2-a",
                        "value": 0,
                      },
                      Object {
                        "answer": "B",
                        "id": "2-b",
                        "value": 0,
                      },
                      Object {
                        "answer": "C",
                        "id": "2-c",
                        "value": 0,
                      },
                    ],
                    "id": "2",
                    "question": "Hoe werkt de planning binnen Jungle Minds?",
                  },
                  Object {
                    "answers": Array [
                      Object {
                        "answer": "A",
                        "id": "1-a",
                        "value": 0,
                      },
                      Object {
                        "answer": "B",
                        "id": "1-b",
                        "value": 0,
                      },
                      Object {
                        "answer": "C",
                        "id": "1-c",
                        "value": 0,
                      },
                    ],
                    "id": "3",
                    "question": "Hoe werkt de planning binnen Jungle Minds?",
                  },
                ],
              },
              "ref": null,
              "rendered": null,
              "type": [Function],
            },
          ],
          "type": [Function],
        },
      ],
      "type": "div",
    },
  ],
  Symbol(enzyme.__options__): Object {
    "adapter": ReactSixteenAdapter {
      "options": Object {
        "enableComponentDidUpdateOnSetState": true,
      },
    },
  },
}
`;
