// Jest Snapshot v1, https://goo.gl/fbAQLP

exports[`renders route 1`] = `
<Route
  render={[Function]}
/>
`;

exports[`renders without crashing 1`] = `
<div>
  <HelmetWrapper
    defer={true}
    encodeSpecialCharacters={true}
    title="Shop"
    titleTemplate="%s - Basic Project"
  />
  <Switch>
    <RouteWithSubRoutes
      component={[Function]}
      exact={true}
      key="0"
      path="/"
      title="Homepage"
    />
    <RouteWithSubRoutes
      component={[Function]}
      exact={true}
      key="1"
      path="/redirectToHome"
      title="redirect to home"
    />
    <RouteWithSubRoutes
      component={[Function]}
      exact={true}
      key="2"
      path="/overview"
      title="Overview"
    />
    <RouteWithSubRoutes
      component={[Function]}
      exact={true}
      key="3"
      path="/faq"
      title="0.0 FAQ"
    />
    <RouteWithSubRoutes
      component={[Function]}
      exact={true}
      key="4"
      path="/jungleMinds"
      title="0.1 Jungle Minds"
    />
    <RouteWithSubRoutes
      component={[Function]}
      exact={true}
      key="5"
      path="/jungleCulture"
      title="0.2 The Jungle Culture"
    />
    <RouteWithSubRoutes
      component={[Function]}
      exact={true}
      key="6"
      path="/ourPeople"
      title="0.3 Our People"
    />
    <RouteWithSubRoutes
      component={[Function]}
      exact={true}
      key="7"
      path="/howWeWork"
      title="0.4 How We Work"
    />
    <RouteWithSubRoutes
      component={[Function]}
      exact={true}
      key="8"
      path="/ourClients"
      title="0.5 Our Clients"
    />
    <RouteWithSubRoutes
      component={[Function]}
      key="9"
      path="*"
      status={404}
      title="Page Not Found"
    />
  </Switch>
</div>
`;
