// Jest Snapshot v1, https://goo.gl/fbAQLP

exports[`Routes Returns an array of paths 1`] = `
Object {
  "faq": "/faq",
  "home": "/",
  "howWeWork": "/howWeWork",
  "jungleCulture": "/jungleCulture",
  "jungleDays": "/jungleDays",
  "jungleFormula": "/jungleFormula",
  "jungleMinds": "/jungleMinds",
  "ourClients": "/ourClients",
  "ourPeople": "/ourPeople",
  "overview": "/overview",
  "ownGrowth": "/ownGrowth",
  "pageNotFound": "*",
  "redirect": "/redirectToHome",
  "tasksWeekTwo": "/tasksWeekTwo",
}
`;

exports[`Routes Returns an array of routes 1`] = `
Array [
  Object {
    "component": [Function],
    "exact": true,
    "path": "/",
    "preload": Object {
      "completeActionType": "PRELOAD_SUCCESS",
      "dispatch": Object {
        "type": "PRELOAD",
        "value": "Preload this",
      },
    },
    "title": "Homepage",
  },
  Object {
    "component": [Function],
    "exact": true,
    "path": "/redirectToHome",
    "title": "redirect to home",
  },
  Object {
    "component": [Function],
    "exact": true,
    "path": "/overview",
    "title": "Overview",
  },
  Object {
    "component": [Function],
    "exact": true,
    "path": "/faq",
    "title": "0.0 FAQ",
  },
  Object {
    "component": [Function],
    "exact": true,
    "path": "/jungleMinds",
    "title": "1 Jungle Minds",
  },
  Object {
    "component": [Function],
    "exact": true,
    "path": "/jungleCulture",
    "title": "2 The Jungle Culture",
  },
  Object {
    "component": [Function],
    "exact": true,
    "path": "/jungleFormula",
    "title": "2.1 Jungle Formula",
  },
  Object {
    "component": [Function],
    "exact": true,
    "path": "/jungleDays",
    "title": "2.2 Jungle Days",
  },
  Object {
    "component": [Function],
    "exact": true,
    "path": "/ownGrowth",
    "title": "2.3 Ontwikkeling",
  },
  Object {
    "component": [Function],
    "exact": true,
    "path": "/tasksWeekTwo",
    "title": "2.4 Opdrachten",
  },
  Object {
    "component": [Function],
    "exact": true,
    "path": "/ourPeople",
    "title": "3 Our People",
  },
  Object {
    "component": [Function],
    "exact": true,
    "path": "/howWeWork",
    "title": "4 How We Work",
  },
  Object {
    "component": [Function],
    "exact": true,
    "path": "/ourClients",
    "title": "0.5 Our Clients",
  },
  Object {
    "component": [Function],
    "path": "*",
    "status": 404,
    "title": "Page Not Found",
  },
]
`;
