// Jest Snapshot v1, https://goo.gl/fbAQLP

exports[`Routes Returns an array of paths 1`] = `
Object {
  "clients": "/clients",
  "faq": "/faq",
  "finances": "/finances",
  "future": "/future",
  "home": "/",
  "howWeWork": "/howWeWork",
  "insideTheJungle": "/insideTheJungle",
  "jungleCulture": "/jungleCulture",
  "jungleDays": "/jungleDays",
  "jungleFormula": "/jungleFormula",
  "jungleMaslow": "/jungleMaslow",
  "jungleMinds": "/jungleMinds",
  "ourClients": "/ourClients",
  "ourMethode": "/ourMethode",
  "ourPeople": "/ourPeople",
  "ourStory": "/ourStory",
  "ourTeam": "/ourTeam",
  "outsideTheJungle": "/outsideTheJungle",
  "overview": "/overview",
  "ownGrowth": "/ownGrowth",
  "pageNotFound": "*",
  "portfolio": "/portfolio",
  "redirect": "/redirectToHome",
  "tasksModuleFive": "/tasksModuleFive",
  "tasksModuleFour": "/tasksModuleFour",
  "tasksModuleOne": "/tasksModuleOne",
  "tasksModuleThree": "/tasksModuleThree",
  "tasksModuleTwo": "/tasksModuleTwo",
  "theGoToPeople": "/theGoToPeople",
  "theWallOfFame": "/theWallOfFame",
}
`;

exports[`Routes Returns an array of routes 1`] = `
Array [
  Object {
    "component": [Function],
    "exact": true,
    "path": "/",
    "preload": Object {
      "completeActionType": "PRELOAD_SUCCESS",
      "dispatch": Object {
        "type": "PRELOAD",
        "value": "Preload this",
      },
    },
    "title": "Homepage",
  },
  Object {
    "component": [Function],
    "exact": true,
    "path": "/redirectToHome",
    "title": "redirect to home",
  },
  Object {
    "component": [Function],
    "exact": true,
    "path": "/overview",
    "title": "Overview",
  },
  Object {
    "component": [Function],
    "exact": true,
    "path": "/faq",
    "title": "FAQ",
  },
  Object {
    "component": [Function],
    "exact": true,
    "path": "/jungleMinds",
    "title": "1 Jungle Minds",
  },
  Object {
    "component": [Function],
    "exact": true,
    "path": "/ourStory",
    "title": "Our Story",
  },
  Object {
    "component": [Function],
    "exact": true,
    "path": "/jungleMaslow",
    "title": "Jungle Maslow",
  },
  Object {
    "component": [Function],
    "exact": true,
    "path": "/finances",
    "title": "Finances",
  },
  Object {
    "component": [Function],
    "exact": true,
    "path": "/tasksModuleOne",
    "title": "Tasks Module One",
  },
  Object {
    "component": [Function],
    "exact": true,
    "path": "/jungleCulture",
    "title": "2 The Jungle Culture",
  },
  Object {
    "component": [Function],
    "exact": true,
    "path": "/jungleFormula",
    "title": "2.1 Jungle Formula",
  },
  Object {
    "component": [Function],
    "exact": true,
    "path": "/jungleDays",
    "title": "2.2 Jungle Days",
  },
  Object {
    "component": [Function],
    "exact": true,
    "path": "/ownGrowth",
    "title": "2.3 Ontwikkeling",
  },
  Object {
    "component": [Function],
    "exact": true,
    "path": "/tasksModuleTwo",
    "title": "2.4 Opdrachten",
  },
  Object {
    "component": [Function],
    "exact": true,
    "path": "/ourPeople",
    "title": "3 Our People",
  },
  Object {
    "component": [Function],
    "exact": true,
    "path": "/ourTeam",
    "title": "3.1 Onze Team",
  },
  Object {
    "component": [Function],
    "exact": true,
    "path": "/theWallOfFame",
    "title": "3.2 The Wall Of Fame",
  },
  Object {
    "component": [Function],
    "exact": true,
    "path": "/theGoToPeople",
    "title": "3.3 The Go To People",
  },
  Object {
    "component": [Function],
    "exact": true,
    "path": "/tasksModuleThree",
    "title": "3.4 Opdrachten",
  },
  Object {
    "component": [Function],
    "exact": true,
    "path": "/howWeWork",
    "title": "4 How We Work",
  },
  Object {
    "component": [Function],
    "exact": true,
    "path": "/ourMethode",
    "title": "4.1 Onze Methode",
  },
  Object {
    "component": [Function],
    "exact": true,
    "path": "/insideTheJungle",
    "title": "4.2 Binnen ons Jungle",
  },
  Object {
    "component": [Function],
    "exact": true,
    "path": "/outsideTheJungle",
    "title": "4.3 Buiten de Jungle",
  },
  Object {
    "component": [Function],
    "exact": true,
    "path": "/tasksModuleFour",
    "title": "4.4 Opdrachten",
  },
  Object {
    "component": [Function],
    "exact": true,
    "path": "/ourClients",
    "title": "Our Clients",
  },
  Object {
    "component": [Function],
    "exact": true,
    "path": "/clients",
    "title": "5.1 Klanten",
  },
  Object {
    "component": [Function],
    "exact": true,
    "path": "/portfolio",
    "title": "5.2 Portfolio",
  },
  Object {
    "component": [Function],
    "exact": true,
    "path": "/future",
    "title": "5.3 Toekomst",
  },
  Object {
    "component": [Function],
    "exact": true,
    "path": "/tasksModuleFive",
    "title": "5.4 Opdrachten",
  },
  Object {
    "component": [Function],
    "path": "*",
    "status": 404,
    "title": "Page Not Found",
  },
]
`;
